[0.626s] [34mcolcon[0m [1;30mDEBUG[0m [32mCommand line arguments: ['/usr/bin/colcon', 'build'][0m
[0.627s] [34mcolcon[0m [1;30mDEBUG[0m [32mParsed command line arguments: Namespace(log_base=None, log_level=None, verb_name='build', build_base='build', install_base='install', merge_install=False, symlink_install=False, test_result_base=None, continue_on_error=False, executor='parallel', parallel_workers=8, event_handlers=None, ignore_user_meta=False, metas=['./colcon.meta'], base_paths=['.'], packages_ignore=None, packages_ignore_regex=None, paths=None, packages_up_to=None, packages_up_to_regex=None, packages_above=None, packages_above_and_dependencies=None, packages_above_depth=None, packages_select_by_dep=None, packages_skip_by_dep=None, packages_skip_up_to=None, packages_select_build_failed=False, packages_skip_build_finished=False, packages_select_test_failures=False, packages_skip_test_passed=False, packages_select=None, packages_skip=None, packages_select_regex=None, packages_skip_regex=None, packages_start=None, packages_end=None, allow_overriding=[], cmake_args=None, cmake_target=None, cmake_target_skip_unavailable=False, cmake_clean_cache=False, cmake_clean_first=False, cmake_force_configure=False, ament_cmake_args=None, catkin_cmake_args=None, catkin_skip_building_tests=False, verb_parser=<colcon_defaults.argument_parser.defaults.DefaultArgumentsDecorator object at 0xffffa5add0f0>, verb_extension=<colcon_core.verb.build.BuildVerb object at 0xffffa5adcc70>, main=<bound method BuildVerb.main of <colcon_core.verb.build.BuildVerb object at 0xffffa5adcc70>>)[0m
[0.865s] [34mcolcon.colcon_core.package_discovery[0m [1;30mLevel 1[0m discover_packages(colcon_meta) check parameters
[0.866s] [34mcolcon.colcon_core.package_discovery[0m [1;30mLevel 1[0m discover_packages(recursive) check parameters
[0.866s] [34mcolcon.colcon_core.package_discovery[0m [1;30mLevel 1[0m discover_packages(ignore) check parameters
[0.866s] [34mcolcon.colcon_core.package_discovery[0m [1;30mLevel 1[0m discover_packages(path) check parameters
[0.866s] [34mcolcon.colcon_core.package_discovery[0m [1;30mLevel 1[0m discover_packages(colcon_meta) discover
[0.867s] [34mcolcon.colcon_core.package_discovery[0m [1;30mLevel 1[0m discover_packages(recursive) discover
[0.867s] [34mcolcon.colcon_core.package_discovery[0m [1;30mINFO[0m Crawling recursively for packages in '/home/sunrise/Desktop/ros2_simreal_ws/src/LPMS-SI2_imu/ros_ws'
[0.868s] [34mcolcon.colcon_core.package_identification[0m [1;30mLevel 1[0m _identify(.) by extensions ['ignore', 'ignore_ament_install']
[0.868s] [34mcolcon.colcon_core.package_identification[0m [1;30mLevel 1[0m _identify(.) by extension 'ignore'
[0.868s] [34mcolcon.colcon_core.package_identification[0m [1;30mLevel 1[0m _identify(.) by extension 'ignore_ament_install'
[0.869s] [34mcolcon.colcon_core.package_identification[0m [1;30mLevel 1[0m _identify(.) by extensions ['colcon_pkg']
[0.869s] [34mcolcon.colcon_core.package_identification[0m [1;30mLevel 1[0m _identify(.) by extension 'colcon_pkg'
[0.869s] [34mcolcon.colcon_core.package_identification[0m [1;30mLevel 1[0m _identify(.) by extensions ['colcon_meta']
[0.870s] [34mcolcon.colcon_core.package_identification[0m [1;30mLevel 1[0m _identify(.) by extension 'colcon_meta'
[0.870s] [34mcolcon.colcon_core.package_identification[0m [1;30mLevel 1[0m _identify(.) by extensions ['ros']
[0.870s] [34mcolcon.colcon_core.package_identification[0m [1;30mLevel 1[0m _identify(.) by extension 'ros'
[0.959s] [34mcolcon.colcon_core.package_identification[0m [1;30mLevel 1[0m _identify(.) by extensions ['cmake', 'python']
[0.959s] [34mcolcon.colcon_core.package_identification[0m [1;30mLevel 1[0m _identify(.) by extension 'cmake'
[0.960s] [34mcolcon.colcon_core.package_identification[0m [1;30mLevel 1[0m _identify(.) by extension 'python'
[0.960s] [34mcolcon.colcon_core.package_identification[0m [1;30mLevel 1[0m _identify(.) by extensions ['python_setup_py']
[0.960s] [34mcolcon.colcon_core.package_identification[0m [1;30mLevel 1[0m _identify(.) by extension 'python_setup_py'
[0.961s] [34mcolcon.colcon_core.package_identification[0m [1;30mLevel 1[0m _identify(build) by extensions ['ignore', 'ignore_ament_install']
[0.962s] [34mcolcon.colcon_core.package_identification[0m [1;30mLevel 1[0m _identify(build) by extension 'ignore'
[0.962s] [34mcolcon.colcon_core.package_identification[0m [1;30mLevel 1[0m _identify(build) ignored
[0.963s] [34mcolcon.colcon_core.package_identification[0m [1;30mLevel 1[0m _identify(install) by extensions ['ignore', 'ignore_ament_install']
[0.963s] [34mcolcon.colcon_core.package_identification[0m [1;30mLevel 1[0m _identify(install) by extension 'ignore'
[0.963s] [34mcolcon.colcon_core.package_identification[0m [1;30mLevel 1[0m _identify(install) ignored
[0.964s] [34mcolcon.colcon_core.package_identification[0m [1;30mLevel 1[0m _identify(log) by extensions ['ignore', 'ignore_ament_install']
[0.964s] [34mcolcon.colcon_core.package_identification[0m [1;30mLevel 1[0m _identify(log) by extension 'ignore'
[0.964s] [34mcolcon.colcon_core.package_identification[0m [1;30mLevel 1[0m _identify(log) ignored
[0.965s] [34mcolcon.colcon_core.package_identification[0m [1;30mLevel 1[0m _identify(src) by extensions ['ignore', 'ignore_ament_install']
[0.965s] [34mcolcon.colcon_core.package_identification[0m [1;30mLevel 1[0m _identify(src) by extension 'ignore'
[0.966s] [34mcolcon.colcon_core.package_identification[0m [1;30mLevel 1[0m _identify(src) by extension 'ignore_ament_install'
[0.966s] [34mcolcon.colcon_core.package_identification[0m [1;30mLevel 1[0m _identify(src) by extensions ['colcon_pkg']
[0.966s] [34mcolcon.colcon_core.package_identification[0m [1;30mLevel 1[0m _identify(src) by extension 'colcon_pkg'
[0.966s] [34mcolcon.colcon_core.package_identification[0m [1;30mLevel 1[0m _identify(src) by extensions ['colcon_meta']
[0.967s] [34mcolcon.colcon_core.package_identification[0m [1;30mLevel 1[0m _identify(src) by extension 'colcon_meta'
[0.967s] [34mcolcon.colcon_core.package_identification[0m [1;30mLevel 1[0m _identify(src) by extensions ['ros']
[0.967s] [34mcolcon.colcon_core.package_identification[0m [1;30mLevel 1[0m _identify(src) by extension 'ros'
[0.968s] [34mcolcon.colcon_core.package_identification[0m [1;30mLevel 1[0m _identify(src) by extensions ['cmake', 'python']
[0.968s] [34mcolcon.colcon_core.package_identification[0m [1;30mLevel 1[0m _identify(src) by extension 'cmake'
[0.968s] [34mcolcon.colcon_core.package_identification[0m [1;30mLevel 1[0m _identify(src) by extension 'python'
[0.968s] [34mcolcon.colcon_core.package_identification[0m [1;30mLevel 1[0m _identify(src) by extensions ['python_setup_py']
[0.969s] [34mcolcon.colcon_core.package_identification[0m [1;30mLevel 1[0m _identify(src) by extension 'python_setup_py'
[0.969s] [34mcolcon.colcon_core.package_identification[0m [1;30mLevel 1[0m _identify(src/lpms_ig1_ros2_example) by extensions ['ignore', 'ignore_ament_install']
[0.970s] [34mcolcon.colcon_core.package_identification[0m [1;30mLevel 1[0m _identify(src/lpms_ig1_ros2_example) by extension 'ignore'
[0.970s] [34mcolcon.colcon_core.package_identification[0m [1;30mLevel 1[0m _identify(src/lpms_ig1_ros2_example) by extension 'ignore_ament_install'
[0.970s] [34mcolcon.colcon_core.package_identification[0m [1;30mLevel 1[0m _identify(src/lpms_ig1_ros2_example) by extensions ['colcon_pkg']
[0.971s] [34mcolcon.colcon_core.package_identification[0m [1;30mLevel 1[0m _identify(src/lpms_ig1_ros2_example) by extension 'colcon_pkg'
[0.971s] [34mcolcon.colcon_core.package_identification[0m [1;30mLevel 1[0m _identify(src/lpms_ig1_ros2_example) by extensions ['colcon_meta']
[0.971s] [34mcolcon.colcon_core.package_identification[0m [1;30mLevel 1[0m _identify(src/lpms_ig1_ros2_example) by extension 'colcon_meta'
[0.972s] [34mcolcon.colcon_core.package_identification[0m [1;30mLevel 1[0m _identify(src/lpms_ig1_ros2_example) by extensions ['ros']
[0.972s] [34mcolcon.colcon_core.package_identification[0m [1;30mLevel 1[0m _identify(src/lpms_ig1_ros2_example) by extension 'ros'
[0.984s] [34mcolcon.colcon_core.package_identification[0m [1;30mDEBUG[0m [32mPackage 'src/lpms_ig1_ros2_example' with type 'ros.ament_cmake' and name 'lpms_ig1'[0m
[0.984s] [34mcolcon.colcon_core.package_discovery[0m [1;30mLevel 1[0m discover_packages(recursive) using defaults
[0.985s] [34mcolcon.colcon_core.package_discovery[0m [1;30mLevel 1[0m discover_packages(ignore) discover
[0.985s] [34mcolcon.colcon_core.package_discovery[0m [1;30mLevel 1[0m discover_packages(ignore) using defaults
[0.985s] [34mcolcon.colcon_core.package_discovery[0m [1;30mLevel 1[0m discover_packages(path) discover
[0.985s] [34mcolcon.colcon_core.package_discovery[0m [1;30mLevel 1[0m discover_packages(path) using defaults
[1.079s] [34mcolcon.colcon_core.package_discovery[0m [1;30mLevel 1[0m discover_packages(prefix_path) check parameters
[1.080s] [34mcolcon.colcon_core.package_discovery[0m [1;30mLevel 1[0m discover_packages(prefix_path) discover
[1.089s] [34mcolcon.colcon_installed_package_information.package_discovery[0m [1;30mDEBUG[0m [32mFound 1 installed packages in /home/sunrise/Desktop/ros2_simreal_ws/install[0m
[1.094s] [34mcolcon.colcon_installed_package_information.package_discovery[0m [1;30mDEBUG[0m [32mFound 183 installed packages in /opt/ros/humble[0m
[1.102s] [34mcolcon.colcon_core.package_discovery[0m [1;30mLevel 1[0m discover_packages(prefix_path) using defaults
[1.269s] [34mcolcon.colcon_core.verb[0m [1;30mLevel 5[0m set package 'lpms_ig1' build argument 'cmake_args' from command line to 'None'
[1.270s] [34mcolcon.colcon_core.verb[0m [1;30mLevel 5[0m set package 'lpms_ig1' build argument 'cmake_target' from command line to 'None'
[1.270s] [34mcolcon.colcon_core.verb[0m [1;30mLevel 5[0m set package 'lpms_ig1' build argument 'cmake_target_skip_unavailable' from command line to 'False'
[1.270s] [34mcolcon.colcon_core.verb[0m [1;30mLevel 5[0m set package 'lpms_ig1' build argument 'cmake_clean_cache' from command line to 'False'
[1.270s] [34mcolcon.colcon_core.verb[0m [1;30mLevel 5[0m set package 'lpms_ig1' build argument 'cmake_clean_first' from command line to 'False'
[1.271s] [34mcolcon.colcon_core.verb[0m [1;30mLevel 5[0m set package 'lpms_ig1' build argument 'cmake_force_configure' from command line to 'False'
[1.271s] [34mcolcon.colcon_core.verb[0m [1;30mLevel 5[0m set package 'lpms_ig1' build argument 'ament_cmake_args' from command line to 'None'
[1.271s] [34mcolcon.colcon_core.verb[0m [1;30mLevel 5[0m set package 'lpms_ig1' build argument 'catkin_cmake_args' from command line to 'None'
[1.271s] [34mcolcon.colcon_core.verb[0m [1;30mLevel 5[0m set package 'lpms_ig1' build argument 'catkin_skip_building_tests' from command line to 'False'
[1.271s] [34mcolcon.colcon_core.verb[0m [1;30mDEBUG[0m [32mBuilding package 'lpms_ig1' with the following arguments: {'ament_cmake_args': None, 'build_base': '/home/sunrise/Desktop/ros2_simreal_ws/src/LPMS-SI2_imu/ros_ws/build/lpms_ig1', 'catkin_cmake_args': None, 'catkin_skip_building_tests': False, 'cmake_args': None, 'cmake_clean_cache': False, 'cmake_clean_first': False, 'cmake_force_configure': False, 'cmake_target': None, 'cmake_target_skip_unavailable': False, 'install_base': '/home/sunrise/Desktop/ros2_simreal_ws/src/LPMS-SI2_imu/ros_ws/install/lpms_ig1', 'merge_install': False, 'path': '/home/sunrise/Desktop/ros2_simreal_ws/src/LPMS-SI2_imu/ros_ws/src/lpms_ig1_ros2_example', 'symlink_install': False, 'test_result_base': None}[0m
[1.272s] [34mcolcon.colcon_core.executor[0m [1;30mINFO[0m Executing jobs using 'parallel' executor
[1.277s] [34mcolcon.colcon_parallel_executor.executor.parallel[0m [1;30mDEBUG[0m [32mrun_until_complete[0m
[1.278s] [34mcolcon.colcon_ros.task.ament_cmake.build[0m [1;30mINFO[0m Building ROS package in '/home/sunrise/Desktop/ros2_simreal_ws/src/LPMS-SI2_imu/ros_ws/src/lpms_ig1_ros2_example' with build type 'ament_cmake'
[1.279s] [34mcolcon.colcon_cmake.task.cmake.build[0m [1;30mINFO[0m Building CMake package in '/home/sunrise/Desktop/ros2_simreal_ws/src/LPMS-SI2_imu/ros_ws/src/lpms_ig1_ros2_example'
[1.289s] [34mcolcon.colcon_core.plugin_system[0m [1;30mINFO[0m Skipping extension 'colcon_core.shell.bat': Not used on non-Windows systems
[1.290s] [34mcolcon.colcon_core.shell[0m [1;30mINFO[0m Skip shell extension 'powershell' for command environment: Not usable outside of PowerShell
[1.291s] [34mcolcon.colcon_core.shell[0m [1;30mDEBUG[0m [32mSkip shell extension 'dsv' for command environment[0m
[1.327s] [34mcolcon.colcon_core.event_handler.log_command[0m [1;30mDEBUG[0m [32mInvoking command in '/home/sunrise/Desktop/ros2_simreal_ws/src/LPMS-SI2_imu/ros_ws/build/lpms_ig1': CMAKE_PREFIX_PATH=/home/sunrise/Desktop/ros2_simreal_ws/install/sim2real:/opt/ros/humble /usr/bin/cmake --build /home/sunrise/Desktop/ros2_simreal_ws/src/LPMS-SI2_imu/ros_ws/build/lpms_ig1 -- -j8 -l8[0m
[61.975s] [34mcolcon.colcon_core.event_handler.log_command[0m [1;30mDEBUG[0m [32mInvoked command in '/home/sunrise/Desktop/ros2_simreal_ws/src/LPMS-SI2_imu/ros_ws/build/lpms_ig1' returned '0': CMAKE_PREFIX_PATH=/home/sunrise/Desktop/ros2_simreal_ws/install/sim2real:/opt/ros/humble /usr/bin/cmake --build /home/sunrise/Desktop/ros2_simreal_ws/src/LPMS-SI2_imu/ros_ws/build/lpms_ig1 -- -j8 -l8[0m
[62.051s] [34mcolcon.colcon_core.event_handler.log_command[0m [1;30mDEBUG[0m [32mInvoking command in '/home/sunrise/Desktop/ros2_simreal_ws/src/LPMS-SI2_imu/ros_ws/build/lpms_ig1': CMAKE_PREFIX_PATH=/home/sunrise/Desktop/ros2_simreal_ws/install/sim2real:/opt/ros/humble /usr/bin/cmake --install /home/sunrise/Desktop/ros2_simreal_ws/src/LPMS-SI2_imu/ros_ws/build/lpms_ig1[0m
[62.223s] [34mcolcon.colcon_core.environment[0m [1;30mLevel 1[0m create_environment_scripts_only(lpms_ig1)
[62.226s] [34mcolcon.colcon_core.event_handler.log_command[0m [1;30mDEBUG[0m [32mInvoked command in '/home/sunrise/Desktop/ros2_simreal_ws/src/LPMS-SI2_imu/ros_ws/build/lpms_ig1' returned '0': CMAKE_PREFIX_PATH=/home/sunrise/Desktop/ros2_simreal_ws/install/sim2real:/opt/ros/humble /usr/bin/cmake --install /home/sunrise/Desktop/ros2_simreal_ws/src/LPMS-SI2_imu/ros_ws/build/lpms_ig1[0m
[62.267s] [34mcolcon.colcon_core.environment[0m [1;30mLevel 1[0m checking '/home/sunrise/Desktop/ros2_simreal_ws/src/LPMS-SI2_imu/ros_ws/install/lpms_ig1' for CMake module files
[62.277s] [34mcolcon.colcon_core.environment[0m [1;30mLevel 1[0m checking '/home/sunrise/Desktop/ros2_simreal_ws/src/LPMS-SI2_imu/ros_ws/install/lpms_ig1' for CMake config files
[62.279s] [34mcolcon.colcon_core.shell[0m [1;30mLevel 1[0m create_environment_hook('lpms_ig1', 'cmake_prefix_path')
[62.281s] [34mcolcon.colcon_core.shell[0m [1;30mINFO[0m Creating environment hook '/home/sunrise/Desktop/ros2_simreal_ws/src/LPMS-SI2_imu/ros_ws/install/lpms_ig1/share/lpms_ig1/hook/cmake_prefix_path.ps1'
[62.288s] [34mcolcon.colcon_core.shell[0m [1;30mINFO[0m Creating environment descriptor '/home/sunrise/Desktop/ros2_simreal_ws/src/LPMS-SI2_imu/ros_ws/install/lpms_ig1/share/lpms_ig1/hook/cmake_prefix_path.dsv'
[62.293s] [34mcolcon.colcon_core.shell[0m [1;30mINFO[0m Creating environment hook '/home/sunrise/Desktop/ros2_simreal_ws/src/LPMS-SI2_imu/ros_ws/install/lpms_ig1/share/lpms_ig1/hook/cmake_prefix_path.sh'
[62.299s] [34mcolcon.colcon_core.environment[0m [1;30mLevel 1[0m checking '/home/sunrise/Desktop/ros2_simreal_ws/src/LPMS-SI2_imu/ros_ws/install/lpms_ig1/lib'
[62.301s] [34mcolcon.colcon_core.environment[0m [1;30mLevel 1[0m checking '/home/sunrise/Desktop/ros2_simreal_ws/src/LPMS-SI2_imu/ros_ws/install/lpms_ig1/bin'
[62.301s] [34mcolcon.colcon_core.environment[0m [1;30mLevel 1[0m checking '/home/sunrise/Desktop/ros2_simreal_ws/src/LPMS-SI2_imu/ros_ws/install/lpms_ig1/lib/pkgconfig/lpms_ig1.pc'
[62.303s] [34mcolcon.colcon_core.environment[0m [1;30mLevel 1[0m checking '/home/sunrise/Desktop/ros2_simreal_ws/src/LPMS-SI2_imu/ros_ws/install/lpms_ig1/lib/python3.10/site-packages'
[62.306s] [34mcolcon.colcon_core.environment[0m [1;30mLevel 1[0m checking '/home/sunrise/Desktop/ros2_simreal_ws/src/LPMS-SI2_imu/ros_ws/install/lpms_ig1/bin'
[62.308s] [34mcolcon.colcon_core.shell[0m [1;30mINFO[0m Creating package script '/home/sunrise/Desktop/ros2_simreal_ws/src/LPMS-SI2_imu/ros_ws/install/lpms_ig1/share/lpms_ig1/package.ps1'
[62.317s] [34mcolcon.colcon_core.shell[0m [1;30mINFO[0m Creating package descriptor '/home/sunrise/Desktop/ros2_simreal_ws/src/LPMS-SI2_imu/ros_ws/install/lpms_ig1/share/lpms_ig1/package.dsv'
[62.322s] [34mcolcon.colcon_core.shell[0m [1;30mINFO[0m Creating package script '/home/sunrise/Desktop/ros2_simreal_ws/src/LPMS-SI2_imu/ros_ws/install/lpms_ig1/share/lpms_ig1/package.sh'
[62.333s] [34mcolcon.colcon_core.shell[0m [1;30mINFO[0m Creating package script '/home/sunrise/Desktop/ros2_simreal_ws/src/LPMS-SI2_imu/ros_ws/install/lpms_ig1/share/lpms_ig1/package.bash'
[62.340s] [34mcolcon.colcon_core.shell[0m [1;30mINFO[0m Creating package script '/home/sunrise/Desktop/ros2_simreal_ws/src/LPMS-SI2_imu/ros_ws/install/lpms_ig1/share/lpms_ig1/package.zsh'
[62.347s] [34mcolcon.colcon_core.environment[0m [1;30mLevel 1[0m create_file_with_runtime_dependencies(/home/sunrise/Desktop/ros2_simreal_ws/src/LPMS-SI2_imu/ros_ws/install/lpms_ig1/share/colcon-core/packages/lpms_ig1)
[62.352s] [34mcolcon.colcon_core.environment[0m [1;30mLevel 1[0m create_environment_scripts_only(lpms_ig1)
[62.354s] [34mcolcon.colcon_core.environment[0m [1;30mLevel 1[0m checking '/home/sunrise/Desktop/ros2_simreal_ws/src/LPMS-SI2_imu/ros_ws/install/lpms_ig1' for CMake module files
[62.358s] [34mcolcon.colcon_core.environment[0m [1;30mLevel 1[0m checking '/home/sunrise/Desktop/ros2_simreal_ws/src/LPMS-SI2_imu/ros_ws/install/lpms_ig1' for CMake config files
[62.359s] [34mcolcon.colcon_core.shell[0m [1;30mLevel 1[0m create_environment_hook('lpms_ig1', 'cmake_prefix_path')
[62.361s] [34mcolcon.colcon_core.shell[0m [1;30mINFO[0m Creating environment hook '/home/sunrise/Desktop/ros2_simreal_ws/src/LPMS-SI2_imu/ros_ws/install/lpms_ig1/share/lpms_ig1/hook/cmake_prefix_path.ps1'
[62.363s] [34mcolcon.colcon_core.shell[0m [1;30mINFO[0m Creating environment descriptor '/home/sunrise/Desktop/ros2_simreal_ws/src/LPMS-SI2_imu/ros_ws/install/lpms_ig1/share/lpms_ig1/hook/cmake_prefix_path.dsv'
[62.366s] [34mcolcon.colcon_core.shell[0m [1;30mINFO[0m Creating environment hook '/home/sunrise/Desktop/ros2_simreal_ws/src/LPMS-SI2_imu/ros_ws/install/lpms_ig1/share/lpms_ig1/hook/cmake_prefix_path.sh'
[62.369s] [34mcolcon.colcon_core.environment[0m [1;30mLevel 1[0m checking '/home/sunrise/Desktop/ros2_simreal_ws/src/LPMS-SI2_imu/ros_ws/install/lpms_ig1/lib'
[62.370s] [34mcolcon.colcon_core.environment[0m [1;30mLevel 1[0m checking '/home/sunrise/Desktop/ros2_simreal_ws/src/LPMS-SI2_imu/ros_ws/install/lpms_ig1/bin'
[62.370s] [34mcolcon.colcon_core.environment[0m [1;30mLevel 1[0m checking '/home/sunrise/Desktop/ros2_simreal_ws/src/LPMS-SI2_imu/ros_ws/install/lpms_ig1/lib/pkgconfig/lpms_ig1.pc'
[62.372s] [34mcolcon.colcon_core.environment[0m [1;30mLevel 1[0m checking '/home/sunrise/Desktop/ros2_simreal_ws/src/LPMS-SI2_imu/ros_ws/install/lpms_ig1/lib/python3.10/site-packages'
[62.374s] [34mcolcon.colcon_core.environment[0m [1;30mLevel 1[0m checking '/home/sunrise/Desktop/ros2_simreal_ws/src/LPMS-SI2_imu/ros_ws/install/lpms_ig1/bin'
[62.376s] [34mcolcon.colcon_core.shell[0m [1;30mINFO[0m Creating package script '/home/sunrise/Desktop/ros2_simreal_ws/src/LPMS-SI2_imu/ros_ws/install/lpms_ig1/share/lpms_ig1/package.ps1'
[62.380s] [34mcolcon.colcon_core.shell[0m [1;30mINFO[0m Creating package descriptor '/home/sunrise/Desktop/ros2_simreal_ws/src/LPMS-SI2_imu/ros_ws/install/lpms_ig1/share/lpms_ig1/package.dsv'
[62.383s] [34mcolcon.colcon_core.shell[0m [1;30mINFO[0m Creating package script '/home/sunrise/Desktop/ros2_simreal_ws/src/LPMS-SI2_imu/ros_ws/install/lpms_ig1/share/lpms_ig1/package.sh'
[62.386s] [34mcolcon.colcon_core.shell[0m [1;30mINFO[0m Creating package script '/home/sunrise/Desktop/ros2_simreal_ws/src/LPMS-SI2_imu/ros_ws/install/lpms_ig1/share/lpms_ig1/package.bash'
[62.389s] [34mcolcon.colcon_core.shell[0m [1;30mINFO[0m Creating package script '/home/sunrise/Desktop/ros2_simreal_ws/src/LPMS-SI2_imu/ros_ws/install/lpms_ig1/share/lpms_ig1/package.zsh'
[62.392s] [34mcolcon.colcon_core.environment[0m [1;30mLevel 1[0m create_file_with_runtime_dependencies(/home/sunrise/Desktop/ros2_simreal_ws/src/LPMS-SI2_imu/ros_ws/install/lpms_ig1/share/colcon-core/packages/lpms_ig1)
[62.393s] [34mcolcon.colcon_parallel_executor.executor.parallel[0m [1;30mDEBUG[0m [32mclosing loop[0m
[62.394s] [34mcolcon.colcon_parallel_executor.executor.parallel[0m [1;30mDEBUG[0m [32mloop closed[0m
[62.395s] [34mcolcon.colcon_parallel_executor.executor.parallel[0m [1;30mDEBUG[0m [32mrun_until_complete finished with '0'[0m
[62.395s] [34mcolcon.colcon_core.event_reactor[0m [1;30mDEBUG[0m [32mjoining thread[0m
[62.404s] [34mcolcon.colcon_core.event_reactor[0m [1;30mDEBUG[0m [32mjoined thread[0m
[62.406s] [34mcolcon.colcon_core.shell[0m [1;30mINFO[0m Creating prefix script '/home/sunrise/Desktop/ros2_simreal_ws/src/LPMS-SI2_imu/ros_ws/install/local_setup.ps1'
[62.422s] [34mcolcon.colcon_core.shell[0m [1;30mINFO[0m Creating prefix util module '/home/sunrise/Desktop/ros2_simreal_ws/src/LPMS-SI2_imu/ros_ws/install/_local_setup_util_ps1.py'
[62.433s] [34mcolcon.colcon_core.shell[0m [1;30mINFO[0m Creating prefix chain script '/home/sunrise/Desktop/ros2_simreal_ws/src/LPMS-SI2_imu/ros_ws/install/setup.ps1'
[62.442s] [34mcolcon.colcon_core.shell[0m [1;30mINFO[0m Creating prefix script '/home/sunrise/Desktop/ros2_simreal_ws/src/LPMS-SI2_imu/ros_ws/install/local_setup.sh'
[62.449s] [34mcolcon.colcon_core.shell[0m [1;30mINFO[0m Creating prefix util module '/home/sunrise/Desktop/ros2_simreal_ws/src/LPMS-SI2_imu/ros_ws/install/_local_setup_util_sh.py'
[62.454s] [34mcolcon.colcon_core.shell[0m [1;30mINFO[0m Creating prefix chain script '/home/sunrise/Desktop/ros2_simreal_ws/src/LPMS-SI2_imu/ros_ws/install/setup.sh'
[62.465s] [34mcolcon.colcon_core.shell[0m [1;30mINFO[0m Creating prefix script '/home/sunrise/Desktop/ros2_simreal_ws/src/LPMS-SI2_imu/ros_ws/install/local_setup.bash'
[62.469s] [34mcolcon.colcon_core.shell[0m [1;30mINFO[0m Creating prefix chain script '/home/sunrise/Desktop/ros2_simreal_ws/src/LPMS-SI2_imu/ros_ws/install/setup.bash'
[62.475s] [34mcolcon.colcon_core.shell[0m [1;30mINFO[0m Creating prefix script '/home/sunrise/Desktop/ros2_simreal_ws/src/LPMS-SI2_imu/ros_ws/install/local_setup.zsh'
[62.480s] [34mcolcon.colcon_core.shell[0m [1;30mINFO[0m Creating prefix chain script '/home/sunrise/Desktop/ros2_simreal_ws/src/LPMS-SI2_imu/ros_ws/install/setup.zsh'
