gmake[2]: Warning: File '/opt/ros/humble/lib/rosidl_generator_c/rosidl_generator_c' has modification time 806007045 s in the future
gmake[2]: Warning: File '/opt/ros/humble/lib/rosidl_generator_cpp/rosidl_generator_cpp' has modification time 806007052 s in the future
gmake[2]: warning:  Clock skew detected.  Your build may be incomplete.
gmake[2]: Warning: File '/opt/ros/humble/lib/rosidl_typesupport_cpp/rosidl_typesupport_cpp' has modification time 785872095 s in the future
gmake[2]: Warning: File '/opt/ros/humble/lib/rosidl_typesupport_fastrtps_cpp/rosidl_typesupport_fastrtps_cpp' has modification time 753228258 s in the future
gmake[2]: Warning: File '/opt/ros/humble/lib/rosidl_typesupport_introspection_cpp/rosidl_typesupport_introspection_cpp' has modification time 806007045 s in the future
gmake[2]: warning:  Clock skew detected.  Your build may be incomplete.
gmake[2]: Warning: File '/opt/ros/humble/lib/rosidl_generator_c/rosidl_generator_c' has modification time 806007042 s in the future
gmake[2]: warning:  Clock skew detected.  Your build may be incomplete.
gmake[2]: Warning: File '/opt/ros/humble/lib/rosidl_typesupport_cpp/rosidl_typesupport_cpp' has modification time 785872093 s in the future
gmake[2]: warning:  Clock skew detected.  Your build may be incomplete.
gmake[2]: Warning: File '/opt/ros/humble/lib/rosidl_typesupport_introspection_cpp/rosidl_typesupport_introspection_cpp' has modification time 806007043 s in the future
gmake[2]: warning:  Clock skew detected.  Your build may be incomplete.
gmake[2]: Warning: File '/opt/ros/humble/lib/rosidl_typesupport_fastrtps_cpp/rosidl_typesupport_fastrtps_cpp' has modification time 753228256 s in the future
gmake[2]: warning:  Clock skew detected.  Your build may be incomplete.
gmake[2]: Warning: File '/opt/ros/humble/lib/rosidl_typesupport_fastrtps_c/rosidl_typesupport_fastrtps_c' has modification time 753228253 s in the future
gmake[2]: Warning: File '/opt/ros/humble/lib/rosidl_typesupport_introspection_c/rosidl_typesupport_introspection_c' has modification time 806007043 s in the future
gmake[2]: Warning: File '/opt/ros/humble/lib/rosidl_typesupport_c/rosidl_typesupport_c' has modification time 785872092 s in the future
gmake[2]: warning:  Clock skew detected.  Your build may be incomplete.
gmake[2]: Warning: File '/opt/ros/humble/lib/rosidl_typesupport_c/rosidl_typesupport_c' has modification time 785872089 s in the future
gmake[2]: warning:  Clock skew detected.  Your build may be incomplete.
gmake[2]: Warning: File '/opt/ros/humble/lib/rosidl_typesupport_introspection_c/rosidl_typesupport_introspection_c' has modification time 806007040 s in the future
gmake[2]: warning:  Clock skew detected.  Your build may be incomplete.
gmake[2]: Warning: File '/opt/ros/humble/lib/rosidl_typesupport_fastrtps_c/rosidl_typesupport_fastrtps_c' has modification time 753228250 s in the future
gmake[2]: warning:  Clock skew detected.  Your build may be incomplete.
gmake[2]: warning:  Clock skew detected.  Your build may be incomplete.
gmake[2]: warning:  Clock skew detected.  Your build may be incomplete.
gmake[2]: warning:  Clock skew detected.  Your build may be incomplete.
gmake[2]: warning:  Clock skew detected.  Your build may be incomplete.
gmake[2]: warning:  Clock skew detected.  Your build may be incomplete.
gmake[2]: Warning: File '/home/sunrise/Desktop/ros2_simreal_ws/src/drive_motor/motor/src/motor_interfaces/msg/MotorState.msg' has modification time 835262251 s in the future
gmake[2]: warning:  Clock skew detected.  Your build may be incomplete.
gmake[2]: Warning: File '/opt/ros/humble/lib/rosidl_generator_py/rosidl_generator_py' has modification time 806007219 s in the future
gmake[2]: warning:  Clock skew detected.  Your build may be incomplete.
gmake[2]: Warning: File '/usr/lib/aarch64-linux-gnu/libpython3.10.so' has modification time 801680934 s in the future
gmake[2]: warning:  Clock skew detected.  Your build may be incomplete.
gmake[2]: Warning: File '/usr/lib/aarch64-linux-gnu/libpython3.10.so' has modification time 801680933 s in the future
gmake[2]: Warning: File '/usr/lib/aarch64-linux-gnu/libpython3.10.so' has modification time 801680933 s in the future
gmake[2]: Warning: File '/usr/lib/aarch64-linux-gnu/libpython3.10.so' has modification time 801680933 s in the future
gmake[2]: warning:  Clock skew detected.  Your build may be incomplete.
gmake[2]: warning:  Clock skew detected.  Your build may be incomplete.
gmake[2]: warning:  Clock skew detected.  Your build may be incomplete.
