-- The C compiler identification is GNU 11.2.0
-- The CXX compiler identification is GNU 11.2.0
-- Detecting C compiler ABI info
-- Detecting C compiler ABI info - done
-- Check for working C compiler: /usr/bin/cc - skipped
-- Detecting C compile features
-- Detecting C compile features - done
-- Detecting CXX compiler ABI info
-- Detecting CXX compiler ABI info - done
-- Check for working CXX compiler: /usr/bin/c++ - skipped
-- Detecting CXX compile features
-- Detecting CXX compile features - done
-- Found ament_cmake: 1.3.12 (/opt/ros/humble/share/ament_cmake/cmake)
-- Found Python3: /usr/bin/python3 (found version "3.10.12") found components: Interpreter 
-- Found rosidl_default_generators: 1.2.0 (/opt/ros/humble/share/rosidl_default_generators/cmake)
-- Using all available rosidl_typesupport_c: rosidl_typesupport_fastrtps_c;rosidl_typesupport_introspection_c
-- Found rosidl_adapter: 3.1.7 (/opt/ros/humble/share/rosidl_adapter/cmake)
-- Using all available rosidl_typesupport_cpp: rosidl_typesupport_fastrtps_cpp;rosidl_typesupport_introspection_cpp
-- Found ament_cmake_ros: 0.10.0 (/opt/ros/humble/share/ament_cmake_ros/cmake)
-- Using all available rosidl_typesupport_c: rosidl_typesupport_fastrtps_c;rosidl_typesupport_introspection_c
-- Using all available rosidl_typesupport_cpp: rosidl_typesupport_fastrtps_cpp;rosidl_typesupport_introspection_cpp
-- Found PythonInterp: /usr/bin/python3 (found suitable version "3.10.12", minimum required is "3.6") 
-- Found python_cmake_module: 0.10.0 (/opt/ros/humble/share/python_cmake_module/cmake)
-- Found PythonLibs: /usr/lib/aarch64-linux-gnu/libpython3.10.so (found suitable version "3.10.12", minimum required is "3.5") 
-- Using PYTHON_EXECUTABLE: /usr/bin/python3
-- Using PYTHON_INCLUDE_DIRS: /usr/include/python3.10
-- Using PYTHON_LIBRARIES: /usr/lib/aarch64-linux-gnu/libpython3.10.so
-- Found PythonExtra: .so  
-- Configuring done
-- Generating done
-- Build files have been written to: /home/sunrise/Desktop/ros2_simreal_ws/src/drive_motor/motor/build/motor_interfaces
-- Found ament_cmake: 1.3.12 (/opt/ros/humble/share/ament_cmake/cmake)
-- Found rosidl_default_generators: 1.2.0 (/opt/ros/humble/share/rosidl_default_generators/cmake)
-- Using all available rosidl_typesupport_c: rosidl_typesupport_fastrtps_c;rosidl_typesupport_introspection_c
-- Found rosidl_adapter: 3.1.7 (/opt/ros/humble/share/rosidl_adapter/cmake)
-- Using all available rosidl_typesupport_cpp: rosidl_typesupport_fastrtps_cpp;rosidl_typesupport_introspection_cpp
-- Found ament_cmake_ros: 0.10.0 (/opt/ros/humble/share/ament_cmake_ros/cmake)
-- Using all available rosidl_typesupport_c: rosidl_typesupport_fastrtps_c;rosidl_typesupport_introspection_c
-- Using all available rosidl_typesupport_cpp: rosidl_typesupport_fastrtps_cpp;rosidl_typesupport_introspection_cpp
-- Found python_cmake_module: 0.10.0 (/opt/ros/humble/share/python_cmake_module/cmake)
-- Using PYTHON_EXECUTABLE: /usr/bin/python3
-- Using PYTHON_INCLUDE_DIRS: /usr/include/python3.10
-- Using PYTHON_LIBRARIES: /usr/lib/aarch64-linux-gnu/libpython3.10.so
-- Configuring done
-- Generating done
-- Build files have been written to: /home/sunrise/Desktop/ros2_simreal_ws/src/drive_motor/motor/build/motor_interfaces
[  2%] [34m[1mGenerating C code for ROS interfaces[0m
[  5%] [34m[1mGenerating C++ code for ROS interfaces[0m
[  5%] Built target ament_cmake_python_copy_motor_interfaces
running egg_info
creating motor_interfaces.egg-info
writing motor_interfaces.egg-info/PKG-INFO
writing dependency_links to motor_interfaces.egg-info/dependency_links.txt
writing top-level names to motor_interfaces.egg-info/top_level.txt
writing manifest file 'motor_interfaces.egg-info/SOURCES.txt'
reading manifest file 'motor_interfaces.egg-info/SOURCES.txt'
writing manifest file 'motor_interfaces.egg-info/SOURCES.txt'
[  5%] Built target ament_cmake_python_build_motor_interfaces_egg
[  5%] Built target motor_interfaces__cpp
[ 10%] [34m[1mGenerating C++ type support dispatch for ROS interfaces[0m
[ 10%] [34m[1mGenerating C++ introspection for ROS interfaces[0m
[ 12%] [34m[1mGenerating C++ type support for eProsima Fast-RTPS[0m
[ 12%] [34m[1mGenerating C code for ROS interfaces[0m
[ 12%] [34m[1mGenerating C++ type support dispatch for ROS interfaces[0m
[ 12%] [34m[1mGenerating C++ introspection for ROS interfaces[0m
[ 12%] [34m[1mGenerating C++ type support for eProsima Fast-RTPS[0m
[ 17%] [32mBuilding C object CMakeFiles/motor_interfaces__rosidl_generator_c.dir/rosidl_generator_c/motor_interfaces/msg/detail/motor_state__functions.c.o[0m
[ 17%] [32mBuilding C object CMakeFiles/motor_interfaces__rosidl_generator_c.dir/rosidl_generator_c/motor_interfaces/msg/detail/motor_cmd__functions.c.o[0m
[ 20%] [32m[1mLinking C shared library libmotor_interfaces__rosidl_generator_c.so[0m
[ 20%] Built target motor_interfaces__rosidl_generator_c
[ 28%] [34m[1mGenerating C type support dispatch for ROS interfaces[0m
[ 28%] [34m[1mGenerating C introspection for ROS interfaces[0m
[ 28%] [34m[1mGenerating C type support for eProsima Fast-RTPS[0m
[ 30%] [32mBuilding CXX object CMakeFiles/motor_interfaces__rosidl_typesupport_cpp.dir/rosidl_typesupport_cpp/motor_interfaces/msg/motor_state__type_support.cpp.o[0m
[ 33%] [32mBuilding CXX object CMakeFiles/motor_interfaces__rosidl_typesupport_cpp.dir/rosidl_typesupport_cpp/motor_interfaces/msg/motor_cmd__type_support.cpp.o[0m
[ 35%] [32mBuilding CXX object CMakeFiles/motor_interfaces__rosidl_typesupport_introspection_cpp.dir/rosidl_typesupport_introspection_cpp/motor_interfaces/msg/detail/motor_cmd__type_support.cpp.o[0m
[ 38%] [32mBuilding CXX object CMakeFiles/motor_interfaces__rosidl_typesupport_introspection_cpp.dir/rosidl_typesupport_introspection_cpp/motor_interfaces/msg/detail/motor_state__type_support.cpp.o[0m
[ 41%] [32mBuilding CXX object CMakeFiles/motor_interfaces__rosidl_typesupport_fastrtps_cpp.dir/rosidl_typesupport_fastrtps_cpp/motor_interfaces/msg/detail/dds_fastrtps/motor_state__type_support.cpp.o[0m
[ 41%] [34m[1mGenerating C type support dispatch for ROS interfaces[0m
[ 41%] [34m[1mGenerating C introspection for ROS interfaces[0m
[ 41%] [34m[1mGenerating C type support for eProsima Fast-RTPS[0m
[ 43%] [32mBuilding CXX object CMakeFiles/motor_interfaces__rosidl_typesupport_fastrtps_cpp.dir/rosidl_typesupport_fastrtps_cpp/motor_interfaces/msg/detail/dds_fastrtps/motor_cmd__type_support.cpp.o[0m
[ 46%] [32m[1mLinking CXX shared library libmotor_interfaces__rosidl_typesupport_cpp.so[0m
[ 46%] Built target motor_interfaces__rosidl_typesupport_cpp
[ 48%] [32m[1mLinking CXX shared library libmotor_interfaces__rosidl_typesupport_introspection_cpp.so[0m
[ 51%] [32mBuilding CXX object CMakeFiles/motor_interfaces__rosidl_typesupport_c.dir/rosidl_typesupport_c/motor_interfaces/msg/motor_state__type_support.cpp.o[0m
[ 53%] [32mBuilding CXX object CMakeFiles/motor_interfaces__rosidl_typesupport_c.dir/rosidl_typesupport_c/motor_interfaces/msg/motor_cmd__type_support.cpp.o[0m
[ 53%] Built target motor_interfaces__rosidl_typesupport_introspection_cpp
[ 56%] [32m[1mLinking CXX shared library libmotor_interfaces__rosidl_typesupport_c.so[0m
[ 56%] Built target motor_interfaces__rosidl_typesupport_c
[ 61%] [32mBuilding C object CMakeFiles/motor_interfaces__rosidl_typesupport_introspection_c.dir/rosidl_typesupport_introspection_c/motor_interfaces/msg/detail/motor_state__type_support.c.o[0m
[ 61%] [32mBuilding C object CMakeFiles/motor_interfaces__rosidl_typesupport_introspection_c.dir/rosidl_typesupport_introspection_c/motor_interfaces/msg/detail/motor_cmd__type_support.c.o[0m
[ 64%] [32m[1mLinking C shared library libmotor_interfaces__rosidl_typesupport_introspection_c.so[0m
[ 69%] [32mBuilding CXX object CMakeFiles/motor_interfaces__rosidl_typesupport_fastrtps_c.dir/rosidl_typesupport_fastrtps_c/motor_interfaces/msg/detail/motor_state__type_support_c.cpp.o[0m
[ 69%] [32mBuilding CXX object CMakeFiles/motor_interfaces__rosidl_typesupport_fastrtps_c.dir/rosidl_typesupport_fastrtps_c/motor_interfaces/msg/detail/motor_cmd__type_support_c.cpp.o[0m
[ 69%] Built target motor_interfaces__rosidl_typesupport_introspection_c
[ 71%] [32m[1mLinking CXX shared library libmotor_interfaces__rosidl_typesupport_fastrtps_cpp.so[0m
[ 71%] Built target motor_interfaces__rosidl_typesupport_fastrtps_cpp
[ 74%] [32m[1mLinking CXX shared library libmotor_interfaces__rosidl_typesupport_fastrtps_c.so[0m
[ 74%] Built target motor_interfaces__rosidl_typesupport_fastrtps_c
[ 74%] Built target motor_interfaces
[ 76%] [34m[1mGenerating Python code for ROS interfaces[0m
[ 76%] Built target motor_interfaces__py
[ 82%] [32mBuilding C object CMakeFiles/motor_interfaces__rosidl_generator_py.dir/rosidl_generator_py/motor_interfaces/msg/_motor_cmd_s.c.o[0m
[ 82%] [32mBuilding C object CMakeFiles/motor_interfaces__rosidl_generator_py.dir/rosidl_generator_py/motor_interfaces/msg/_motor_state_s.c.o[0m
[ 84%] [32m[1mLinking C shared library rosidl_generator_py/motor_interfaces/libmotor_interfaces__rosidl_generator_py.so[0m
[ 84%] Built target motor_interfaces__rosidl_generator_py
[ 92%] [32mBuilding C object CMakeFiles/motor_interfaces__rosidl_typesupport_c__pyext.dir/rosidl_generator_py/motor_interfaces/_motor_interfaces_s.ep.rosidl_typesupport_c.c.o[0m
[ 92%] [32mBuilding C object CMakeFiles/motor_interfaces__rosidl_typesupport_introspection_c__pyext.dir/rosidl_generator_py/motor_interfaces/_motor_interfaces_s.ep.rosidl_typesupport_introspection_c.c.o[0m
[ 92%] [32mBuilding C object CMakeFiles/motor_interfaces__rosidl_typesupport_fastrtps_c__pyext.dir/rosidl_generator_py/motor_interfaces/_motor_interfaces_s.ep.rosidl_typesupport_fastrtps_c.c.o[0m
[ 94%] [32m[1mLinking C shared library rosidl_generator_py/motor_interfaces/motor_interfaces_s__rosidl_typesupport_c.cpython-310-aarch64-linux-gnu.so[0m
[ 97%] [32m[1mLinking C shared library rosidl_generator_py/motor_interfaces/motor_interfaces_s__rosidl_typesupport_introspection_c.cpython-310-aarch64-linux-gnu.so[0m
[100%] [32m[1mLinking C shared library rosidl_generator_py/motor_interfaces/motor_interfaces_s__rosidl_typesupport_fastrtps_c.cpython-310-aarch64-linux-gnu.so[0m
[100%] Built target motor_interfaces__rosidl_typesupport_c__pyext
[100%] Built target motor_interfaces__rosidl_typesupport_introspection_c__pyext
[100%] Built target motor_interfaces__rosidl_typesupport_fastrtps_c__pyext
-- Install configuration: ""
-- Installing: /home/sunrise/Desktop/ros2_simreal_ws/src/drive_motor/motor/install/motor_interfaces/share/ament_index/resource_index/rosidl_interfaces/motor_interfaces
-- Installing: /home/sunrise/Desktop/ros2_simreal_ws/src/drive_motor/motor/install/motor_interfaces/include/motor_interfaces/motor_interfaces
-- Installing: /home/sunrise/Desktop/ros2_simreal_ws/src/drive_motor/motor/install/motor_interfaces/include/motor_interfaces/motor_interfaces/msg
-- Installing: /home/sunrise/Desktop/ros2_simreal_ws/src/drive_motor/motor/install/motor_interfaces/include/motor_interfaces/motor_interfaces/msg/motor_cmd.h
-- Installing: /home/sunrise/Desktop/ros2_simreal_ws/src/drive_motor/motor/install/motor_interfaces/include/motor_interfaces/motor_interfaces/msg/detail
-- Installing: /home/sunrise/Desktop/ros2_simreal_ws/src/drive_motor/motor/install/motor_interfaces/include/motor_interfaces/motor_interfaces/msg/detail/motor_state__type_support.h
-- Installing: /home/sunrise/Desktop/ros2_simreal_ws/src/drive_motor/motor/install/motor_interfaces/include/motor_interfaces/motor_interfaces/msg/detail/motor_state__struct.h
-- Installing: /home/sunrise/Desktop/ros2_simreal_ws/src/drive_motor/motor/install/motor_interfaces/include/motor_interfaces/motor_interfaces/msg/detail/motor_state__functions.h
-- Installing: /home/sunrise/Desktop/ros2_simreal_ws/src/drive_motor/motor/install/motor_interfaces/include/motor_interfaces/motor_interfaces/msg/detail/motor_cmd__struct.h
-- Installing: /home/sunrise/Desktop/ros2_simreal_ws/src/drive_motor/motor/install/motor_interfaces/include/motor_interfaces/motor_interfaces/msg/detail/motor_cmd__functions.h
-- Installing: /home/sunrise/Desktop/ros2_simreal_ws/src/drive_motor/motor/install/motor_interfaces/include/motor_interfaces/motor_interfaces/msg/detail/motor_state__functions.c
-- Installing: /home/sunrise/Desktop/ros2_simreal_ws/src/drive_motor/motor/install/motor_interfaces/include/motor_interfaces/motor_interfaces/msg/detail/motor_cmd__type_support.h
-- Installing: /home/sunrise/Desktop/ros2_simreal_ws/src/drive_motor/motor/install/motor_interfaces/include/motor_interfaces/motor_interfaces/msg/detail/motor_cmd__functions.c
-- Installing: /home/sunrise/Desktop/ros2_simreal_ws/src/drive_motor/motor/install/motor_interfaces/include/motor_interfaces/motor_interfaces/msg/rosidl_generator_c__visibility_control.h
-- Installing: /home/sunrise/Desktop/ros2_simreal_ws/src/drive_motor/motor/install/motor_interfaces/include/motor_interfaces/motor_interfaces/msg/motor_state.h
-- Installing: /home/sunrise/Desktop/ros2_simreal_ws/src/drive_motor/motor/install/motor_interfaces/share/motor_interfaces/environment/library_path.sh
-- Installing: /home/sunrise/Desktop/ros2_simreal_ws/src/drive_motor/motor/install/motor_interfaces/share/motor_interfaces/environment/library_path.dsv
-- Installing: /home/sunrise/Desktop/ros2_simreal_ws/src/drive_motor/motor/install/motor_interfaces/lib/libmotor_interfaces__rosidl_generator_c.so
-- Set runtime path of "/home/sunrise/Desktop/ros2_simreal_ws/src/drive_motor/motor/install/motor_interfaces/lib/libmotor_interfaces__rosidl_generator_c.so" to ""
-- Up-to-date: /home/sunrise/Desktop/ros2_simreal_ws/src/drive_motor/motor/install/motor_interfaces/include/motor_interfaces/motor_interfaces
-- Up-to-date: /home/sunrise/Desktop/ros2_simreal_ws/src/drive_motor/motor/install/motor_interfaces/include/motor_interfaces/motor_interfaces/msg
-- Up-to-date: /home/sunrise/Desktop/ros2_simreal_ws/src/drive_motor/motor/install/motor_interfaces/include/motor_interfaces/motor_interfaces/msg/detail
-- Installing: /home/sunrise/Desktop/ros2_simreal_ws/src/drive_motor/motor/install/motor_interfaces/include/motor_interfaces/motor_interfaces/msg/detail/motor_state__rosidl_typesupport_fastrtps_c.h
-- Installing: /home/sunrise/Desktop/ros2_simreal_ws/src/drive_motor/motor/install/motor_interfaces/include/motor_interfaces/motor_interfaces/msg/detail/motor_cmd__rosidl_typesupport_fastrtps_c.h
-- Installing: /home/sunrise/Desktop/ros2_simreal_ws/src/drive_motor/motor/install/motor_interfaces/include/motor_interfaces/motor_interfaces/msg/rosidl_typesupport_fastrtps_c__visibility_control.h
-- Installing: /home/sunrise/Desktop/ros2_simreal_ws/src/drive_motor/motor/install/motor_interfaces/lib/libmotor_interfaces__rosidl_typesupport_fastrtps_c.so
-- Set runtime path of "/home/sunrise/Desktop/ros2_simreal_ws/src/drive_motor/motor/install/motor_interfaces/lib/libmotor_interfaces__rosidl_typesupport_fastrtps_c.so" to ""
-- Up-to-date: /home/sunrise/Desktop/ros2_simreal_ws/src/drive_motor/motor/install/motor_interfaces/include/motor_interfaces/motor_interfaces
-- Up-to-date: /home/sunrise/Desktop/ros2_simreal_ws/src/drive_motor/motor/install/motor_interfaces/include/motor_interfaces/motor_interfaces/msg
-- Up-to-date: /home/sunrise/Desktop/ros2_simreal_ws/src/drive_motor/motor/install/motor_interfaces/include/motor_interfaces/motor_interfaces/msg/detail
-- Installing: /home/sunrise/Desktop/ros2_simreal_ws/src/drive_motor/motor/install/motor_interfaces/include/motor_interfaces/motor_interfaces/msg/detail/motor_state__type_support.c
-- Installing: /home/sunrise/Desktop/ros2_simreal_ws/src/drive_motor/motor/install/motor_interfaces/include/motor_interfaces/motor_interfaces/msg/detail/motor_cmd__type_support.c
-- Installing: /home/sunrise/Desktop/ros2_simreal_ws/src/drive_motor/motor/install/motor_interfaces/include/motor_interfaces/motor_interfaces/msg/detail/motor_state__rosidl_typesupport_introspection_c.h
-- Installing: /home/sunrise/Desktop/ros2_simreal_ws/src/drive_motor/motor/install/motor_interfaces/include/motor_interfaces/motor_interfaces/msg/detail/motor_cmd__rosidl_typesupport_introspection_c.h
-- Installing: /home/sunrise/Desktop/ros2_simreal_ws/src/drive_motor/motor/install/motor_interfaces/include/motor_interfaces/motor_interfaces/msg/rosidl_typesupport_introspection_c__visibility_control.h
-- Installing: /home/sunrise/Desktop/ros2_simreal_ws/src/drive_motor/motor/install/motor_interfaces/lib/libmotor_interfaces__rosidl_typesupport_introspection_c.so
-- Set runtime path of "/home/sunrise/Desktop/ros2_simreal_ws/src/drive_motor/motor/install/motor_interfaces/lib/libmotor_interfaces__rosidl_typesupport_introspection_c.so" to ""
-- Installing: /home/sunrise/Desktop/ros2_simreal_ws/src/drive_motor/motor/install/motor_interfaces/lib/libmotor_interfaces__rosidl_typesupport_c.so
-- Set runtime path of "/home/sunrise/Desktop/ros2_simreal_ws/src/drive_motor/motor/install/motor_interfaces/lib/libmotor_interfaces__rosidl_typesupport_c.so" to ""
-- Up-to-date: /home/sunrise/Desktop/ros2_simreal_ws/src/drive_motor/motor/install/motor_interfaces/include/motor_interfaces/motor_interfaces
-- Up-to-date: /home/sunrise/Desktop/ros2_simreal_ws/src/drive_motor/motor/install/motor_interfaces/include/motor_interfaces/motor_interfaces/msg
-- Installing: /home/sunrise/Desktop/ros2_simreal_ws/src/drive_motor/motor/install/motor_interfaces/include/motor_interfaces/motor_interfaces/msg/motor_state.hpp
-- Installing: /home/sunrise/Desktop/ros2_simreal_ws/src/drive_motor/motor/install/motor_interfaces/include/motor_interfaces/motor_interfaces/msg/motor_cmd.hpp
-- Up-to-date: /home/sunrise/Desktop/ros2_simreal_ws/src/drive_motor/motor/install/motor_interfaces/include/motor_interfaces/motor_interfaces/msg/detail
-- Installing: /home/sunrise/Desktop/ros2_simreal_ws/src/drive_motor/motor/install/motor_interfaces/include/motor_interfaces/motor_interfaces/msg/detail/motor_cmd__type_support.hpp
-- Installing: /home/sunrise/Desktop/ros2_simreal_ws/src/drive_motor/motor/install/motor_interfaces/include/motor_interfaces/motor_interfaces/msg/detail/motor_state__builder.hpp
-- Installing: /home/sunrise/Desktop/ros2_simreal_ws/src/drive_motor/motor/install/motor_interfaces/include/motor_interfaces/motor_interfaces/msg/detail/motor_state__struct.hpp
-- Installing: /home/sunrise/Desktop/ros2_simreal_ws/src/drive_motor/motor/install/motor_interfaces/include/motor_interfaces/motor_interfaces/msg/detail/motor_cmd__builder.hpp
-- Installing: /home/sunrise/Desktop/ros2_simreal_ws/src/drive_motor/motor/install/motor_interfaces/include/motor_interfaces/motor_interfaces/msg/detail/motor_state__traits.hpp
-- Installing: /home/sunrise/Desktop/ros2_simreal_ws/src/drive_motor/motor/install/motor_interfaces/include/motor_interfaces/motor_interfaces/msg/detail/motor_cmd__traits.hpp
-- Installing: /home/sunrise/Desktop/ros2_simreal_ws/src/drive_motor/motor/install/motor_interfaces/include/motor_interfaces/motor_interfaces/msg/detail/motor_state__type_support.hpp
-- Installing: /home/sunrise/Desktop/ros2_simreal_ws/src/drive_motor/motor/install/motor_interfaces/include/motor_interfaces/motor_interfaces/msg/detail/motor_cmd__struct.hpp
-- Installing: /home/sunrise/Desktop/ros2_simreal_ws/src/drive_motor/motor/install/motor_interfaces/include/motor_interfaces/motor_interfaces/msg/rosidl_generator_cpp__visibility_control.hpp
-- Up-to-date: /home/sunrise/Desktop/ros2_simreal_ws/src/drive_motor/motor/install/motor_interfaces/include/motor_interfaces/motor_interfaces
-- Up-to-date: /home/sunrise/Desktop/ros2_simreal_ws/src/drive_motor/motor/install/motor_interfaces/include/motor_interfaces/motor_interfaces/msg
-- Installing: /home/sunrise/Desktop/ros2_simreal_ws/src/drive_motor/motor/install/motor_interfaces/include/motor_interfaces/motor_interfaces/msg/rosidl_typesupport_fastrtps_cpp__visibility_control.h
-- Up-to-date: /home/sunrise/Desktop/ros2_simreal_ws/src/drive_motor/motor/install/motor_interfaces/include/motor_interfaces/motor_interfaces/msg/detail
-- Installing: /home/sunrise/Desktop/ros2_simreal_ws/src/drive_motor/motor/install/motor_interfaces/include/motor_interfaces/motor_interfaces/msg/detail/motor_state__rosidl_typesupport_fastrtps_cpp.hpp
-- Installing: /home/sunrise/Desktop/ros2_simreal_ws/src/drive_motor/motor/install/motor_interfaces/include/motor_interfaces/motor_interfaces/msg/detail/motor_cmd__rosidl_typesupport_fastrtps_cpp.hpp
-- Installing: /home/sunrise/Desktop/ros2_simreal_ws/src/drive_motor/motor/install/motor_interfaces/include/motor_interfaces/motor_interfaces/msg/detail/dds_fastrtps
-- Installing: /home/sunrise/Desktop/ros2_simreal_ws/src/drive_motor/motor/install/motor_interfaces/lib/libmotor_interfaces__rosidl_typesupport_fastrtps_cpp.so
-- Set runtime path of "/home/sunrise/Desktop/ros2_simreal_ws/src/drive_motor/motor/install/motor_interfaces/lib/libmotor_interfaces__rosidl_typesupport_fastrtps_cpp.so" to ""
-- Up-to-date: /home/sunrise/Desktop/ros2_simreal_ws/src/drive_motor/motor/install/motor_interfaces/include/motor_interfaces/motor_interfaces
-- Up-to-date: /home/sunrise/Desktop/ros2_simreal_ws/src/drive_motor/motor/install/motor_interfaces/include/motor_interfaces/motor_interfaces/msg
-- Up-to-date: /home/sunrise/Desktop/ros2_simreal_ws/src/drive_motor/motor/install/motor_interfaces/include/motor_interfaces/motor_interfaces/msg/detail
-- Installing: /home/sunrise/Desktop/ros2_simreal_ws/src/drive_motor/motor/install/motor_interfaces/include/motor_interfaces/motor_interfaces/msg/detail/motor_cmd__rosidl_typesupport_introspection_cpp.hpp
-- Installing: /home/sunrise/Desktop/ros2_simreal_ws/src/drive_motor/motor/install/motor_interfaces/include/motor_interfaces/motor_interfaces/msg/detail/motor_state__rosidl_typesupport_introspection_cpp.hpp
-- Installing: /home/sunrise/Desktop/ros2_simreal_ws/src/drive_motor/motor/install/motor_interfaces/include/motor_interfaces/motor_interfaces/msg/detail/motor_cmd__type_support.cpp
-- Installing: /home/sunrise/Desktop/ros2_simreal_ws/src/drive_motor/motor/install/motor_interfaces/include/motor_interfaces/motor_interfaces/msg/detail/motor_state__type_support.cpp
-- Installing: /home/sunrise/Desktop/ros2_simreal_ws/src/drive_motor/motor/install/motor_interfaces/lib/libmotor_interfaces__rosidl_typesupport_introspection_cpp.so
-- Set runtime path of "/home/sunrise/Desktop/ros2_simreal_ws/src/drive_motor/motor/install/motor_interfaces/lib/libmotor_interfaces__rosidl_typesupport_introspection_cpp.so" to ""
-- Installing: /home/sunrise/Desktop/ros2_simreal_ws/src/drive_motor/motor/install/motor_interfaces/lib/libmotor_interfaces__rosidl_typesupport_cpp.so
-- Set runtime path of "/home/sunrise/Desktop/ros2_simreal_ws/src/drive_motor/motor/install/motor_interfaces/lib/libmotor_interfaces__rosidl_typesupport_cpp.so" to ""
-- Installing: /home/sunrise/Desktop/ros2_simreal_ws/src/drive_motor/motor/install/motor_interfaces/share/motor_interfaces/environment/pythonpath.sh
-- Installing: /home/sunrise/Desktop/ros2_simreal_ws/src/drive_motor/motor/install/motor_interfaces/share/motor_interfaces/environment/pythonpath.dsv
-- Installing: /home/sunrise/Desktop/ros2_simreal_ws/src/drive_motor/motor/install/motor_interfaces/local/lib/python3.10/dist-packages/motor_interfaces-0.1.0-py3.10.egg-info
-- Installing: /home/sunrise/Desktop/ros2_simreal_ws/src/drive_motor/motor/install/motor_interfaces/local/lib/python3.10/dist-packages/motor_interfaces-0.1.0-py3.10.egg-info/top_level.txt
-- Installing: /home/sunrise/Desktop/ros2_simreal_ws/src/drive_motor/motor/install/motor_interfaces/local/lib/python3.10/dist-packages/motor_interfaces-0.1.0-py3.10.egg-info/dependency_links.txt
-- Installing: /home/sunrise/Desktop/ros2_simreal_ws/src/drive_motor/motor/install/motor_interfaces/local/lib/python3.10/dist-packages/motor_interfaces-0.1.0-py3.10.egg-info/PKG-INFO
-- Installing: /home/sunrise/Desktop/ros2_simreal_ws/src/drive_motor/motor/install/motor_interfaces/local/lib/python3.10/dist-packages/motor_interfaces-0.1.0-py3.10.egg-info/SOURCES.txt
-- Installing: /home/sunrise/Desktop/ros2_simreal_ws/src/drive_motor/motor/install/motor_interfaces/local/lib/python3.10/dist-packages/motor_interfaces
-- Installing: /home/sunrise/Desktop/ros2_simreal_ws/src/drive_motor/motor/install/motor_interfaces/local/lib/python3.10/dist-packages/motor_interfaces/libmotor_interfaces__rosidl_generator_py.so
-- Installing: /home/sunrise/Desktop/ros2_simreal_ws/src/drive_motor/motor/install/motor_interfaces/local/lib/python3.10/dist-packages/motor_interfaces/motor_interfaces_s__rosidl_typesupport_introspection_c.cpython-310-aarch64-linux-gnu.so
-- Installing: /home/sunrise/Desktop/ros2_simreal_ws/src/drive_motor/motor/install/motor_interfaces/local/lib/python3.10/dist-packages/motor_interfaces/_motor_interfaces_s.ep.rosidl_typesupport_fastrtps_c.c
-- Installing: /home/sunrise/Desktop/ros2_simreal_ws/src/drive_motor/motor/install/motor_interfaces/local/lib/python3.10/dist-packages/motor_interfaces/msg
-- Installing: /home/sunrise/Desktop/ros2_simreal_ws/src/drive_motor/motor/install/motor_interfaces/local/lib/python3.10/dist-packages/motor_interfaces/msg/__init__.py
-- Installing: /home/sunrise/Desktop/ros2_simreal_ws/src/drive_motor/motor/install/motor_interfaces/local/lib/python3.10/dist-packages/motor_interfaces/msg/_motor_state_s.c
-- Installing: /home/sunrise/Desktop/ros2_simreal_ws/src/drive_motor/motor/install/motor_interfaces/local/lib/python3.10/dist-packages/motor_interfaces/msg/_motor_state.py
-- Installing: /home/sunrise/Desktop/ros2_simreal_ws/src/drive_motor/motor/install/motor_interfaces/local/lib/python3.10/dist-packages/motor_interfaces/msg/_motor_cmd_s.c
-- Installing: /home/sunrise/Desktop/ros2_simreal_ws/src/drive_motor/motor/install/motor_interfaces/local/lib/python3.10/dist-packages/motor_interfaces/msg/_motor_cmd.py
-- Installing: /home/sunrise/Desktop/ros2_simreal_ws/src/drive_motor/motor/install/motor_interfaces/local/lib/python3.10/dist-packages/motor_interfaces/__init__.py
-- Installing: /home/sunrise/Desktop/ros2_simreal_ws/src/drive_motor/motor/install/motor_interfaces/local/lib/python3.10/dist-packages/motor_interfaces/motor_interfaces_s__rosidl_typesupport_fastrtps_c.cpython-310-aarch64-linux-gnu.so
-- Installing: /home/sunrise/Desktop/ros2_simreal_ws/src/drive_motor/motor/install/motor_interfaces/local/lib/python3.10/dist-packages/motor_interfaces/_motor_interfaces_s.ep.rosidl_typesupport_introspection_c.c
-- Installing: /home/sunrise/Desktop/ros2_simreal_ws/src/drive_motor/motor/install/motor_interfaces/local/lib/python3.10/dist-packages/motor_interfaces/motor_interfaces_s__rosidl_typesupport_c.cpython-310-aarch64-linux-gnu.so
-- Installing: /home/sunrise/Desktop/ros2_simreal_ws/src/drive_motor/motor/install/motor_interfaces/local/lib/python3.10/dist-packages/motor_interfaces/_motor_interfaces_s.ep.rosidl_typesupport_c.c
Listing '/home/sunrise/Desktop/ros2_simreal_ws/src/drive_motor/motor/install/motor_interfaces/local/lib/python3.10/dist-packages/motor_interfaces'...
Compiling '/home/sunrise/Desktop/ros2_simreal_ws/src/drive_motor/motor/install/motor_interfaces/local/lib/python3.10/dist-packages/motor_interfaces/__init__.py'...
Listing '/home/sunrise/Desktop/ros2_simreal_ws/src/drive_motor/motor/install/motor_interfaces/local/lib/python3.10/dist-packages/motor_interfaces/msg'...
Compiling '/home/sunrise/Desktop/ros2_simreal_ws/src/drive_motor/motor/install/motor_interfaces/local/lib/python3.10/dist-packages/motor_interfaces/msg/__init__.py'...
Compiling '/home/sunrise/Desktop/ros2_simreal_ws/src/drive_motor/motor/install/motor_interfaces/local/lib/python3.10/dist-packages/motor_interfaces/msg/_motor_cmd.py'...
Compiling '/home/sunrise/Desktop/ros2_simreal_ws/src/drive_motor/motor/install/motor_interfaces/local/lib/python3.10/dist-packages/motor_interfaces/msg/_motor_state.py'...
-- Installing: /home/sunrise/Desktop/ros2_simreal_ws/src/drive_motor/motor/install/motor_interfaces/local/lib/python3.10/dist-packages/motor_interfaces/motor_interfaces_s__rosidl_typesupport_fastrtps_c.cpython-310-aarch64-linux-gnu.so
-- Set runtime path of "/home/sunrise/Desktop/ros2_simreal_ws/src/drive_motor/motor/install/motor_interfaces/local/lib/python3.10/dist-packages/motor_interfaces/motor_interfaces_s__rosidl_typesupport_fastrtps_c.cpython-310-aarch64-linux-gnu.so" to ""
-- Installing: /home/sunrise/Desktop/ros2_simreal_ws/src/drive_motor/motor/install/motor_interfaces/local/lib/python3.10/dist-packages/motor_interfaces/motor_interfaces_s__rosidl_typesupport_introspection_c.cpython-310-aarch64-linux-gnu.so
-- Set runtime path of "/home/sunrise/Desktop/ros2_simreal_ws/src/drive_motor/motor/install/motor_interfaces/local/lib/python3.10/dist-packages/motor_interfaces/motor_interfaces_s__rosidl_typesupport_introspection_c.cpython-310-aarch64-linux-gnu.so" to ""
-- Installing: /home/sunrise/Desktop/ros2_simreal_ws/src/drive_motor/motor/install/motor_interfaces/local/lib/python3.10/dist-packages/motor_interfaces/motor_interfaces_s__rosidl_typesupport_c.cpython-310-aarch64-linux-gnu.so
-- Set runtime path of "/home/sunrise/Desktop/ros2_simreal_ws/src/drive_motor/motor/install/motor_interfaces/local/lib/python3.10/dist-packages/motor_interfaces/motor_interfaces_s__rosidl_typesupport_c.cpython-310-aarch64-linux-gnu.so" to ""
-- Installing: /home/sunrise/Desktop/ros2_simreal_ws/src/drive_motor/motor/install/motor_interfaces/lib/libmotor_interfaces__rosidl_generator_py.so
-- Set runtime path of "/home/sunrise/Desktop/ros2_simreal_ws/src/drive_motor/motor/install/motor_interfaces/lib/libmotor_interfaces__rosidl_generator_py.so" to ""
-- Installing: /home/sunrise/Desktop/ros2_simreal_ws/src/drive_motor/motor/install/motor_interfaces/share/motor_interfaces/msg/MotorState.idl
-- Installing: /home/sunrise/Desktop/ros2_simreal_ws/src/drive_motor/motor/install/motor_interfaces/share/motor_interfaces/msg/MotorCmd.idl
-- Installing: /home/sunrise/Desktop/ros2_simreal_ws/src/drive_motor/motor/install/motor_interfaces/share/motor_interfaces/msg/MotorState.msg
-- Installing: /home/sunrise/Desktop/ros2_simreal_ws/src/drive_motor/motor/install/motor_interfaces/share/motor_interfaces/msg/MotorCmd.msg
-- Installing: /home/sunrise/Desktop/ros2_simreal_ws/src/drive_motor/motor/install/motor_interfaces/share/ament_index/resource_index/package_run_dependencies/motor_interfaces
-- Installing: /home/sunrise/Desktop/ros2_simreal_ws/src/drive_motor/motor/install/motor_interfaces/share/ament_index/resource_index/parent_prefix_path/motor_interfaces
-- Installing: /home/sunrise/Desktop/ros2_simreal_ws/src/drive_motor/motor/install/motor_interfaces/share/motor_interfaces/environment/ament_prefix_path.sh
-- Installing: /home/sunrise/Desktop/ros2_simreal_ws/src/drive_motor/motor/install/motor_interfaces/share/motor_interfaces/environment/ament_prefix_path.dsv
-- Installing: /home/sunrise/Desktop/ros2_simreal_ws/src/drive_motor/motor/install/motor_interfaces/share/motor_interfaces/environment/path.sh
-- Installing: /home/sunrise/Desktop/ros2_simreal_ws/src/drive_motor/motor/install/motor_interfaces/share/motor_interfaces/environment/path.dsv
-- Installing: /home/sunrise/Desktop/ros2_simreal_ws/src/drive_motor/motor/install/motor_interfaces/share/motor_interfaces/local_setup.bash
-- Installing: /home/sunrise/Desktop/ros2_simreal_ws/src/drive_motor/motor/install/motor_interfaces/share/motor_interfaces/local_setup.sh
-- Installing: /home/sunrise/Desktop/ros2_simreal_ws/src/drive_motor/motor/install/motor_interfaces/share/motor_interfaces/local_setup.zsh
-- Installing: /home/sunrise/Desktop/ros2_simreal_ws/src/drive_motor/motor/install/motor_interfaces/share/motor_interfaces/local_setup.dsv
-- Installing: /home/sunrise/Desktop/ros2_simreal_ws/src/drive_motor/motor/install/motor_interfaces/share/motor_interfaces/package.dsv
-- Installing: /home/sunrise/Desktop/ros2_simreal_ws/src/drive_motor/motor/install/motor_interfaces/share/ament_index/resource_index/packages/motor_interfaces
-- Installing: /home/sunrise/Desktop/ros2_simreal_ws/src/drive_motor/motor/install/motor_interfaces/share/motor_interfaces/cmake/export_motor_interfaces__rosidl_generator_cExport.cmake
-- Installing: /home/sunrise/Desktop/ros2_simreal_ws/src/drive_motor/motor/install/motor_interfaces/share/motor_interfaces/cmake/export_motor_interfaces__rosidl_generator_cExport-noconfig.cmake
-- Installing: /home/sunrise/Desktop/ros2_simreal_ws/src/drive_motor/motor/install/motor_interfaces/share/motor_interfaces/cmake/export_motor_interfaces__rosidl_typesupport_fastrtps_cExport.cmake
-- Installing: /home/sunrise/Desktop/ros2_simreal_ws/src/drive_motor/motor/install/motor_interfaces/share/motor_interfaces/cmake/export_motor_interfaces__rosidl_typesupport_fastrtps_cExport-noconfig.cmake
-- Installing: /home/sunrise/Desktop/ros2_simreal_ws/src/drive_motor/motor/install/motor_interfaces/share/motor_interfaces/cmake/motor_interfaces__rosidl_typesupport_introspection_cExport.cmake
-- Installing: /home/sunrise/Desktop/ros2_simreal_ws/src/drive_motor/motor/install/motor_interfaces/share/motor_interfaces/cmake/motor_interfaces__rosidl_typesupport_introspection_cExport-noconfig.cmake
-- Installing: /home/sunrise/Desktop/ros2_simreal_ws/src/drive_motor/motor/install/motor_interfaces/share/motor_interfaces/cmake/motor_interfaces__rosidl_typesupport_cExport.cmake
-- Installing: /home/sunrise/Desktop/ros2_simreal_ws/src/drive_motor/motor/install/motor_interfaces/share/motor_interfaces/cmake/motor_interfaces__rosidl_typesupport_cExport-noconfig.cmake
-- Installing: /home/sunrise/Desktop/ros2_simreal_ws/src/drive_motor/motor/install/motor_interfaces/share/motor_interfaces/cmake/export_motor_interfaces__rosidl_generator_cppExport.cmake
-- Installing: /home/sunrise/Desktop/ros2_simreal_ws/src/drive_motor/motor/install/motor_interfaces/share/motor_interfaces/cmake/export_motor_interfaces__rosidl_typesupport_fastrtps_cppExport.cmake
-- Installing: /home/sunrise/Desktop/ros2_simreal_ws/src/drive_motor/motor/install/motor_interfaces/share/motor_interfaces/cmake/export_motor_interfaces__rosidl_typesupport_fastrtps_cppExport-noconfig.cmake
-- Installing: /home/sunrise/Desktop/ros2_simreal_ws/src/drive_motor/motor/install/motor_interfaces/share/motor_interfaces/cmake/motor_interfaces__rosidl_typesupport_introspection_cppExport.cmake
-- Installing: /home/sunrise/Desktop/ros2_simreal_ws/src/drive_motor/motor/install/motor_interfaces/share/motor_interfaces/cmake/motor_interfaces__rosidl_typesupport_introspection_cppExport-noconfig.cmake
-- Installing: /home/sunrise/Desktop/ros2_simreal_ws/src/drive_motor/motor/install/motor_interfaces/share/motor_interfaces/cmake/motor_interfaces__rosidl_typesupport_cppExport.cmake
-- Installing: /home/sunrise/Desktop/ros2_simreal_ws/src/drive_motor/motor/install/motor_interfaces/share/motor_interfaces/cmake/motor_interfaces__rosidl_typesupport_cppExport-noconfig.cmake
-- Installing: /home/sunrise/Desktop/ros2_simreal_ws/src/drive_motor/motor/install/motor_interfaces/share/motor_interfaces/cmake/export_motor_interfaces__rosidl_generator_pyExport.cmake
-- Installing: /home/sunrise/Desktop/ros2_simreal_ws/src/drive_motor/motor/install/motor_interfaces/share/motor_interfaces/cmake/export_motor_interfaces__rosidl_generator_pyExport-noconfig.cmake
-- Installing: /home/sunrise/Desktop/ros2_simreal_ws/src/drive_motor/motor/install/motor_interfaces/share/motor_interfaces/cmake/rosidl_cmake-extras.cmake
-- Installing: /home/sunrise/Desktop/ros2_simreal_ws/src/drive_motor/motor/install/motor_interfaces/share/motor_interfaces/cmake/ament_cmake_export_include_directories-extras.cmake
-- Installing: /home/sunrise/Desktop/ros2_simreal_ws/src/drive_motor/motor/install/motor_interfaces/share/motor_interfaces/cmake/ament_cmake_export_libraries-extras.cmake
-- Installing: /home/sunrise/Desktop/ros2_simreal_ws/src/drive_motor/motor/install/motor_interfaces/share/motor_interfaces/cmake/ament_cmake_export_targets-extras.cmake
-- Installing: /home/sunrise/Desktop/ros2_simreal_ws/src/drive_motor/motor/install/motor_interfaces/share/motor_interfaces/cmake/rosidl_cmake_export_typesupport_targets-extras.cmake
-- Installing: /home/sunrise/Desktop/ros2_simreal_ws/src/drive_motor/motor/install/motor_interfaces/share/motor_interfaces/cmake/ament_cmake_export_dependencies-extras.cmake
-- Installing: /home/sunrise/Desktop/ros2_simreal_ws/src/drive_motor/motor/install/motor_interfaces/share/motor_interfaces/cmake/rosidl_cmake_export_typesupport_libraries-extras.cmake
-- Installing: /home/sunrise/Desktop/ros2_simreal_ws/src/drive_motor/motor/install/motor_interfaces/share/motor_interfaces/cmake/motor_interfacesConfig.cmake
-- Installing: /home/sunrise/Desktop/ros2_simreal_ws/src/drive_motor/motor/install/motor_interfaces/share/motor_interfaces/cmake/motor_interfacesConfig-version.cmake
-- Installing: /home/sunrise/Desktop/ros2_simreal_ws/src/drive_motor/motor/install/motor_interfaces/share/motor_interfaces/package.xml
