[0.039s] Invoking command in '/home/sunrise/Desktop/ros2_simreal_ws/src/drive_motor/motor/build/motor_interfaces': CMAKE_PREFIX_PATH=/home/sunrise/Desktop/ros2_simreal_ws/install/sim2real:/opt/ros/humble /usr/bin/cmake /home/sunrise/Desktop/ros2_simreal_ws/src/drive_motor/motor/src/motor_interfaces -DCMAKE_INSTALL_PREFIX=/home/sunrise/Desktop/ros2_simreal_ws/src/drive_motor/motor/install/motor_interfaces
[0.609s] -- The C compiler identification is GNU 11.2.0
[1.218s] -- The CXX compiler identification is GNU 11.2.0
[1.268s] -- Detecting C compiler ABI info
[1.660s] -- Detecting C compiler ABI info - done
[1.732s] -- Check for working C compiler: /usr/bin/cc - skipped
[1.734s] -- Detecting C compile features
[1.737s] -- Detecting C compile features - done
[1.757s] -- Detecting CXX compiler ABI info
[2.166s] -- Detecting CXX compiler ABI info - done
[2.241s] -- Check for working CXX compiler: /usr/bin/c++ - skipped
[2.242s] -- Detecting CXX compile features
[2.245s] -- Detecting CXX compile features - done
[2.261s] -- Found ament_cmake: 1.3.12 (/opt/ros/humble/share/ament_cmake/cmake)
[4.457s] -- Found Python3: /usr/bin/python3 (found version "3.10.12") found components: Interpreter 
[5.014s] -- Found rosidl_default_generators: 1.2.0 (/opt/ros/humble/share/rosidl_default_generators/cmake)
[5.030s] -- Using all available rosidl_typesupport_c: rosidl_typesupport_fastrtps_c;rosidl_typesupport_introspection_c
[5.060s] -- Found rosidl_adapter: 3.1.7 (/opt/ros/humble/share/rosidl_adapter/cmake)
[5.267s] -- Using all available rosidl_typesupport_cpp: rosidl_typesupport_fastrtps_cpp;rosidl_typesupport_introspection_cpp
[7.095s] -- Found ament_cmake_ros: 0.10.0 (/opt/ros/humble/share/ament_cmake_ros/cmake)
[8.240s] -- Using all available rosidl_typesupport_c: rosidl_typesupport_fastrtps_c;rosidl_typesupport_introspection_c
[9.748s] -- Using all available rosidl_typesupport_cpp: rosidl_typesupport_fastrtps_cpp;rosidl_typesupport_introspection_cpp
[9.919s] -- Found PythonInterp: /usr/bin/python3 (found suitable version "3.10.12", minimum required is "3.6") 
[9.939s] -- Found python_cmake_module: 0.10.0 (/opt/ros/humble/share/python_cmake_module/cmake)
[10.153s] -- Found PythonLibs: /usr/lib/aarch64-linux-gnu/libpython3.10.so (found suitable version "3.10.12", minimum required is "3.5") 
[10.154s] -- Using PYTHON_EXECUTABLE: /usr/bin/python3
[10.155s] -- Using PYTHON_INCLUDE_DIRS: /usr/include/python3.10
[10.156s] -- Using PYTHON_LIBRARIES: /usr/lib/aarch64-linux-gnu/libpython3.10.so
[10.285s] -- Found PythonExtra: .so  
[10.529s] -- Configuring done
[10.671s] -- Generating done
[10.723s] -- Build files have been written to: /home/sunrise/Desktop/ros2_simreal_ws/src/drive_motor/motor/build/motor_interfaces
[10.764s] Invoked command in '/home/sunrise/Desktop/ros2_simreal_ws/src/drive_motor/motor/build/motor_interfaces' returned '0': CMAKE_PREFIX_PATH=/home/sunrise/Desktop/ros2_simreal_ws/install/sim2real:/opt/ros/humble /usr/bin/cmake /home/sunrise/Desktop/ros2_simreal_ws/src/drive_motor/motor/src/motor_interfaces -DCMAKE_INSTALL_PREFIX=/home/sunrise/Desktop/ros2_simreal_ws/src/drive_motor/motor/install/motor_interfaces
[10.786s] Invoking command in '/home/sunrise/Desktop/ros2_simreal_ws/src/drive_motor/motor/build/motor_interfaces': CMAKE_PREFIX_PATH=/home/sunrise/Desktop/ros2_simreal_ws/install/sim2real:/opt/ros/humble /usr/bin/cmake --build /home/sunrise/Desktop/ros2_simreal_ws/src/drive_motor/motor/build/motor_interfaces -- -j8 -l8
[10.895s] -- Found ament_cmake: 1.3.12 (/opt/ros/humble/share/ament_cmake/cmake)
[11.663s] -- Found rosidl_default_generators: 1.2.0 (/opt/ros/humble/share/rosidl_default_generators/cmake)
[11.673s] -- Using all available rosidl_typesupport_c: rosidl_typesupport_fastrtps_c;rosidl_typesupport_introspection_c
[11.691s] -- Found rosidl_adapter: 3.1.7 (/opt/ros/humble/share/rosidl_adapter/cmake)
[11.834s] -- Using all available rosidl_typesupport_cpp: rosidl_typesupport_fastrtps_cpp;rosidl_typesupport_introspection_cpp
[13.506s] -- Found ament_cmake_ros: 0.10.0 (/opt/ros/humble/share/ament_cmake_ros/cmake)
[14.638s] -- Using all available rosidl_typesupport_c: rosidl_typesupport_fastrtps_c;rosidl_typesupport_introspection_c
[16.161s] -- Using all available rosidl_typesupport_cpp: rosidl_typesupport_fastrtps_cpp;rosidl_typesupport_introspection_cpp
[16.311s] -- Found python_cmake_module: 0.10.0 (/opt/ros/humble/share/python_cmake_module/cmake)
[16.459s] -- Using PYTHON_EXECUTABLE: /usr/bin/python3
[16.460s] -- Using PYTHON_INCLUDE_DIRS: /usr/include/python3.10
[16.460s] -- Using PYTHON_LIBRARIES: /usr/lib/aarch64-linux-gnu/libpython3.10.so
[16.541s] -- Configuring done
[16.679s] -- Generating done
[16.732s] -- Build files have been written to: /home/sunrise/Desktop/ros2_simreal_ws/src/drive_motor/motor/build/motor_interfaces
[16.822s] gmake[2]: Warning: File '/opt/ros/humble/lib/rosidl_generator_c/rosidl_generator_c' has modification time 806007045 s in the future
[16.853s] [  2%] [34m[1mGenerating C code for ROS interfaces[0m
[16.862s] gmake[2]: Warning: File '/opt/ros/humble/lib/rosidl_generator_cpp/rosidl_generator_cpp' has modification time 806007052 s in the future
[16.896s] [  5%] [34m[1mGenerating C++ code for ROS interfaces[0m
[16.931s] [  5%] Built target ament_cmake_python_copy_motor_interfaces
[18.120s] running egg_info
[18.201s] creating motor_interfaces.egg-info
[18.202s] writing motor_interfaces.egg-info/PKG-INFO
[18.204s] writing dependency_links to motor_interfaces.egg-info/dependency_links.txt
[18.206s] writing top-level names to motor_interfaces.egg-info/top_level.txt
[18.206s] writing manifest file 'motor_interfaces.egg-info/SOURCES.txt'
[18.446s] reading manifest file 'motor_interfaces.egg-info/SOURCES.txt'
[18.451s] writing manifest file 'motor_interfaces.egg-info/SOURCES.txt'
[18.669s] [  5%] Built target ament_cmake_python_build_motor_interfaces_egg
[19.603s] gmake[2]: warning:  Clock skew detected.  Your build may be incomplete.
[19.649s] [  5%] Built target motor_interfaces__cpp
[19.659s] gmake[2]: Warning: File '/opt/ros/humble/lib/rosidl_typesupport_cpp/rosidl_typesupport_cpp' has modification time 785872095 s in the future
[19.660s] gmake[2]: Warning: File '/opt/ros/humble/lib/rosidl_typesupport_fastrtps_cpp/rosidl_typesupport_fastrtps_cpp' has modification time 753228258 s in the future
[19.661s] gmake[2]: Warning: File '/opt/ros/humble/lib/rosidl_typesupport_introspection_cpp/rosidl_typesupport_introspection_cpp' has modification time 806007045 s in the future
[19.677s] gmake[2]: warning:  Clock skew detected.  Your build may be incomplete.
[19.705s] [ 10%] [34m[1mGenerating C++ type support dispatch for ROS interfaces[0m
[19.706s] [ 10%] [34m[1mGenerating C++ introspection for ROS interfaces[0m
[19.706s] [ 12%] [34m[1mGenerating C++ type support for eProsima Fast-RTPS[0m
[19.717s] gmake[2]: Warning: File '/opt/ros/humble/lib/rosidl_generator_c/rosidl_generator_c' has modification time 806007042 s in the future
[19.756s] [ 12%] [34m[1mGenerating C code for ROS interfaces[0m
[22.031s] gmake[2]: warning:  Clock skew detected.  Your build may be incomplete.
[22.036s] gmake[2]: Warning: File '/opt/ros/humble/lib/rosidl_typesupport_cpp/rosidl_typesupport_cpp' has modification time 785872093 s in the future
[22.070s] [ 12%] [34m[1mGenerating C++ type support dispatch for ROS interfaces[0m
[22.234s] gmake[2]: warning:  Clock skew detected.  Your build may be incomplete.
[22.240s] gmake[2]: Warning: File '/opt/ros/humble/lib/rosidl_typesupport_introspection_cpp/rosidl_typesupport_introspection_cpp' has modification time 806007043 s in the future
[22.275s] [ 12%] [34m[1mGenerating C++ introspection for ROS interfaces[0m
[22.329s] gmake[2]: warning:  Clock skew detected.  Your build may be incomplete.
[22.335s] gmake[2]: Warning: File '/opt/ros/humble/lib/rosidl_typesupport_fastrtps_cpp/rosidl_typesupport_fastrtps_cpp' has modification time 753228256 s in the future
[22.371s] [ 12%] [34m[1mGenerating C++ type support for eProsima Fast-RTPS[0m
[22.604s] [ 17%] [32mBuilding C object CMakeFiles/motor_interfaces__rosidl_generator_c.dir/rosidl_generator_c/motor_interfaces/msg/detail/motor_state__functions.c.o[0m
[22.605s] [ 17%] [32mBuilding C object CMakeFiles/motor_interfaces__rosidl_generator_c.dir/rosidl_generator_c/motor_interfaces/msg/detail/motor_cmd__functions.c.o[0m
[22.932s] [ 20%] [32m[1mLinking C shared library libmotor_interfaces__rosidl_generator_c.so[0m
[23.097s] gmake[2]: warning:  Clock skew detected.  Your build may be incomplete.
[23.132s] [ 20%] Built target motor_interfaces__rosidl_generator_c
[23.142s] gmake[2]: Warning: File '/opt/ros/humble/lib/rosidl_typesupport_fastrtps_c/rosidl_typesupport_fastrtps_c' has modification time 753228253 s in the future
[23.143s] gmake[2]: Warning: File '/opt/ros/humble/lib/rosidl_typesupport_introspection_c/rosidl_typesupport_introspection_c' has modification time 806007043 s in the future
[23.144s] gmake[2]: Warning: File '/opt/ros/humble/lib/rosidl_typesupport_c/rosidl_typesupport_c' has modification time 785872092 s in the future
[23.176s] [ 28%] [34m[1mGenerating C type support dispatch for ROS interfaces[0m
[23.176s] [ 28%] [34m[1mGenerating C introspection for ROS interfaces[0m
[23.177s] [ 28%] [34m[1mGenerating C type support for eProsima Fast-RTPS[0m
[24.428s] [ 30%] [32mBuilding CXX object CMakeFiles/motor_interfaces__rosidl_typesupport_cpp.dir/rosidl_typesupport_cpp/motor_interfaces/msg/motor_state__type_support.cpp.o[0m
[24.466s] [ 33%] [32mBuilding CXX object CMakeFiles/motor_interfaces__rosidl_typesupport_cpp.dir/rosidl_typesupport_cpp/motor_interfaces/msg/motor_cmd__type_support.cpp.o[0m
[24.887s] [ 35%] [32mBuilding CXX object CMakeFiles/motor_interfaces__rosidl_typesupport_introspection_cpp.dir/rosidl_typesupport_introspection_cpp/motor_interfaces/msg/detail/motor_cmd__type_support.cpp.o[0m
[24.899s] [ 38%] [32mBuilding CXX object CMakeFiles/motor_interfaces__rosidl_typesupport_introspection_cpp.dir/rosidl_typesupport_introspection_cpp/motor_interfaces/msg/detail/motor_state__type_support.cpp.o[0m
[25.028s] [ 41%] [32mBuilding CXX object CMakeFiles/motor_interfaces__rosidl_typesupport_fastrtps_cpp.dir/rosidl_typesupport_fastrtps_cpp/motor_interfaces/msg/detail/dds_fastrtps/motor_state__type_support.cpp.o[0m
[25.681s] gmake[2]: warning:  Clock skew detected.  Your build may be incomplete.
[25.689s] gmake[2]: Warning: File '/opt/ros/humble/lib/rosidl_typesupport_c/rosidl_typesupport_c' has modification time 785872089 s in the future
[25.731s] [ 41%] [34m[1mGenerating C type support dispatch for ROS interfaces[0m
[25.941s] gmake[2]: warning:  Clock skew detected.  Your build may be incomplete.
[25.948s] gmake[2]: Warning: File '/opt/ros/humble/lib/rosidl_typesupport_introspection_c/rosidl_typesupport_introspection_c' has modification time 806007040 s in the future
[25.987s] [ 41%] [34m[1mGenerating C introspection for ROS interfaces[0m
[26.131s] gmake[2]: warning:  Clock skew detected.  Your build may be incomplete.
[26.139s] gmake[2]: Warning: File '/opt/ros/humble/lib/rosidl_typesupport_fastrtps_c/rosidl_typesupport_fastrtps_c' has modification time 753228250 s in the future
[26.181s] [ 41%] [34m[1mGenerating C type support for eProsima Fast-RTPS[0m
[26.474s] [ 43%] [32mBuilding CXX object CMakeFiles/motor_interfaces__rosidl_typesupport_fastrtps_cpp.dir/rosidl_typesupport_fastrtps_cpp/motor_interfaces/msg/detail/dds_fastrtps/motor_cmd__type_support.cpp.o[0m
[26.500s] [ 46%] [32m[1mLinking CXX shared library libmotor_interfaces__rosidl_typesupport_cpp.so[0m
[26.670s] gmake[2]: warning:  Clock skew detected.  Your build may be incomplete.
[26.709s] [ 46%] Built target motor_interfaces__rosidl_typesupport_cpp
[28.002s] [ 48%] [32m[1mLinking CXX shared library libmotor_interfaces__rosidl_typesupport_introspection_cpp.so[0m
[28.381s] [ 51%] [32mBuilding CXX object CMakeFiles/motor_interfaces__rosidl_typesupport_c.dir/rosidl_typesupport_c/motor_interfaces/msg/motor_state__type_support.cpp.o[0m
[28.404s] [ 53%] [32mBuilding CXX object CMakeFiles/motor_interfaces__rosidl_typesupport_c.dir/rosidl_typesupport_c/motor_interfaces/msg/motor_cmd__type_support.cpp.o[0m
[28.446s] gmake[2]: warning:  Clock skew detected.  Your build may be incomplete.
[28.483s] [ 53%] Built target motor_interfaces__rosidl_typesupport_introspection_cpp
[28.553s] [ 56%] [32m[1mLinking CXX shared library libmotor_interfaces__rosidl_typesupport_c.so[0m
[28.702s] gmake[2]: warning:  Clock skew detected.  Your build may be incomplete.
[28.737s] [ 56%] Built target motor_interfaces__rosidl_typesupport_c
[28.792s] [ 61%] [32mBuilding C object CMakeFiles/motor_interfaces__rosidl_typesupport_introspection_c.dir/rosidl_typesupport_introspection_c/motor_interfaces/msg/detail/motor_state__type_support.c.o[0m
[28.792s] [ 61%] [32mBuilding C object CMakeFiles/motor_interfaces__rosidl_typesupport_introspection_c.dir/rosidl_typesupport_introspection_c/motor_interfaces/msg/detail/motor_cmd__type_support.c.o[0m
[29.042s] [ 64%] [32m[1mLinking C shared library libmotor_interfaces__rosidl_typesupport_introspection_c.so[0m
[29.070s] [ 69%] [32mBuilding CXX object CMakeFiles/motor_interfaces__rosidl_typesupport_fastrtps_c.dir/rosidl_typesupport_fastrtps_c/motor_interfaces/msg/detail/motor_state__type_support_c.cpp.o[0m
[29.071s] [ 69%] [32mBuilding CXX object CMakeFiles/motor_interfaces__rosidl_typesupport_fastrtps_c.dir/rosidl_typesupport_fastrtps_c/motor_interfaces/msg/detail/motor_cmd__type_support_c.cpp.o[0m
[29.140s] gmake[2]: warning:  Clock skew detected.  Your build may be incomplete.
[29.180s] [ 69%] Built target motor_interfaces__rosidl_typesupport_introspection_c
[29.434s] [ 71%] [32m[1mLinking CXX shared library libmotor_interfaces__rosidl_typesupport_fastrtps_cpp.so[0m
[29.865s] gmake[2]: warning:  Clock skew detected.  Your build may be incomplete.
[29.900s] [ 71%] Built target motor_interfaces__rosidl_typesupport_fastrtps_cpp
[31.032s] [ 74%] [32m[1mLinking CXX shared library libmotor_interfaces__rosidl_typesupport_fastrtps_c.so[0m
[31.486s] gmake[2]: warning:  Clock skew detected.  Your build may be incomplete.
[31.522s] [ 74%] Built target motor_interfaces__rosidl_typesupport_fastrtps_c
[31.578s] gmake[2]: Warning: File '/home/sunrise/Desktop/ros2_simreal_ws/src/drive_motor/motor/src/motor_interfaces/msg/MotorState.msg' has modification time 835262251 s in the future
[31.578s] gmake[2]: warning:  Clock skew detected.  Your build may be incomplete.
[31.614s] [ 74%] Built target motor_interfaces
[31.678s] gmake[2]: Warning: File '/opt/ros/humble/lib/rosidl_generator_py/rosidl_generator_py' has modification time 806007219 s in the future
[31.714s] [ 76%] [34m[1mGenerating Python code for ROS interfaces[0m
[35.623s] gmake[2]: warning:  Clock skew detected.  Your build may be incomplete.
[35.660s] [ 76%] Built target motor_interfaces__py
[35.720s] gmake[2]: Warning: File '/usr/lib/aarch64-linux-gnu/libpython3.10.so' has modification time 801680934 s in the future
[35.753s] [ 82%] [32mBuilding C object CMakeFiles/motor_interfaces__rosidl_generator_py.dir/rosidl_generator_py/motor_interfaces/msg/_motor_cmd_s.c.o[0m
[35.754s] [ 82%] [32mBuilding C object CMakeFiles/motor_interfaces__rosidl_generator_py.dir/rosidl_generator_py/motor_interfaces/msg/_motor_state_s.c.o[0m
[36.665s] [ 84%] [32m[1mLinking C shared library rosidl_generator_py/motor_interfaces/libmotor_interfaces__rosidl_generator_py.so[0m
[36.862s] gmake[2]: warning:  Clock skew detected.  Your build may be incomplete.
[36.903s] [ 84%] Built target motor_interfaces__rosidl_generator_py
[36.963s] gmake[2]: Warning: File '/usr/lib/aarch64-linux-gnu/libpython3.10.so' has modification time 801680933 s in the future
[36.964s] gmake[2]: Warning: File '/usr/lib/aarch64-linux-gnu/libpython3.10.so' has modification time 801680933 s in the future
[36.964s] gmake[2]: Warning: File '/usr/lib/aarch64-linux-gnu/libpython3.10.so' has modification time 801680933 s in the future
[36.995s] [ 92%] [32mBuilding C object CMakeFiles/motor_interfaces__rosidl_typesupport_c__pyext.dir/rosidl_generator_py/motor_interfaces/_motor_interfaces_s.ep.rosidl_typesupport_c.c.o[0m
[36.995s] [ 92%] [32mBuilding C object CMakeFiles/motor_interfaces__rosidl_typesupport_introspection_c__pyext.dir/rosidl_generator_py/motor_interfaces/_motor_interfaces_s.ep.rosidl_typesupport_introspection_c.c.o[0m
[36.996s] [ 92%] [32mBuilding C object CMakeFiles/motor_interfaces__rosidl_typesupport_fastrtps_c__pyext.dir/rosidl_generator_py/motor_interfaces/_motor_interfaces_s.ep.rosidl_typesupport_fastrtps_c.c.o[0m
[37.531s] [ 94%] [32m[1mLinking C shared library rosidl_generator_py/motor_interfaces/motor_interfaces_s__rosidl_typesupport_c.cpython-310-aarch64-linux-gnu.so[0m
[37.543s] [ 97%] [32m[1mLinking C shared library rosidl_generator_py/motor_interfaces/motor_interfaces_s__rosidl_typesupport_introspection_c.cpython-310-aarch64-linux-gnu.so[0m
[37.550s] [100%] [32m[1mLinking C shared library rosidl_generator_py/motor_interfaces/motor_interfaces_s__rosidl_typesupport_fastrtps_c.cpython-310-aarch64-linux-gnu.so[0m
[37.659s] gmake[2]: warning:  Clock skew detected.  Your build may be incomplete.
[37.671s] gmake[2]: warning:  Clock skew detected.  Your build may be incomplete.
[37.687s] gmake[2]: warning:  Clock skew detected.  Your build may be incomplete.
[37.694s] [100%] Built target motor_interfaces__rosidl_typesupport_c__pyext
[37.705s] [100%] Built target motor_interfaces__rosidl_typesupport_introspection_c__pyext
[37.722s] [100%] Built target motor_interfaces__rosidl_typesupport_fastrtps_c__pyext
[37.788s] Invoked command in '/home/sunrise/Desktop/ros2_simreal_ws/src/drive_motor/motor/build/motor_interfaces' returned '0': CMAKE_PREFIX_PATH=/home/sunrise/Desktop/ros2_simreal_ws/install/sim2real:/opt/ros/humble /usr/bin/cmake --build /home/sunrise/Desktop/ros2_simreal_ws/src/drive_motor/motor/build/motor_interfaces -- -j8 -l8
[37.846s] Invoking command in '/home/sunrise/Desktop/ros2_simreal_ws/src/drive_motor/motor/build/motor_interfaces': CMAKE_PREFIX_PATH=/home/sunrise/Desktop/ros2_simreal_ws/install/sim2real:/opt/ros/humble /usr/bin/cmake --install /home/sunrise/Desktop/ros2_simreal_ws/src/drive_motor/motor/build/motor_interfaces
[37.881s] -- Install configuration: ""
[37.882s] -- Installing: /home/sunrise/Desktop/ros2_simreal_ws/src/drive_motor/motor/install/motor_interfaces/share/ament_index/resource_index/rosidl_interfaces/motor_interfaces
[37.882s] -- Installing: /home/sunrise/Desktop/ros2_simreal_ws/src/drive_motor/motor/install/motor_interfaces/include/motor_interfaces/motor_interfaces
[37.883s] -- Installing: /home/sunrise/Desktop/ros2_simreal_ws/src/drive_motor/motor/install/motor_interfaces/include/motor_interfaces/motor_interfaces/msg
[37.883s] -- Installing: /home/sunrise/Desktop/ros2_simreal_ws/src/drive_motor/motor/install/motor_interfaces/include/motor_interfaces/motor_interfaces/msg/motor_cmd.h
[37.884s] -- Installing: /home/sunrise/Desktop/ros2_simreal_ws/src/drive_motor/motor/install/motor_interfaces/include/motor_interfaces/motor_interfaces/msg/detail
[37.884s] -- Installing: /home/sunrise/Desktop/ros2_simreal_ws/src/drive_motor/motor/install/motor_interfaces/include/motor_interfaces/motor_interfaces/msg/detail/motor_state__type_support.h
[37.885s] -- Installing: /home/sunrise/Desktop/ros2_simreal_ws/src/drive_motor/motor/install/motor_interfaces/include/motor_interfaces/motor_interfaces/msg/detail/motor_state__struct.h
[37.886s] -- Installing: /home/sunrise/Desktop/ros2_simreal_ws/src/drive_motor/motor/install/motor_interfaces/include/motor_interfaces/motor_interfaces/msg/detail/motor_state__functions.h
[37.886s] -- Installing: /home/sunrise/Desktop/ros2_simreal_ws/src/drive_motor/motor/install/motor_interfaces/include/motor_interfaces/motor_interfaces/msg/detail/motor_cmd__struct.h
[37.887s] -- Installing: /home/sunrise/Desktop/ros2_simreal_ws/src/drive_motor/motor/install/motor_interfaces/include/motor_interfaces/motor_interfaces/msg/detail/motor_cmd__functions.h
[37.887s] -- Installing: /home/sunrise/Desktop/ros2_simreal_ws/src/drive_motor/motor/install/motor_interfaces/include/motor_interfaces/motor_interfaces/msg/detail/motor_state__functions.c
[37.888s] -- Installing: /home/sunrise/Desktop/ros2_simreal_ws/src/drive_motor/motor/install/motor_interfaces/include/motor_interfaces/motor_interfaces/msg/detail/motor_cmd__type_support.h
[37.888s] -- Installing: /home/sunrise/Desktop/ros2_simreal_ws/src/drive_motor/motor/install/motor_interfaces/include/motor_interfaces/motor_interfaces/msg/detail/motor_cmd__functions.c
[37.889s] -- Installing: /home/sunrise/Desktop/ros2_simreal_ws/src/drive_motor/motor/install/motor_interfaces/include/motor_interfaces/motor_interfaces/msg/rosidl_generator_c__visibility_control.h
[37.889s] -- Installing: /home/sunrise/Desktop/ros2_simreal_ws/src/drive_motor/motor/install/motor_interfaces/include/motor_interfaces/motor_interfaces/msg/motor_state.h
[37.890s] -- Installing: /home/sunrise/Desktop/ros2_simreal_ws/src/drive_motor/motor/install/motor_interfaces/share/motor_interfaces/environment/library_path.sh
[37.890s] -- Installing: /home/sunrise/Desktop/ros2_simreal_ws/src/drive_motor/motor/install/motor_interfaces/share/motor_interfaces/environment/library_path.dsv
[37.891s] -- Installing: /home/sunrise/Desktop/ros2_simreal_ws/src/drive_motor/motor/install/motor_interfaces/lib/libmotor_interfaces__rosidl_generator_c.so
[37.893s] -- Set runtime path of "/home/sunrise/Desktop/ros2_simreal_ws/src/drive_motor/motor/install/motor_interfaces/lib/libmotor_interfaces__rosidl_generator_c.so" to ""
[37.894s] -- Up-to-date: /home/sunrise/Desktop/ros2_simreal_ws/src/drive_motor/motor/install/motor_interfaces/include/motor_interfaces/motor_interfaces
[37.894s] -- Up-to-date: /home/sunrise/Desktop/ros2_simreal_ws/src/drive_motor/motor/install/motor_interfaces/include/motor_interfaces/motor_interfaces/msg
[37.895s] -- Up-to-date: /home/sunrise/Desktop/ros2_simreal_ws/src/drive_motor/motor/install/motor_interfaces/include/motor_interfaces/motor_interfaces/msg/detail
[37.895s] -- Installing: /home/sunrise/Desktop/ros2_simreal_ws/src/drive_motor/motor/install/motor_interfaces/include/motor_interfaces/motor_interfaces/msg/detail/motor_state__rosidl_typesupport_fastrtps_c.h
[37.896s] -- Installing: /home/sunrise/Desktop/ros2_simreal_ws/src/drive_motor/motor/install/motor_interfaces/include/motor_interfaces/motor_interfaces/msg/detail/motor_cmd__rosidl_typesupport_fastrtps_c.h
[37.896s] -- Installing: /home/sunrise/Desktop/ros2_simreal_ws/src/drive_motor/motor/install/motor_interfaces/include/motor_interfaces/motor_interfaces/msg/rosidl_typesupport_fastrtps_c__visibility_control.h
[37.896s] -- Installing: /home/sunrise/Desktop/ros2_simreal_ws/src/drive_motor/motor/install/motor_interfaces/lib/libmotor_interfaces__rosidl_typesupport_fastrtps_c.so
[37.897s] -- Set runtime path of "/home/sunrise/Desktop/ros2_simreal_ws/src/drive_motor/motor/install/motor_interfaces/lib/libmotor_interfaces__rosidl_typesupport_fastrtps_c.so" to ""
[37.898s] -- Up-to-date: /home/sunrise/Desktop/ros2_simreal_ws/src/drive_motor/motor/install/motor_interfaces/include/motor_interfaces/motor_interfaces
[37.898s] -- Up-to-date: /home/sunrise/Desktop/ros2_simreal_ws/src/drive_motor/motor/install/motor_interfaces/include/motor_interfaces/motor_interfaces/msg
[37.899s] -- Up-to-date: /home/sunrise/Desktop/ros2_simreal_ws/src/drive_motor/motor/install/motor_interfaces/include/motor_interfaces/motor_interfaces/msg/detail
[37.899s] -- Installing: /home/sunrise/Desktop/ros2_simreal_ws/src/drive_motor/motor/install/motor_interfaces/include/motor_interfaces/motor_interfaces/msg/detail/motor_state__type_support.c
[37.900s] -- Installing: /home/sunrise/Desktop/ros2_simreal_ws/src/drive_motor/motor/install/motor_interfaces/include/motor_interfaces/motor_interfaces/msg/detail/motor_cmd__type_support.c
[37.900s] -- Installing: /home/sunrise/Desktop/ros2_simreal_ws/src/drive_motor/motor/install/motor_interfaces/include/motor_interfaces/motor_interfaces/msg/detail/motor_state__rosidl_typesupport_introspection_c.h
[37.901s] -- Installing: /home/sunrise/Desktop/ros2_simreal_ws/src/drive_motor/motor/install/motor_interfaces/include/motor_interfaces/motor_interfaces/msg/detail/motor_cmd__rosidl_typesupport_introspection_c.h
[37.901s] -- Installing: /home/sunrise/Desktop/ros2_simreal_ws/src/drive_motor/motor/install/motor_interfaces/include/motor_interfaces/motor_interfaces/msg/rosidl_typesupport_introspection_c__visibility_control.h
[37.902s] -- Installing: /home/sunrise/Desktop/ros2_simreal_ws/src/drive_motor/motor/install/motor_interfaces/lib/libmotor_interfaces__rosidl_typesupport_introspection_c.so
[37.902s] -- Set runtime path of "/home/sunrise/Desktop/ros2_simreal_ws/src/drive_motor/motor/install/motor_interfaces/lib/libmotor_interfaces__rosidl_typesupport_introspection_c.so" to ""
[37.903s] -- Installing: /home/sunrise/Desktop/ros2_simreal_ws/src/drive_motor/motor/install/motor_interfaces/lib/libmotor_interfaces__rosidl_typesupport_c.so
[37.903s] -- Set runtime path of "/home/sunrise/Desktop/ros2_simreal_ws/src/drive_motor/motor/install/motor_interfaces/lib/libmotor_interfaces__rosidl_typesupport_c.so" to ""
[37.904s] -- Up-to-date: /home/sunrise/Desktop/ros2_simreal_ws/src/drive_motor/motor/install/motor_interfaces/include/motor_interfaces/motor_interfaces
[37.904s] -- Up-to-date: /home/sunrise/Desktop/ros2_simreal_ws/src/drive_motor/motor/install/motor_interfaces/include/motor_interfaces/motor_interfaces/msg
[37.905s] -- Installing: /home/sunrise/Desktop/ros2_simreal_ws/src/drive_motor/motor/install/motor_interfaces/include/motor_interfaces/motor_interfaces/msg/motor_state.hpp
[37.905s] -- Installing: /home/sunrise/Desktop/ros2_simreal_ws/src/drive_motor/motor/install/motor_interfaces/include/motor_interfaces/motor_interfaces/msg/motor_cmd.hpp
[37.906s] -- Up-to-date: /home/sunrise/Desktop/ros2_simreal_ws/src/drive_motor/motor/install/motor_interfaces/include/motor_interfaces/motor_interfaces/msg/detail
[37.906s] -- Installing: /home/sunrise/Desktop/ros2_simreal_ws/src/drive_motor/motor/install/motor_interfaces/include/motor_interfaces/motor_interfaces/msg/detail/motor_cmd__type_support.hpp
[37.907s] -- Installing: /home/sunrise/Desktop/ros2_simreal_ws/src/drive_motor/motor/install/motor_interfaces/include/motor_interfaces/motor_interfaces/msg/detail/motor_state__builder.hpp
[37.907s] -- Installing: /home/sunrise/Desktop/ros2_simreal_ws/src/drive_motor/motor/install/motor_interfaces/include/motor_interfaces/motor_interfaces/msg/detail/motor_state__struct.hpp
[37.908s] -- Installing: /home/sunrise/Desktop/ros2_simreal_ws/src/drive_motor/motor/install/motor_interfaces/include/motor_interfaces/motor_interfaces/msg/detail/motor_cmd__builder.hpp
[37.908s] -- Installing: /home/sunrise/Desktop/ros2_simreal_ws/src/drive_motor/motor/install/motor_interfaces/include/motor_interfaces/motor_interfaces/msg/detail/motor_state__traits.hpp
[37.909s] -- Installing: /home/sunrise/Desktop/ros2_simreal_ws/src/drive_motor/motor/install/motor_interfaces/include/motor_interfaces/motor_interfaces/msg/detail/motor_cmd__traits.hpp
[37.909s] -- Installing: /home/sunrise/Desktop/ros2_simreal_ws/src/drive_motor/motor/install/motor_interfaces/include/motor_interfaces/motor_interfaces/msg/detail/motor_state__type_support.hpp
[37.910s] -- Installing: /home/sunrise/Desktop/ros2_simreal_ws/src/drive_motor/motor/install/motor_interfaces/include/motor_interfaces/motor_interfaces/msg/detail/motor_cmd__struct.hpp
[37.911s] -- Installing: /home/sunrise/Desktop/ros2_simreal_ws/src/drive_motor/motor/install/motor_interfaces/include/motor_interfaces/motor_interfaces/msg/rosidl_generator_cpp__visibility_control.hpp
[37.911s] -- Up-to-date: /home/sunrise/Desktop/ros2_simreal_ws/src/drive_motor/motor/install/motor_interfaces/include/motor_interfaces/motor_interfaces
[37.911s] -- Up-to-date: /home/sunrise/Desktop/ros2_simreal_ws/src/drive_motor/motor/install/motor_interfaces/include/motor_interfaces/motor_interfaces/msg
[37.912s] -- Installing: /home/sunrise/Desktop/ros2_simreal_ws/src/drive_motor/motor/install/motor_interfaces/include/motor_interfaces/motor_interfaces/msg/rosidl_typesupport_fastrtps_cpp__visibility_control.h
[37.912s] -- Up-to-date: /home/sunrise/Desktop/ros2_simreal_ws/src/drive_motor/motor/install/motor_interfaces/include/motor_interfaces/motor_interfaces/msg/detail
[37.913s] -- Installing: /home/sunrise/Desktop/ros2_simreal_ws/src/drive_motor/motor/install/motor_interfaces/include/motor_interfaces/motor_interfaces/msg/detail/motor_state__rosidl_typesupport_fastrtps_cpp.hpp
[37.914s] -- Installing: /home/sunrise/Desktop/ros2_simreal_ws/src/drive_motor/motor/install/motor_interfaces/include/motor_interfaces/motor_interfaces/msg/detail/motor_cmd__rosidl_typesupport_fastrtps_cpp.hpp
[37.914s] -- Installing: /home/sunrise/Desktop/ros2_simreal_ws/src/drive_motor/motor/install/motor_interfaces/include/motor_interfaces/motor_interfaces/msg/detail/dds_fastrtps
[37.915s] -- Installing: /home/sunrise/Desktop/ros2_simreal_ws/src/drive_motor/motor/install/motor_interfaces/lib/libmotor_interfaces__rosidl_typesupport_fastrtps_cpp.so
[37.915s] -- Set runtime path of "/home/sunrise/Desktop/ros2_simreal_ws/src/drive_motor/motor/install/motor_interfaces/lib/libmotor_interfaces__rosidl_typesupport_fastrtps_cpp.so" to ""
[37.916s] -- Up-to-date: /home/sunrise/Desktop/ros2_simreal_ws/src/drive_motor/motor/install/motor_interfaces/include/motor_interfaces/motor_interfaces
[37.916s] -- Up-to-date: /home/sunrise/Desktop/ros2_simreal_ws/src/drive_motor/motor/install/motor_interfaces/include/motor_interfaces/motor_interfaces/msg
[37.917s] -- Up-to-date: /home/sunrise/Desktop/ros2_simreal_ws/src/drive_motor/motor/install/motor_interfaces/include/motor_interfaces/motor_interfaces/msg/detail
[37.917s] -- Installing: /home/sunrise/Desktop/ros2_simreal_ws/src/drive_motor/motor/install/motor_interfaces/include/motor_interfaces/motor_interfaces/msg/detail/motor_cmd__rosidl_typesupport_introspection_cpp.hpp
[37.917s] -- Installing: /home/sunrise/Desktop/ros2_simreal_ws/src/drive_motor/motor/install/motor_interfaces/include/motor_interfaces/motor_interfaces/msg/detail/motor_state__rosidl_typesupport_introspection_cpp.hpp
[37.918s] -- Installing: /home/sunrise/Desktop/ros2_simreal_ws/src/drive_motor/motor/install/motor_interfaces/include/motor_interfaces/motor_interfaces/msg/detail/motor_cmd__type_support.cpp
[37.918s] -- Installing: /home/sunrise/Desktop/ros2_simreal_ws/src/drive_motor/motor/install/motor_interfaces/include/motor_interfaces/motor_interfaces/msg/detail/motor_state__type_support.cpp
[37.919s] -- Installing: /home/sunrise/Desktop/ros2_simreal_ws/src/drive_motor/motor/install/motor_interfaces/lib/libmotor_interfaces__rosidl_typesupport_introspection_cpp.so
[37.919s] -- Set runtime path of "/home/sunrise/Desktop/ros2_simreal_ws/src/drive_motor/motor/install/motor_interfaces/lib/libmotor_interfaces__rosidl_typesupport_introspection_cpp.so" to ""
[37.920s] -- Installing: /home/sunrise/Desktop/ros2_simreal_ws/src/drive_motor/motor/install/motor_interfaces/lib/libmotor_interfaces__rosidl_typesupport_cpp.so
[37.920s] -- Set runtime path of "/home/sunrise/Desktop/ros2_simreal_ws/src/drive_motor/motor/install/motor_interfaces/lib/libmotor_interfaces__rosidl_typesupport_cpp.so" to ""
[37.921s] -- Installing: /home/sunrise/Desktop/ros2_simreal_ws/src/drive_motor/motor/install/motor_interfaces/share/motor_interfaces/environment/pythonpath.sh
[37.921s] -- Installing: /home/sunrise/Desktop/ros2_simreal_ws/src/drive_motor/motor/install/motor_interfaces/share/motor_interfaces/environment/pythonpath.dsv
[37.922s] -- Installing: /home/sunrise/Desktop/ros2_simreal_ws/src/drive_motor/motor/install/motor_interfaces/local/lib/python3.10/dist-packages/motor_interfaces-0.1.0-py3.10.egg-info
[37.922s] -- Installing: /home/sunrise/Desktop/ros2_simreal_ws/src/drive_motor/motor/install/motor_interfaces/local/lib/python3.10/dist-packages/motor_interfaces-0.1.0-py3.10.egg-info/top_level.txt
[37.923s] -- Installing: /home/sunrise/Desktop/ros2_simreal_ws/src/drive_motor/motor/install/motor_interfaces/local/lib/python3.10/dist-packages/motor_interfaces-0.1.0-py3.10.egg-info/dependency_links.txt
[37.923s] -- Installing: /home/sunrise/Desktop/ros2_simreal_ws/src/drive_motor/motor/install/motor_interfaces/local/lib/python3.10/dist-packages/motor_interfaces-0.1.0-py3.10.egg-info/PKG-INFO
[37.924s] -- Installing: /home/sunrise/Desktop/ros2_simreal_ws/src/drive_motor/motor/install/motor_interfaces/local/lib/python3.10/dist-packages/motor_interfaces-0.1.0-py3.10.egg-info/SOURCES.txt
[37.924s] -- Installing: /home/sunrise/Desktop/ros2_simreal_ws/src/drive_motor/motor/install/motor_interfaces/local/lib/python3.10/dist-packages/motor_interfaces
[37.925s] -- Installing: /home/sunrise/Desktop/ros2_simreal_ws/src/drive_motor/motor/install/motor_interfaces/local/lib/python3.10/dist-packages/motor_interfaces/libmotor_interfaces__rosidl_generator_py.so
[37.925s] -- Installing: /home/sunrise/Desktop/ros2_simreal_ws/src/drive_motor/motor/install/motor_interfaces/local/lib/python3.10/dist-packages/motor_interfaces/motor_interfaces_s__rosidl_typesupport_introspection_c.cpython-310-aarch64-linux-gnu.so
[37.926s] -- Installing: /home/sunrise/Desktop/ros2_simreal_ws/src/drive_motor/motor/install/motor_interfaces/local/lib/python3.10/dist-packages/motor_interfaces/_motor_interfaces_s.ep.rosidl_typesupport_fastrtps_c.c
[37.927s] -- Installing: /home/sunrise/Desktop/ros2_simreal_ws/src/drive_motor/motor/install/motor_interfaces/local/lib/python3.10/dist-packages/motor_interfaces/msg
[37.927s] -- Installing: /home/sunrise/Desktop/ros2_simreal_ws/src/drive_motor/motor/install/motor_interfaces/local/lib/python3.10/dist-packages/motor_interfaces/msg/__init__.py
[37.928s] -- Installing: /home/sunrise/Desktop/ros2_simreal_ws/src/drive_motor/motor/install/motor_interfaces/local/lib/python3.10/dist-packages/motor_interfaces/msg/_motor_state_s.c
[37.928s] -- Installing: /home/sunrise/Desktop/ros2_simreal_ws/src/drive_motor/motor/install/motor_interfaces/local/lib/python3.10/dist-packages/motor_interfaces/msg/_motor_state.py
[37.929s] -- Installing: /home/sunrise/Desktop/ros2_simreal_ws/src/drive_motor/motor/install/motor_interfaces/local/lib/python3.10/dist-packages/motor_interfaces/msg/_motor_cmd_s.c
[37.929s] -- Installing: /home/sunrise/Desktop/ros2_simreal_ws/src/drive_motor/motor/install/motor_interfaces/local/lib/python3.10/dist-packages/motor_interfaces/msg/_motor_cmd.py
[37.930s] -- Installing: /home/sunrise/Desktop/ros2_simreal_ws/src/drive_motor/motor/install/motor_interfaces/local/lib/python3.10/dist-packages/motor_interfaces/__init__.py
[37.930s] -- Installing: /home/sunrise/Desktop/ros2_simreal_ws/src/drive_motor/motor/install/motor_interfaces/local/lib/python3.10/dist-packages/motor_interfaces/motor_interfaces_s__rosidl_typesupport_fastrtps_c.cpython-310-aarch64-linux-gnu.so
[37.931s] -- Installing: /home/sunrise/Desktop/ros2_simreal_ws/src/drive_motor/motor/install/motor_interfaces/local/lib/python3.10/dist-packages/motor_interfaces/_motor_interfaces_s.ep.rosidl_typesupport_introspection_c.c
[37.931s] -- Installing: /home/sunrise/Desktop/ros2_simreal_ws/src/drive_motor/motor/install/motor_interfaces/local/lib/python3.10/dist-packages/motor_interfaces/motor_interfaces_s__rosidl_typesupport_c.cpython-310-aarch64-linux-gnu.so
[37.932s] -- Installing: /home/sunrise/Desktop/ros2_simreal_ws/src/drive_motor/motor/install/motor_interfaces/local/lib/python3.10/dist-packages/motor_interfaces/_motor_interfaces_s.ep.rosidl_typesupport_c.c
[38.144s] Listing '/home/sunrise/Desktop/ros2_simreal_ws/src/drive_motor/motor/install/motor_interfaces/local/lib/python3.10/dist-packages/motor_interfaces'...
[38.144s] Compiling '/home/sunrise/Desktop/ros2_simreal_ws/src/drive_motor/motor/install/motor_interfaces/local/lib/python3.10/dist-packages/motor_interfaces/__init__.py'...
[38.145s] Listing '/home/sunrise/Desktop/ros2_simreal_ws/src/drive_motor/motor/install/motor_interfaces/local/lib/python3.10/dist-packages/motor_interfaces/msg'...
[38.146s] Compiling '/home/sunrise/Desktop/ros2_simreal_ws/src/drive_motor/motor/install/motor_interfaces/local/lib/python3.10/dist-packages/motor_interfaces/msg/__init__.py'...
[38.146s] Compiling '/home/sunrise/Desktop/ros2_simreal_ws/src/drive_motor/motor/install/motor_interfaces/local/lib/python3.10/dist-packages/motor_interfaces/msg/_motor_cmd.py'...
[38.147s] Compiling '/home/sunrise/Desktop/ros2_simreal_ws/src/drive_motor/motor/install/motor_interfaces/local/lib/python3.10/dist-packages/motor_interfaces/msg/_motor_state.py'...
[38.186s] -- Installing: /home/sunrise/Desktop/ros2_simreal_ws/src/drive_motor/motor/install/motor_interfaces/local/lib/python3.10/dist-packages/motor_interfaces/motor_interfaces_s__rosidl_typesupport_fastrtps_c.cpython-310-aarch64-linux-gnu.so
[38.188s] -- Set runtime path of "/home/sunrise/Desktop/ros2_simreal_ws/src/drive_motor/motor/install/motor_interfaces/local/lib/python3.10/dist-packages/motor_interfaces/motor_interfaces_s__rosidl_typesupport_fastrtps_c.cpython-310-aarch64-linux-gnu.so" to ""
[38.188s] -- Installing: /home/sunrise/Desktop/ros2_simreal_ws/src/drive_motor/motor/install/motor_interfaces/local/lib/python3.10/dist-packages/motor_interfaces/motor_interfaces_s__rosidl_typesupport_introspection_c.cpython-310-aarch64-linux-gnu.so
[38.190s] -- Set runtime path of "/home/sunrise/Desktop/ros2_simreal_ws/src/drive_motor/motor/install/motor_interfaces/local/lib/python3.10/dist-packages/motor_interfaces/motor_interfaces_s__rosidl_typesupport_introspection_c.cpython-310-aarch64-linux-gnu.so" to ""
[38.190s] -- Installing: /home/sunrise/Desktop/ros2_simreal_ws/src/drive_motor/motor/install/motor_interfaces/local/lib/python3.10/dist-packages/motor_interfaces/motor_interfaces_s__rosidl_typesupport_c.cpython-310-aarch64-linux-gnu.so
[38.192s] -- Set runtime path of "/home/sunrise/Desktop/ros2_simreal_ws/src/drive_motor/motor/install/motor_interfaces/local/lib/python3.10/dist-packages/motor_interfaces/motor_interfaces_s__rosidl_typesupport_c.cpython-310-aarch64-linux-gnu.so" to ""
[38.192s] -- Installing: /home/sunrise/Desktop/ros2_simreal_ws/src/drive_motor/motor/install/motor_interfaces/lib/libmotor_interfaces__rosidl_generator_py.so
[38.193s] -- Set runtime path of "/home/sunrise/Desktop/ros2_simreal_ws/src/drive_motor/motor/install/motor_interfaces/lib/libmotor_interfaces__rosidl_generator_py.so" to ""
[38.194s] -- Installing: /home/sunrise/Desktop/ros2_simreal_ws/src/drive_motor/motor/install/motor_interfaces/share/motor_interfaces/msg/MotorState.idl
[38.194s] -- Installing: /home/sunrise/Desktop/ros2_simreal_ws/src/drive_motor/motor/install/motor_interfaces/share/motor_interfaces/msg/MotorCmd.idl
[38.195s] -- Installing: /home/sunrise/Desktop/ros2_simreal_ws/src/drive_motor/motor/install/motor_interfaces/share/motor_interfaces/msg/MotorState.msg
[38.196s] -- Installing: /home/sunrise/Desktop/ros2_simreal_ws/src/drive_motor/motor/install/motor_interfaces/share/motor_interfaces/msg/MotorCmd.msg
[38.196s] -- Installing: /home/sunrise/Desktop/ros2_simreal_ws/src/drive_motor/motor/install/motor_interfaces/share/ament_index/resource_index/package_run_dependencies/motor_interfaces
[38.197s] -- Installing: /home/sunrise/Desktop/ros2_simreal_ws/src/drive_motor/motor/install/motor_interfaces/share/ament_index/resource_index/parent_prefix_path/motor_interfaces
[38.198s] -- Installing: /home/sunrise/Desktop/ros2_simreal_ws/src/drive_motor/motor/install/motor_interfaces/share/motor_interfaces/environment/ament_prefix_path.sh
[38.198s] -- Installing: /home/sunrise/Desktop/ros2_simreal_ws/src/drive_motor/motor/install/motor_interfaces/share/motor_interfaces/environment/ament_prefix_path.dsv
[38.199s] -- Installing: /home/sunrise/Desktop/ros2_simreal_ws/src/drive_motor/motor/install/motor_interfaces/share/motor_interfaces/environment/path.sh
[38.199s] -- Installing: /home/sunrise/Desktop/ros2_simreal_ws/src/drive_motor/motor/install/motor_interfaces/share/motor_interfaces/environment/path.dsv
[38.200s] -- Installing: /home/sunrise/Desktop/ros2_simreal_ws/src/drive_motor/motor/install/motor_interfaces/share/motor_interfaces/local_setup.bash
[38.201s] -- Installing: /home/sunrise/Desktop/ros2_simreal_ws/src/drive_motor/motor/install/motor_interfaces/share/motor_interfaces/local_setup.sh
[38.201s] -- Installing: /home/sunrise/Desktop/ros2_simreal_ws/src/drive_motor/motor/install/motor_interfaces/share/motor_interfaces/local_setup.zsh
[38.202s] -- Installing: /home/sunrise/Desktop/ros2_simreal_ws/src/drive_motor/motor/install/motor_interfaces/share/motor_interfaces/local_setup.dsv
[38.202s] -- Installing: /home/sunrise/Desktop/ros2_simreal_ws/src/drive_motor/motor/install/motor_interfaces/share/motor_interfaces/package.dsv
[38.203s] -- Installing: /home/sunrise/Desktop/ros2_simreal_ws/src/drive_motor/motor/install/motor_interfaces/share/ament_index/resource_index/packages/motor_interfaces
[38.204s] -- Installing: /home/sunrise/Desktop/ros2_simreal_ws/src/drive_motor/motor/install/motor_interfaces/share/motor_interfaces/cmake/export_motor_interfaces__rosidl_generator_cExport.cmake
[38.204s] -- Installing: /home/sunrise/Desktop/ros2_simreal_ws/src/drive_motor/motor/install/motor_interfaces/share/motor_interfaces/cmake/export_motor_interfaces__rosidl_generator_cExport-noconfig.cmake
[38.205s] -- Installing: /home/sunrise/Desktop/ros2_simreal_ws/src/drive_motor/motor/install/motor_interfaces/share/motor_interfaces/cmake/export_motor_interfaces__rosidl_typesupport_fastrtps_cExport.cmake
[38.206s] -- Installing: /home/sunrise/Desktop/ros2_simreal_ws/src/drive_motor/motor/install/motor_interfaces/share/motor_interfaces/cmake/export_motor_interfaces__rosidl_typesupport_fastrtps_cExport-noconfig.cmake
[38.206s] -- Installing: /home/sunrise/Desktop/ros2_simreal_ws/src/drive_motor/motor/install/motor_interfaces/share/motor_interfaces/cmake/motor_interfaces__rosidl_typesupport_introspection_cExport.cmake
[38.207s] -- Installing: /home/sunrise/Desktop/ros2_simreal_ws/src/drive_motor/motor/install/motor_interfaces/share/motor_interfaces/cmake/motor_interfaces__rosidl_typesupport_introspection_cExport-noconfig.cmake
[38.207s] -- Installing: /home/sunrise/Desktop/ros2_simreal_ws/src/drive_motor/motor/install/motor_interfaces/share/motor_interfaces/cmake/motor_interfaces__rosidl_typesupport_cExport.cmake
[38.208s] -- Installing: /home/sunrise/Desktop/ros2_simreal_ws/src/drive_motor/motor/install/motor_interfaces/share/motor_interfaces/cmake/motor_interfaces__rosidl_typesupport_cExport-noconfig.cmake
[38.209s] -- Installing: /home/sunrise/Desktop/ros2_simreal_ws/src/drive_motor/motor/install/motor_interfaces/share/motor_interfaces/cmake/export_motor_interfaces__rosidl_generator_cppExport.cmake
[38.209s] -- Installing: /home/sunrise/Desktop/ros2_simreal_ws/src/drive_motor/motor/install/motor_interfaces/share/motor_interfaces/cmake/export_motor_interfaces__rosidl_typesupport_fastrtps_cppExport.cmake
[38.210s] -- Installing: /home/sunrise/Desktop/ros2_simreal_ws/src/drive_motor/motor/install/motor_interfaces/share/motor_interfaces/cmake/export_motor_interfaces__rosidl_typesupport_fastrtps_cppExport-noconfig.cmake
[38.211s] -- Installing: /home/sunrise/Desktop/ros2_simreal_ws/src/drive_motor/motor/install/motor_interfaces/share/motor_interfaces/cmake/motor_interfaces__rosidl_typesupport_introspection_cppExport.cmake
[38.211s] -- Installing: /home/sunrise/Desktop/ros2_simreal_ws/src/drive_motor/motor/install/motor_interfaces/share/motor_interfaces/cmake/motor_interfaces__rosidl_typesupport_introspection_cppExport-noconfig.cmake
[38.212s] -- Installing: /home/sunrise/Desktop/ros2_simreal_ws/src/drive_motor/motor/install/motor_interfaces/share/motor_interfaces/cmake/motor_interfaces__rosidl_typesupport_cppExport.cmake
[38.213s] -- Installing: /home/sunrise/Desktop/ros2_simreal_ws/src/drive_motor/motor/install/motor_interfaces/share/motor_interfaces/cmake/motor_interfaces__rosidl_typesupport_cppExport-noconfig.cmake
[38.213s] -- Installing: /home/sunrise/Desktop/ros2_simreal_ws/src/drive_motor/motor/install/motor_interfaces/share/motor_interfaces/cmake/export_motor_interfaces__rosidl_generator_pyExport.cmake
[38.214s] -- Installing: /home/sunrise/Desktop/ros2_simreal_ws/src/drive_motor/motor/install/motor_interfaces/share/motor_interfaces/cmake/export_motor_interfaces__rosidl_generator_pyExport-noconfig.cmake
[38.215s] -- Installing: /home/sunrise/Desktop/ros2_simreal_ws/src/drive_motor/motor/install/motor_interfaces/share/motor_interfaces/cmake/rosidl_cmake-extras.cmake
[38.215s] -- Installing: /home/sunrise/Desktop/ros2_simreal_ws/src/drive_motor/motor/install/motor_interfaces/share/motor_interfaces/cmake/ament_cmake_export_include_directories-extras.cmake
[38.216s] -- Installing: /home/sunrise/Desktop/ros2_simreal_ws/src/drive_motor/motor/install/motor_interfaces/share/motor_interfaces/cmake/ament_cmake_export_libraries-extras.cmake
[38.216s] -- Installing: /home/sunrise/Desktop/ros2_simreal_ws/src/drive_motor/motor/install/motor_interfaces/share/motor_interfaces/cmake/ament_cmake_export_targets-extras.cmake
[38.217s] -- Installing: /home/sunrise/Desktop/ros2_simreal_ws/src/drive_motor/motor/install/motor_interfaces/share/motor_interfaces/cmake/rosidl_cmake_export_typesupport_targets-extras.cmake
[38.218s] -- Installing: /home/sunrise/Desktop/ros2_simreal_ws/src/drive_motor/motor/install/motor_interfaces/share/motor_interfaces/cmake/ament_cmake_export_dependencies-extras.cmake
[38.218s] -- Installing: /home/sunrise/Desktop/ros2_simreal_ws/src/drive_motor/motor/install/motor_interfaces/share/motor_interfaces/cmake/rosidl_cmake_export_typesupport_libraries-extras.cmake
[38.219s] -- Installing: /home/sunrise/Desktop/ros2_simreal_ws/src/drive_motor/motor/install/motor_interfaces/share/motor_interfaces/cmake/motor_interfacesConfig.cmake
[38.219s] -- Installing: /home/sunrise/Desktop/ros2_simreal_ws/src/drive_motor/motor/install/motor_interfaces/share/motor_interfaces/cmake/motor_interfacesConfig-version.cmake
[38.220s] -- Installing: /home/sunrise/Desktop/ros2_simreal_ws/src/drive_motor/motor/install/motor_interfaces/share/motor_interfaces/package.xml
[38.231s] Invoked command in '/home/sunrise/Desktop/ros2_simreal_ws/src/drive_motor/motor/build/motor_interfaces' returned '0': CMAKE_PREFIX_PATH=/home/sunrise/Desktop/ros2_simreal_ws/install/sim2real:/opt/ros/humble /usr/bin/cmake --install /home/sunrise/Desktop/ros2_simreal_ws/src/drive_motor/motor/build/motor_interfaces
