[0.045s] Invoking command in '/home/sunrise/Desktop/ros2_simreal_ws/src/LPMS-SI2_imu/ros_ws/build/lpms_ig1': CMAKE_PREFIX_PATH=/home/sunrise/Desktop/ros2_simreal_ws/install/sim2real:/opt/ros/humble /usr/bin/cmake /home/sunrise/Desktop/ros2_simreal_ws/src/LPMS-SI2_imu/ros_ws/src/lpms_ig1_ros2_example -DCMAKE_INSTALL_PREFIX=/home/sunrise/Desktop/ros2_simreal_ws/src/LPMS-SI2_imu/ros_ws/install/lpms_ig1
[0.347s] -- The C compiler identification is GNU 11.2.0
[0.676s] -- The CXX compiler identification is GNU 11.2.0
[0.711s] -- Detecting C compiler ABI info
[1.081s] -- Detecting C compiler ABI info - done
[1.179s] -- Check for working C compiler: /usr/bin/cc - skipped
[1.180s] -- Detecting C compile features
[1.181s] -- Detecting C compile features - done
[1.207s] -- Detecting CXX compiler ABI info
[1.629s] -- Detecting CXX compiler ABI info - done
[1.715s] -- Check for working CXX compiler: /usr/bin/c++ - skipped
[1.717s] -- Detecting CXX compile features
[1.719s] -- Detecting CXX compile features - done
[1.734s] -- Found ament_cmake: 1.3.12 (/opt/ros/humble/share/ament_cmake/cmake)
[3.960s] -- Found Python3: /usr/bin/python3 (found version "3.10.12") found components: Interpreter 
[4.513s] -- Found rclcpp: 16.0.14 (/opt/ros/humble/share/rclcpp/cmake)
[4.715s] -- Found rosidl_generator_c: 3.1.7 (/opt/ros/humble/share/rosidl_generator_c/cmake)
[4.739s] -- Found rosidl_adapter: 3.1.7 (/opt/ros/humble/share/rosidl_adapter/cmake)
[4.787s] -- Found rosidl_generator_cpp: 3.1.7 (/opt/ros/humble/share/rosidl_generator_cpp/cmake)
[4.858s] -- Using all available rosidl_typesupport_c: rosidl_typesupport_fastrtps_c;rosidl_typesupport_introspection_c
[4.952s] -- Using all available rosidl_typesupport_cpp: rosidl_typesupport_fastrtps_cpp;rosidl_typesupport_introspection_cpp
[5.200s] -- Found rmw_implementation_cmake: 6.1.2 (/opt/ros/humble/share/rmw_implementation_cmake/cmake)
[5.213s] -- Found rmw_fastrtps_cpp: 6.2.8 (/opt/ros/humble/share/rmw_fastrtps_cpp/cmake)
[5.630s] -- Found OpenSSL: /usr/lib/aarch64-linux-gnu/libcrypto.so (found version "3.0.2")  
[5.750s] -- Found FastRTPS: /opt/ros/humble/include  
[5.919s] -- Using RMW implementation 'rmw_fastrtps_cpp' as default
[5.958s] -- Looking for pthread.h
[6.353s] -- Looking for pthread.h - found
[6.354s] -- Performing Test CMAKE_HAVE_LIBC_PTHREAD
[6.764s] -- Performing Test CMAKE_HAVE_LIBC_PTHREAD - Success
[6.774s] -- Found Threads: TRUE  
[7.127s] -- Found sensor_msgs: 4.9.0 (/opt/ros/humble/share/sensor_msgs/cmake)
[7.322s] -- Found std_srvs: 4.9.0 (/opt/ros/humble/share/std_srvs/cmake)
[7.385s] -- Found tf2: 0.25.15 (/opt/ros/humble/share/tf2/cmake)
[7.495s] -- Found ament_lint_auto: 0.12.14 (/opt/ros/humble/share/ament_lint_auto/cmake)
[7.957s] -- Added test 'copyright' to check source files copyright and LICENSE
[7.964s] -- Added test 'cppcheck' to perform static code analysis on C / C++ code
[7.967s] -- Configured cppcheck include dirs: 
[7.967s] -- Configured cppcheck exclude dirs and/or files: 
[7.975s] -- Added test 'cpplint' to check C / C++ code against the Google style
[7.975s] -- Configured cpplint exclude dirs and/or files: 
[7.978s] -- Added test 'flake8' to check Python code syntax and style conventions
[7.982s] -- Added test 'lint_cmake' to check CMake code style
[7.984s] -- Added test 'pep257' to check Python code against some of the docstring style conventions in PEP 257
[7.991s] -- Added test 'uncrustify' to check C / C++ code style
[7.992s] -- Configured uncrustify additional arguments: 
[7.995s] -- Added test 'xmllint' to check XML markup files
[8.003s] -- Configuring done
[8.160s] -- Generating done
[8.237s] -- Build files have been written to: /home/sunrise/Desktop/ros2_simreal_ws/src/LPMS-SI2_imu/ros_ws/build/lpms_ig1
[8.309s] Invoked command in '/home/sunrise/Desktop/ros2_simreal_ws/src/LPMS-SI2_imu/ros_ws/build/lpms_ig1' returned '0': CMAKE_PREFIX_PATH=/home/sunrise/Desktop/ros2_simreal_ws/install/sim2real:/opt/ros/humble /usr/bin/cmake /home/sunrise/Desktop/ros2_simreal_ws/src/LPMS-SI2_imu/ros_ws/src/lpms_ig1_ros2_example -DCMAKE_INSTALL_PREFIX=/home/sunrise/Desktop/ros2_simreal_ws/src/LPMS-SI2_imu/ros_ws/install/lpms_ig1
[8.331s] Invoking command in '/home/sunrise/Desktop/ros2_simreal_ws/src/LPMS-SI2_imu/ros_ws/build/lpms_ig1': CMAKE_PREFIX_PATH=/home/sunrise/Desktop/ros2_simreal_ws/install/sim2real:/opt/ros/humble /usr/bin/cmake --build /home/sunrise/Desktop/ros2_simreal_ws/src/LPMS-SI2_imu/ros_ws/build/lpms_ig1 -- -j8 -l8
[8.560s] [  6%] [32mBuilding CXX object CMakeFiles/imudata_rad_to_deg_node.dir/src/imudata_rad_to_deg_node.cpp.o[0m
[8.561s] [ 37%] [32mBuilding CXX object CMakeFiles/lpms_ig1_rs485_client.dir/src/lpms_ig1_rs485_client.cpp.o[0m
[8.562s] [ 37%] [32mBuilding CXX object CMakeFiles/lpms_be1_node.dir/src/lpms_be1_node.cpp.o[0m
[8.563s] [ 37%] [32mBuilding CXX object CMakeFiles/lpms_nav3_node.dir/src/lpms_nav3_node.cpp.o[0m
[8.564s] [ 37%] [32mBuilding CXX object CMakeFiles/lpms_ig1_node.dir/src/lpms_ig1_node.cpp.o[0m
[8.564s] [ 37%] [32mBuilding CXX object CMakeFiles/lpms_ig1_rs485_node.dir/src/lpms_ig1_rs485_node.cpp.o[0m
[8.565s] [ 43%] [32mBuilding CXX object CMakeFiles/quat_to_euler_node.dir/src/quat_to_euler_node.cpp.o[0m
[8.567s] [ 50%] [32mBuilding CXX object CMakeFiles/lpms_si1_node.dir/src/lpms_si1_node.cpp.o[0m
[34.437s] [01m[Kc++:[m[K [01;31m[Kfatal error: [m[KKilled signal terminated program cc1plus
[34.479s] compilation terminated.
[34.480s] gmake[2]: *** [CMakeFiles/quat_to_euler_node.dir/build.make:76: CMakeFiles/quat_to_euler_node.dir/src/quat_to_euler_node.cpp.o] Error 1
[34.481s] gmake[1]: *** [CMakeFiles/Makefile2:307: CMakeFiles/quat_to_euler_node.dir/all] Error 2
[34.482s] gmake[1]: *** Waiting for unfinished jobs....
