-- The C compiler identification is GNU 11.2.0
-- The CXX compiler identification is GNU 11.2.0
-- Detecting C compiler ABI info
-- Detecting C compiler ABI info - done
-- Check for working C compiler: /usr/bin/cc - skipped
-- Detecting C compile features
-- Detecting C compile features - done
-- Detecting CXX compiler ABI info
-- Detecting CXX compiler ABI info - done
-- Check for working CXX compiler: /usr/bin/c++ - skipped
-- Detecting CXX compile features
-- Detecting CXX compile features - done
-- Found ament_cmake: 1.3.12 (/opt/ros/humble/share/ament_cmake/cmake)
-- Found Python3: /usr/bin/python3 (found version "3.10.12") found components: Interpreter 
-- Found rclcpp: 16.0.14 (/opt/ros/humble/share/rclcpp/cmake)
-- Found rosidl_generator_c: 3.1.7 (/opt/ros/humble/share/rosidl_generator_c/cmake)
-- Found rosidl_adapter: 3.1.7 (/opt/ros/humble/share/rosidl_adapter/cmake)
-- Found rosidl_generator_cpp: 3.1.7 (/opt/ros/humble/share/rosidl_generator_cpp/cmake)
-- Using all available rosidl_typesupport_c: rosidl_typesupport_fastrtps_c;rosidl_typesupport_introspection_c
-- Using all available rosidl_typesupport_cpp: rosidl_typesupport_fastrtps_cpp;rosidl_typesupport_introspection_cpp
-- Found rmw_implementation_cmake: 6.1.2 (/opt/ros/humble/share/rmw_implementation_cmake/cmake)
-- Found rmw_fastrtps_cpp: 6.2.8 (/opt/ros/humble/share/rmw_fastrtps_cpp/cmake)
-- Found OpenSSL: /usr/lib/aarch64-linux-gnu/libcrypto.so (found version "3.0.2")  
-- Found FastRTPS: /opt/ros/humble/include  
-- Using RMW implementation 'rmw_fastrtps_cpp' as default
-- Looking for pthread.h
-- Looking for pthread.h - found
-- Performing Test CMAKE_HAVE_LIBC_PTHREAD
-- Performing Test CMAKE_HAVE_LIBC_PTHREAD - Success
-- Found Threads: TRUE  
-- Found motor_interfaces: 0.1.0 (/home/sunrise/Desktop/ros2_simreal_ws/src/drive_motor/motor/install/motor_interfaces/share/motor_interfaces/cmake)
-- Configuring done
-- Generating done
-- Build files have been written to: /home/sunrise/Desktop/ros2_simreal_ws/src/drive_motor/motor/build/drive_motor
-- Found ament_cmake: 1.3.12 (/opt/ros/humble/share/ament_cmake/cmake)
-- Found rclcpp: 16.0.14 (/opt/ros/humble/share/rclcpp/cmake)
-- Found rosidl_generator_c: 3.1.7 (/opt/ros/humble/share/rosidl_generator_c/cmake)
-- Found rosidl_adapter: 3.1.7 (/opt/ros/humble/share/rosidl_adapter/cmake)
-- Found rosidl_generator_cpp: 3.1.7 (/opt/ros/humble/share/rosidl_generator_cpp/cmake)
-- Using all available rosidl_typesupport_c: rosidl_typesupport_fastrtps_c;rosidl_typesupport_introspection_c
-- Using all available rosidl_typesupport_cpp: rosidl_typesupport_fastrtps_cpp;rosidl_typesupport_introspection_cpp
-- Found rmw_implementation_cmake: 6.1.2 (/opt/ros/humble/share/rmw_implementation_cmake/cmake)
-- Found rmw_fastrtps_cpp: 6.2.8 (/opt/ros/humble/share/rmw_fastrtps_cpp/cmake)
-- Using RMW implementation 'rmw_fastrtps_cpp' as default
-- Found motor_interfaces: 0.1.0 (/home/sunrise/Desktop/ros2_simreal_ws/src/drive_motor/motor/install/motor_interfaces/share/motor_interfaces/cmake)
-- Configuring done
-- Generating done
-- Build files have been written to: /home/sunrise/Desktop/ros2_simreal_ws/src/drive_motor/motor/build/drive_motor
[ 57%] [32mBuilding CXX object CMakeFiles/drive_motor_core.dir/src/motor_group.cpp.o[0m
[ 57%] [32mBuilding CXX object CMakeFiles/drive_motor_core.dir/src/motor_hw.cpp.o[0m
[ 57%] [32mBuilding CXX object CMakeFiles/drive_motor_core.dir/src/motor_base.cpp.o[0m
[ 57%] [32mBuilding CXX object CMakeFiles/drive_motor_core.dir/src/can_bridge.cpp.o[0m
[ 71%] [32m[1mLinking CXX shared library libdrive_motor_core.so[0m
[ 71%] Built target drive_motor_core
[ 85%] [32mBuilding CXX object CMakeFiles/drive_motor_node.dir/src/drive_motor_node.cpp.o[0m
[100%] [32m[1mLinking CXX executable drive_motor_node[0m
[100%] Built target drive_motor_node
-- Install configuration: ""
-- Installing: /home/sunrise/Desktop/ros2_simreal_ws/src/drive_motor/motor/install/drive_motor/lib/libdrive_motor_core.so
-- Set runtime path of "/home/sunrise/Desktop/ros2_simreal_ws/src/drive_motor/motor/install/drive_motor/lib/libdrive_motor_core.so" to ""
-- Installing: /home/sunrise/Desktop/ros2_simreal_ws/src/drive_motor/motor/install/drive_motor/lib/drive_motor/drive_motor_node
-- Set runtime path of "/home/sunrise/Desktop/ros2_simreal_ws/src/drive_motor/motor/install/drive_motor/lib/drive_motor/drive_motor_node" to ""
-- Installing: /home/sunrise/Desktop/ros2_simreal_ws/src/drive_motor/motor/install/drive_motor/include/drive_motor
-- Installing: /home/sunrise/Desktop/ros2_simreal_ws/src/drive_motor/motor/install/drive_motor/include/drive_motor/drive_motor
-- Installing: /home/sunrise/Desktop/ros2_simreal_ws/src/drive_motor/motor/install/drive_motor/include/drive_motor/drive_motor/motor_hw.hpp
-- Installing: /home/sunrise/Desktop/ros2_simreal_ws/src/drive_motor/motor/install/drive_motor/include/drive_motor/drive_motor/motor_base.hpp
-- Installing: /home/sunrise/Desktop/ros2_simreal_ws/src/drive_motor/motor/install/drive_motor/include/drive_motor/drive_motor/can_bridge.hpp
-- Installing: /home/sunrise/Desktop/ros2_simreal_ws/src/drive_motor/motor/install/drive_motor/include/drive_motor/drive_motor/motor_group.hpp
-- Installing: /home/sunrise/Desktop/ros2_simreal_ws/src/drive_motor/motor/install/drive_motor/share/drive_motor
-- Installing: /home/sunrise/Desktop/ros2_simreal_ws/src/drive_motor/motor/install/drive_motor/share/drive_motor/drive_motor.launch.py
-- Up-to-date: /home/sunrise/Desktop/ros2_simreal_ws/src/drive_motor/motor/install/drive_motor/share/drive_motor
-- Installing: /home/sunrise/Desktop/ros2_simreal_ws/src/drive_motor/motor/install/drive_motor/share/drive_motor/pi_plus_lower_body.yaml
-- Installing: /home/sunrise/Desktop/ros2_simreal_ws/src/drive_motor/motor/install/drive_motor/share/drive_motor/single_motor.yaml
-- Installing: /home/sunrise/Desktop/ros2_simreal_ws/src/drive_motor/motor/install/drive_motor/share/drive_motor/environment/library_path.sh
-- Installing: /home/sunrise/Desktop/ros2_simreal_ws/src/drive_motor/motor/install/drive_motor/share/drive_motor/environment/library_path.dsv
-- Installing: /home/sunrise/Desktop/ros2_simreal_ws/src/drive_motor/motor/install/drive_motor/share/ament_index/resource_index/package_run_dependencies/drive_motor
-- Installing: /home/sunrise/Desktop/ros2_simreal_ws/src/drive_motor/motor/install/drive_motor/share/ament_index/resource_index/parent_prefix_path/drive_motor
-- Installing: /home/sunrise/Desktop/ros2_simreal_ws/src/drive_motor/motor/install/drive_motor/share/drive_motor/environment/ament_prefix_path.sh
-- Installing: /home/sunrise/Desktop/ros2_simreal_ws/src/drive_motor/motor/install/drive_motor/share/drive_motor/environment/ament_prefix_path.dsv
-- Installing: /home/sunrise/Desktop/ros2_simreal_ws/src/drive_motor/motor/install/drive_motor/share/drive_motor/environment/path.sh
-- Installing: /home/sunrise/Desktop/ros2_simreal_ws/src/drive_motor/motor/install/drive_motor/share/drive_motor/environment/path.dsv
-- Installing: /home/sunrise/Desktop/ros2_simreal_ws/src/drive_motor/motor/install/drive_motor/share/drive_motor/local_setup.bash
-- Installing: /home/sunrise/Desktop/ros2_simreal_ws/src/drive_motor/motor/install/drive_motor/share/drive_motor/local_setup.sh
-- Installing: /home/sunrise/Desktop/ros2_simreal_ws/src/drive_motor/motor/install/drive_motor/share/drive_motor/local_setup.zsh
-- Installing: /home/sunrise/Desktop/ros2_simreal_ws/src/drive_motor/motor/install/drive_motor/share/drive_motor/local_setup.dsv
-- Installing: /home/sunrise/Desktop/ros2_simreal_ws/src/drive_motor/motor/install/drive_motor/share/drive_motor/package.dsv
-- Installing: /home/sunrise/Desktop/ros2_simreal_ws/src/drive_motor/motor/install/drive_motor/share/ament_index/resource_index/packages/drive_motor
-- Installing: /home/sunrise/Desktop/ros2_simreal_ws/src/drive_motor/motor/install/drive_motor/share/drive_motor/cmake/drive_motorTargetsExport.cmake
-- Installing: /home/sunrise/Desktop/ros2_simreal_ws/src/drive_motor/motor/install/drive_motor/share/drive_motor/cmake/drive_motorTargetsExport-noconfig.cmake
-- Installing: /home/sunrise/Desktop/ros2_simreal_ws/src/drive_motor/motor/install/drive_motor/share/drive_motor/cmake/ament_cmake_export_targets-extras.cmake
-- Installing: /home/sunrise/Desktop/ros2_simreal_ws/src/drive_motor/motor/install/drive_motor/share/drive_motor/cmake/ament_cmake_export_dependencies-extras.cmake
-- Installing: /home/sunrise/Desktop/ros2_simreal_ws/src/drive_motor/motor/install/drive_motor/share/drive_motor/cmake/drive_motorConfig.cmake
-- Installing: /home/sunrise/Desktop/ros2_simreal_ws/src/drive_motor/motor/install/drive_motor/share/drive_motor/cmake/drive_motorConfig-version.cmake
-- Installing: /home/sunrise/Desktop/ros2_simreal_ws/src/drive_motor/motor/install/drive_motor/share/drive_motor/package.xml
