[0.796s] [34mcolcon[0m [1;30mDEBUG[0m [32mCommand line arguments: ['/usr/bin/colcon', 'build'][0m
[0.796s] [34mcolcon[0m [1;30mDEBUG[0m [32mParsed command line arguments: Namespace(log_base=None, log_level=None, verb_name='build', build_base='build', install_base='install', merge_install=False, symlink_install=False, test_result_base=None, continue_on_error=False, executor='parallel', parallel_workers=8, event_handlers=None, ignore_user_meta=False, metas=['./colcon.meta'], base_paths=['.'], packages_ignore=None, packages_ignore_regex=None, paths=None, packages_up_to=None, packages_up_to_regex=None, packages_above=None, packages_above_and_dependencies=None, packages_above_depth=None, packages_select_by_dep=None, packages_skip_by_dep=None, packages_skip_up_to=None, packages_select_build_failed=False, packages_skip_build_finished=False, packages_select_test_failures=False, packages_skip_test_passed=False, packages_select=None, packages_skip=None, packages_select_regex=None, packages_skip_regex=None, packages_start=None, packages_end=None, allow_overriding=[], cmake_args=None, cmake_target=None, cmake_target_skip_unavailable=False, cmake_clean_cache=False, cmake_clean_first=False, cmake_force_configure=False, ament_cmake_args=None, catkin_cmake_args=None, catkin_skip_building_tests=False, verb_parser=<colcon_defaults.argument_parser.defaults.DefaultArgumentsDecorator object at 0xffff93f7d0f0>, verb_extension=<colcon_core.verb.build.BuildVerb object at 0xffff93f7cc70>, main=<bound method BuildVerb.main of <colcon_core.verb.build.BuildVerb object at 0xffff93f7cc70>>)[0m
[1.120s] [34mcolcon.colcon_core.package_discovery[0m [1;30mLevel 1[0m discover_packages(colcon_meta) check parameters
[1.121s] [34mcolcon.colcon_core.package_discovery[0m [1;30mLevel 1[0m discover_packages(recursive) check parameters
[1.121s] [34mcolcon.colcon_core.package_discovery[0m [1;30mLevel 1[0m discover_packages(ignore) check parameters
[1.121s] [34mcolcon.colcon_core.package_discovery[0m [1;30mLevel 1[0m discover_packages(path) check parameters
[1.121s] [34mcolcon.colcon_core.package_discovery[0m [1;30mLevel 1[0m discover_packages(colcon_meta) discover
[1.122s] [34mcolcon.colcon_core.package_discovery[0m [1;30mLevel 1[0m discover_packages(recursive) discover
[1.122s] [34mcolcon.colcon_core.package_discovery[0m [1;30mINFO[0m Crawling recursively for packages in '/home/sunrise/Desktop/ros2_simreal_ws/src/LPMS-SI2_imu/ros_ws'
[1.122s] [34mcolcon.colcon_core.package_identification[0m [1;30mLevel 1[0m _identify(.) by extensions ['ignore', 'ignore_ament_install']
[1.123s] [34mcolcon.colcon_core.package_identification[0m [1;30mLevel 1[0m _identify(.) by extension 'ignore'
[1.123s] [34mcolcon.colcon_core.package_identification[0m [1;30mLevel 1[0m _identify(.) by extension 'ignore_ament_install'
[1.124s] [34mcolcon.colcon_core.package_identification[0m [1;30mLevel 1[0m _identify(.) by extensions ['colcon_pkg']
[1.124s] [34mcolcon.colcon_core.package_identification[0m [1;30mLevel 1[0m _identify(.) by extension 'colcon_pkg'
[1.124s] [34mcolcon.colcon_core.package_identification[0m [1;30mLevel 1[0m _identify(.) by extensions ['colcon_meta']
[1.124s] [34mcolcon.colcon_core.package_identification[0m [1;30mLevel 1[0m _identify(.) by extension 'colcon_meta'
[1.125s] [34mcolcon.colcon_core.package_identification[0m [1;30mLevel 1[0m _identify(.) by extensions ['ros']
[1.125s] [34mcolcon.colcon_core.package_identification[0m [1;30mLevel 1[0m _identify(.) by extension 'ros'
[1.227s] [34mcolcon.colcon_core.package_identification[0m [1;30mLevel 1[0m _identify(.) by extensions ['cmake', 'python']
[1.227s] [34mcolcon.colcon_core.package_identification[0m [1;30mLevel 1[0m _identify(.) by extension 'cmake'
[1.228s] [34mcolcon.colcon_core.package_identification[0m [1;30mLevel 1[0m _identify(.) by extension 'python'
[1.228s] [34mcolcon.colcon_core.package_identification[0m [1;30mLevel 1[0m _identify(.) by extensions ['python_setup_py']
[1.228s] [34mcolcon.colcon_core.package_identification[0m [1;30mLevel 1[0m _identify(.) by extension 'python_setup_py'
[1.229s] [34mcolcon.colcon_core.package_identification[0m [1;30mLevel 1[0m _identify(build) by extensions ['ignore', 'ignore_ament_install']
[1.229s] [34mcolcon.colcon_core.package_identification[0m [1;30mLevel 1[0m _identify(build) by extension 'ignore'
[1.229s] [34mcolcon.colcon_core.package_identification[0m [1;30mLevel 1[0m _identify(build) ignored
[1.230s] [34mcolcon.colcon_core.package_identification[0m [1;30mLevel 1[0m _identify(install) by extensions ['ignore', 'ignore_ament_install']
[1.230s] [34mcolcon.colcon_core.package_identification[0m [1;30mLevel 1[0m _identify(install) by extension 'ignore'
[1.231s] [34mcolcon.colcon_core.package_identification[0m [1;30mLevel 1[0m _identify(install) ignored
[1.231s] [34mcolcon.colcon_core.package_identification[0m [1;30mLevel 1[0m _identify(log) by extensions ['ignore', 'ignore_ament_install']
[1.232s] [34mcolcon.colcon_core.package_identification[0m [1;30mLevel 1[0m _identify(log) by extension 'ignore'
[1.232s] [34mcolcon.colcon_core.package_identification[0m [1;30mLevel 1[0m _identify(log) ignored
[1.232s] [34mcolcon.colcon_core.package_identification[0m [1;30mLevel 1[0m _identify(src) by extensions ['ignore', 'ignore_ament_install']
[1.233s] [34mcolcon.colcon_core.package_identification[0m [1;30mLevel 1[0m _identify(src) by extension 'ignore'
[1.233s] [34mcolcon.colcon_core.package_identification[0m [1;30mLevel 1[0m _identify(src) by extension 'ignore_ament_install'
[1.233s] [34mcolcon.colcon_core.package_identification[0m [1;30mLevel 1[0m _identify(src) by extensions ['colcon_pkg']
[1.234s] [34mcolcon.colcon_core.package_identification[0m [1;30mLevel 1[0m _identify(src) by extension 'colcon_pkg'
[1.234s] [34mcolcon.colcon_core.package_identification[0m [1;30mLevel 1[0m _identify(src) by extensions ['colcon_meta']
[1.234s] [34mcolcon.colcon_core.package_identification[0m [1;30mLevel 1[0m _identify(src) by extension 'colcon_meta'
[1.234s] [34mcolcon.colcon_core.package_identification[0m [1;30mLevel 1[0m _identify(src) by extensions ['ros']
[1.234s] [34mcolcon.colcon_core.package_identification[0m [1;30mLevel 1[0m _identify(src) by extension 'ros'
[1.235s] [34mcolcon.colcon_core.package_identification[0m [1;30mLevel 1[0m _identify(src) by extensions ['cmake', 'python']
[1.235s] [34mcolcon.colcon_core.package_identification[0m [1;30mLevel 1[0m _identify(src) by extension 'cmake'
[1.235s] [34mcolcon.colcon_core.package_identification[0m [1;30mLevel 1[0m _identify(src) by extension 'python'
[1.236s] [34mcolcon.colcon_core.package_identification[0m [1;30mLevel 1[0m _identify(src) by extensions ['python_setup_py']
[1.236s] [34mcolcon.colcon_core.package_identification[0m [1;30mLevel 1[0m _identify(src) by extension 'python_setup_py'
[1.237s] [34mcolcon.colcon_core.package_identification[0m [1;30mLevel 1[0m _identify(src/lpms_ig1_ros2_example) by extensions ['ignore', 'ignore_ament_install']
[1.237s] [34mcolcon.colcon_core.package_identification[0m [1;30mLevel 1[0m _identify(src/lpms_ig1_ros2_example) by extension 'ignore'
[1.237s] [34mcolcon.colcon_core.package_identification[0m [1;30mLevel 1[0m _identify(src/lpms_ig1_ros2_example) by extension 'ignore_ament_install'
[1.238s] [34mcolcon.colcon_core.package_identification[0m [1;30mLevel 1[0m _identify(src/lpms_ig1_ros2_example) by extensions ['colcon_pkg']
[1.238s] [34mcolcon.colcon_core.package_identification[0m [1;30mLevel 1[0m _identify(src/lpms_ig1_ros2_example) by extension 'colcon_pkg'
[1.238s] [34mcolcon.colcon_core.package_identification[0m [1;30mLevel 1[0m _identify(src/lpms_ig1_ros2_example) by extensions ['colcon_meta']
[1.238s] [34mcolcon.colcon_core.package_identification[0m [1;30mLevel 1[0m _identify(src/lpms_ig1_ros2_example) by extension 'colcon_meta'
[1.239s] [34mcolcon.colcon_core.package_identification[0m [1;30mLevel 1[0m _identify(src/lpms_ig1_ros2_example) by extensions ['ros']
[1.239s] [34mcolcon.colcon_core.package_identification[0m [1;30mLevel 1[0m _identify(src/lpms_ig1_ros2_example) by extension 'ros'
[1.254s] [34mcolcon.colcon_core.package_identification[0m [1;30mDEBUG[0m [32mPackage 'src/lpms_ig1_ros2_example' with type 'ros.ament_cmake' and name 'lpms_ig1'[0m
[1.255s] [34mcolcon.colcon_core.package_discovery[0m [1;30mLevel 1[0m discover_packages(recursive) using defaults
[1.255s] [34mcolcon.colcon_core.package_discovery[0m [1;30mLevel 1[0m discover_packages(ignore) discover
[1.255s] [34mcolcon.colcon_core.package_discovery[0m [1;30mLevel 1[0m discover_packages(ignore) using defaults
[1.255s] [34mcolcon.colcon_core.package_discovery[0m [1;30mLevel 1[0m discover_packages(path) discover
[1.256s] [34mcolcon.colcon_core.package_discovery[0m [1;30mLevel 1[0m discover_packages(path) using defaults
[1.352s] [34mcolcon.colcon_core.package_discovery[0m [1;30mLevel 1[0m discover_packages(prefix_path) check parameters
[1.352s] [34mcolcon.colcon_core.package_discovery[0m [1;30mLevel 1[0m discover_packages(prefix_path) discover
[1.362s] [34mcolcon.colcon_installed_package_information.package_discovery[0m [1;30mDEBUG[0m [32mFound 1 installed packages in /home/sunrise/Desktop/ros2_simreal_ws/src/LPMS-SI2_imu/ros_ws/install[0m
[1.364s] [34mcolcon.colcon_installed_package_information.package_discovery[0m [1;30mDEBUG[0m [32mFound 1 installed packages in /home/sunrise/Desktop/ros2_simreal_ws/install[0m
[1.370s] [34mcolcon.colcon_installed_package_information.package_discovery[0m [1;30mDEBUG[0m [32mFound 183 installed packages in /opt/ros/humble[0m
[1.378s] [34mcolcon.colcon_core.package_discovery[0m [1;30mLevel 1[0m discover_packages(prefix_path) using defaults
[1.547s] [34mcolcon.colcon_core.verb[0m [1;30mLevel 5[0m set package 'lpms_ig1' build argument 'cmake_args' from command line to 'None'
[1.547s] [34mcolcon.colcon_core.verb[0m [1;30mLevel 5[0m set package 'lpms_ig1' build argument 'cmake_target' from command line to 'None'
[1.547s] [34mcolcon.colcon_core.verb[0m [1;30mLevel 5[0m set package 'lpms_ig1' build argument 'cmake_target_skip_unavailable' from command line to 'False'
[1.548s] [34mcolcon.colcon_core.verb[0m [1;30mLevel 5[0m set package 'lpms_ig1' build argument 'cmake_clean_cache' from command line to 'False'
[1.548s] [34mcolcon.colcon_core.verb[0m [1;30mLevel 5[0m set package 'lpms_ig1' build argument 'cmake_clean_first' from command line to 'False'
[1.548s] [34mcolcon.colcon_core.verb[0m [1;30mLevel 5[0m set package 'lpms_ig1' build argument 'cmake_force_configure' from command line to 'False'
[1.548s] [34mcolcon.colcon_core.verb[0m [1;30mLevel 5[0m set package 'lpms_ig1' build argument 'ament_cmake_args' from command line to 'None'
[1.548s] [34mcolcon.colcon_core.verb[0m [1;30mLevel 5[0m set package 'lpms_ig1' build argument 'catkin_cmake_args' from command line to 'None'
[1.549s] [34mcolcon.colcon_core.verb[0m [1;30mLevel 5[0m set package 'lpms_ig1' build argument 'catkin_skip_building_tests' from command line to 'False'
[1.549s] [34mcolcon.colcon_core.verb[0m [1;30mDEBUG[0m [32mBuilding package 'lpms_ig1' with the following arguments: {'ament_cmake_args': None, 'build_base': '/home/sunrise/Desktop/ros2_simreal_ws/src/LPMS-SI2_imu/ros_ws/build/lpms_ig1', 'catkin_cmake_args': None, 'catkin_skip_building_tests': False, 'cmake_args': None, 'cmake_clean_cache': False, 'cmake_clean_first': False, 'cmake_force_configure': False, 'cmake_target': None, 'cmake_target_skip_unavailable': False, 'install_base': '/home/sunrise/Desktop/ros2_simreal_ws/src/LPMS-SI2_imu/ros_ws/install/lpms_ig1', 'merge_install': False, 'path': '/home/sunrise/Desktop/ros2_simreal_ws/src/LPMS-SI2_imu/ros_ws/src/lpms_ig1_ros2_example', 'symlink_install': False, 'test_result_base': None}[0m
[1.550s] [34mcolcon.colcon_core.executor[0m [1;30mINFO[0m Executing jobs using 'parallel' executor
[1.554s] [34mcolcon.colcon_parallel_executor.executor.parallel[0m [1;30mDEBUG[0m [32mrun_until_complete[0m
[1.556s] [34mcolcon.colcon_ros.task.ament_cmake.build[0m [1;30mINFO[0m Building ROS package in '/home/sunrise/Desktop/ros2_simreal_ws/src/LPMS-SI2_imu/ros_ws/src/lpms_ig1_ros2_example' with build type 'ament_cmake'
[1.556s] [34mcolcon.colcon_cmake.task.cmake.build[0m [1;30mINFO[0m Building CMake package in '/home/sunrise/Desktop/ros2_simreal_ws/src/LPMS-SI2_imu/ros_ws/src/lpms_ig1_ros2_example'
[1.569s] [34mcolcon.colcon_core.plugin_system[0m [1;30mINFO[0m Skipping extension 'colcon_core.shell.bat': Not used on non-Windows systems
[1.570s] [34mcolcon.colcon_core.shell[0m [1;30mINFO[0m Skip shell extension 'powershell' for command environment: Not usable outside of PowerShell
[1.571s] [34mcolcon.colcon_core.shell[0m [1;30mDEBUG[0m [32mSkip shell extension 'dsv' for command environment[0m
[1.611s] [34mcolcon.colcon_core.event_handler.log_command[0m [1;30mDEBUG[0m [32mInvoking command in '/home/sunrise/Desktop/ros2_simreal_ws/src/LPMS-SI2_imu/ros_ws/build/lpms_ig1': CMAKE_PREFIX_PATH=${CMAKE_PREFIX_PATH}:/home/sunrise/Desktop/ros2_simreal_ws/install/sim2real:/opt/ros/humble /usr/bin/cmake --build /home/sunrise/Desktop/ros2_simreal_ws/src/LPMS-SI2_imu/ros_ws/build/lpms_ig1 -- -j8 -l8[0m
[63.913s] [34mcolcon.colcon_core.event_handler.log_command[0m [1;30mDEBUG[0m [32mInvoked command in '/home/sunrise/Desktop/ros2_simreal_ws/src/LPMS-SI2_imu/ros_ws/build/lpms_ig1' returned '0': CMAKE_PREFIX_PATH=${CMAKE_PREFIX_PATH}:/home/sunrise/Desktop/ros2_simreal_ws/install/sim2real:/opt/ros/humble /usr/bin/cmake --build /home/sunrise/Desktop/ros2_simreal_ws/src/LPMS-SI2_imu/ros_ws/build/lpms_ig1 -- -j8 -l8[0m
[63.967s] [34mcolcon.colcon_core.event_handler.log_command[0m [1;30mDEBUG[0m [32mInvoking command in '/home/sunrise/Desktop/ros2_simreal_ws/src/LPMS-SI2_imu/ros_ws/build/lpms_ig1': CMAKE_PREFIX_PATH=${CMAKE_PREFIX_PATH}:/home/sunrise/Desktop/ros2_simreal_ws/install/sim2real:/opt/ros/humble /usr/bin/cmake --install /home/sunrise/Desktop/ros2_simreal_ws/src/LPMS-SI2_imu/ros_ws/build/lpms_ig1[0m
[64.113s] [34mcolcon.colcon_core.environment[0m [1;30mLevel 1[0m create_environment_scripts_only(lpms_ig1)
[64.115s] [34mcolcon.colcon_core.event_handler.log_command[0m [1;30mDEBUG[0m [32mInvoked command in '/home/sunrise/Desktop/ros2_simreal_ws/src/LPMS-SI2_imu/ros_ws/build/lpms_ig1' returned '0': CMAKE_PREFIX_PATH=${CMAKE_PREFIX_PATH}:/home/sunrise/Desktop/ros2_simreal_ws/install/sim2real:/opt/ros/humble /usr/bin/cmake --install /home/sunrise/Desktop/ros2_simreal_ws/src/LPMS-SI2_imu/ros_ws/build/lpms_ig1[0m
[64.142s] [34mcolcon.colcon_core.environment[0m [1;30mLevel 1[0m checking '/home/sunrise/Desktop/ros2_simreal_ws/src/LPMS-SI2_imu/ros_ws/install/lpms_ig1' for CMake module files
[64.154s] [34mcolcon.colcon_core.environment[0m [1;30mLevel 1[0m checking '/home/sunrise/Desktop/ros2_simreal_ws/src/LPMS-SI2_imu/ros_ws/install/lpms_ig1' for CMake config files
[64.156s] [34mcolcon.colcon_core.shell[0m [1;30mLevel 1[0m create_environment_hook('lpms_ig1', 'cmake_prefix_path')
[64.157s] [34mcolcon.colcon_core.shell[0m [1;30mINFO[0m Creating environment hook '/home/sunrise/Desktop/ros2_simreal_ws/src/LPMS-SI2_imu/ros_ws/install/lpms_ig1/share/lpms_ig1/hook/cmake_prefix_path.ps1'
[64.163s] [34mcolcon.colcon_core.shell[0m [1;30mINFO[0m Creating environment descriptor '/home/sunrise/Desktop/ros2_simreal_ws/src/LPMS-SI2_imu/ros_ws/install/lpms_ig1/share/lpms_ig1/hook/cmake_prefix_path.dsv'
[64.169s] [34mcolcon.colcon_core.shell[0m [1;30mINFO[0m Creating environment hook '/home/sunrise/Desktop/ros2_simreal_ws/src/LPMS-SI2_imu/ros_ws/install/lpms_ig1/share/lpms_ig1/hook/cmake_prefix_path.sh'
[64.175s] [34mcolcon.colcon_core.environment[0m [1;30mLevel 1[0m checking '/home/sunrise/Desktop/ros2_simreal_ws/src/LPMS-SI2_imu/ros_ws/install/lpms_ig1/lib'
[64.176s] [34mcolcon.colcon_core.environment[0m [1;30mLevel 1[0m checking '/home/sunrise/Desktop/ros2_simreal_ws/src/LPMS-SI2_imu/ros_ws/install/lpms_ig1/bin'
[64.177s] [34mcolcon.colcon_core.environment[0m [1;30mLevel 1[0m checking '/home/sunrise/Desktop/ros2_simreal_ws/src/LPMS-SI2_imu/ros_ws/install/lpms_ig1/lib/pkgconfig/lpms_ig1.pc'
[64.178s] [34mcolcon.colcon_core.environment[0m [1;30mLevel 1[0m checking '/home/sunrise/Desktop/ros2_simreal_ws/src/LPMS-SI2_imu/ros_ws/install/lpms_ig1/lib/python3.10/site-packages'
[64.182s] [34mcolcon.colcon_core.environment[0m [1;30mLevel 1[0m checking '/home/sunrise/Desktop/ros2_simreal_ws/src/LPMS-SI2_imu/ros_ws/install/lpms_ig1/bin'
[64.184s] [34mcolcon.colcon_core.shell[0m [1;30mINFO[0m Creating package script '/home/sunrise/Desktop/ros2_simreal_ws/src/LPMS-SI2_imu/ros_ws/install/lpms_ig1/share/lpms_ig1/package.ps1'
[64.194s] [34mcolcon.colcon_core.shell[0m [1;30mINFO[0m Creating package descriptor '/home/sunrise/Desktop/ros2_simreal_ws/src/LPMS-SI2_imu/ros_ws/install/lpms_ig1/share/lpms_ig1/package.dsv'
[64.198s] [34mcolcon.colcon_core.shell[0m [1;30mINFO[0m Creating package script '/home/sunrise/Desktop/ros2_simreal_ws/src/LPMS-SI2_imu/ros_ws/install/lpms_ig1/share/lpms_ig1/package.sh'
[64.205s] [34mcolcon.colcon_core.shell[0m [1;30mINFO[0m Creating package script '/home/sunrise/Desktop/ros2_simreal_ws/src/LPMS-SI2_imu/ros_ws/install/lpms_ig1/share/lpms_ig1/package.bash'
[64.213s] [34mcolcon.colcon_core.shell[0m [1;30mINFO[0m Creating package script '/home/sunrise/Desktop/ros2_simreal_ws/src/LPMS-SI2_imu/ros_ws/install/lpms_ig1/share/lpms_ig1/package.zsh'
[64.220s] [34mcolcon.colcon_core.environment[0m [1;30mLevel 1[0m create_file_with_runtime_dependencies(/home/sunrise/Desktop/ros2_simreal_ws/src/LPMS-SI2_imu/ros_ws/install/lpms_ig1/share/colcon-core/packages/lpms_ig1)
[64.223s] [34mcolcon.colcon_core.environment[0m [1;30mLevel 1[0m create_environment_scripts_only(lpms_ig1)
[64.225s] [34mcolcon.colcon_core.environment[0m [1;30mLevel 1[0m checking '/home/sunrise/Desktop/ros2_simreal_ws/src/LPMS-SI2_imu/ros_ws/install/lpms_ig1' for CMake module files
[64.228s] [34mcolcon.colcon_core.environment[0m [1;30mLevel 1[0m checking '/home/sunrise/Desktop/ros2_simreal_ws/src/LPMS-SI2_imu/ros_ws/install/lpms_ig1' for CMake config files
[64.230s] [34mcolcon.colcon_core.shell[0m [1;30mLevel 1[0m create_environment_hook('lpms_ig1', 'cmake_prefix_path')
[64.231s] [34mcolcon.colcon_core.shell[0m [1;30mINFO[0m Creating environment hook '/home/sunrise/Desktop/ros2_simreal_ws/src/LPMS-SI2_imu/ros_ws/install/lpms_ig1/share/lpms_ig1/hook/cmake_prefix_path.ps1'
[64.234s] [34mcolcon.colcon_core.shell[0m [1;30mINFO[0m Creating environment descriptor '/home/sunrise/Desktop/ros2_simreal_ws/src/LPMS-SI2_imu/ros_ws/install/lpms_ig1/share/lpms_ig1/hook/cmake_prefix_path.dsv'
[64.236s] [34mcolcon.colcon_core.shell[0m [1;30mINFO[0m Creating environment hook '/home/sunrise/Desktop/ros2_simreal_ws/src/LPMS-SI2_imu/ros_ws/install/lpms_ig1/share/lpms_ig1/hook/cmake_prefix_path.sh'
[64.239s] [34mcolcon.colcon_core.environment[0m [1;30mLevel 1[0m checking '/home/sunrise/Desktop/ros2_simreal_ws/src/LPMS-SI2_imu/ros_ws/install/lpms_ig1/lib'
[64.239s] [34mcolcon.colcon_core.environment[0m [1;30mLevel 1[0m checking '/home/sunrise/Desktop/ros2_simreal_ws/src/LPMS-SI2_imu/ros_ws/install/lpms_ig1/bin'
[64.240s] [34mcolcon.colcon_core.environment[0m [1;30mLevel 1[0m checking '/home/sunrise/Desktop/ros2_simreal_ws/src/LPMS-SI2_imu/ros_ws/install/lpms_ig1/lib/pkgconfig/lpms_ig1.pc'
[64.241s] [34mcolcon.colcon_core.environment[0m [1;30mLevel 1[0m checking '/home/sunrise/Desktop/ros2_simreal_ws/src/LPMS-SI2_imu/ros_ws/install/lpms_ig1/lib/python3.10/site-packages'
[64.243s] [34mcolcon.colcon_core.environment[0m [1;30mLevel 1[0m checking '/home/sunrise/Desktop/ros2_simreal_ws/src/LPMS-SI2_imu/ros_ws/install/lpms_ig1/bin'
[64.245s] [34mcolcon.colcon_core.shell[0m [1;30mINFO[0m Creating package script '/home/sunrise/Desktop/ros2_simreal_ws/src/LPMS-SI2_imu/ros_ws/install/lpms_ig1/share/lpms_ig1/package.ps1'
[64.249s] [34mcolcon.colcon_core.shell[0m [1;30mINFO[0m Creating package descriptor '/home/sunrise/Desktop/ros2_simreal_ws/src/LPMS-SI2_imu/ros_ws/install/lpms_ig1/share/lpms_ig1/package.dsv'
[64.252s] [34mcolcon.colcon_core.shell[0m [1;30mINFO[0m Creating package script '/home/sunrise/Desktop/ros2_simreal_ws/src/LPMS-SI2_imu/ros_ws/install/lpms_ig1/share/lpms_ig1/package.sh'
[64.254s] [34mcolcon.colcon_core.shell[0m [1;30mINFO[0m Creating package script '/home/sunrise/Desktop/ros2_simreal_ws/src/LPMS-SI2_imu/ros_ws/install/lpms_ig1/share/lpms_ig1/package.bash'
[64.257s] [34mcolcon.colcon_core.shell[0m [1;30mINFO[0m Creating package script '/home/sunrise/Desktop/ros2_simreal_ws/src/LPMS-SI2_imu/ros_ws/install/lpms_ig1/share/lpms_ig1/package.zsh'
[64.260s] [34mcolcon.colcon_core.environment[0m [1;30mLevel 1[0m create_file_with_runtime_dependencies(/home/sunrise/Desktop/ros2_simreal_ws/src/LPMS-SI2_imu/ros_ws/install/lpms_ig1/share/colcon-core/packages/lpms_ig1)
[64.262s] [34mcolcon.colcon_parallel_executor.executor.parallel[0m [1;30mDEBUG[0m [32mclosing loop[0m
[64.263s] [34mcolcon.colcon_parallel_executor.executor.parallel[0m [1;30mDEBUG[0m [32mloop closed[0m
[64.264s] [34mcolcon.colcon_parallel_executor.executor.parallel[0m [1;30mDEBUG[0m [32mrun_until_complete finished with '0'[0m
[64.264s] [34mcolcon.colcon_core.event_reactor[0m [1;30mDEBUG[0m [32mjoining thread[0m
[64.270s] [34mcolcon.colcon_core.event_reactor[0m [1;30mDEBUG[0m [32mjoined thread[0m
[64.272s] [34mcolcon.colcon_core.shell[0m [1;30mINFO[0m Creating prefix script '/home/sunrise/Desktop/ros2_simreal_ws/src/LPMS-SI2_imu/ros_ws/install/local_setup.ps1'
[64.282s] [34mcolcon.colcon_core.shell[0m [1;30mINFO[0m Creating prefix util module '/home/sunrise/Desktop/ros2_simreal_ws/src/LPMS-SI2_imu/ros_ws/install/_local_setup_util_ps1.py'
[64.294s] [34mcolcon.colcon_core.shell[0m [1;30mINFO[0m Creating prefix chain script '/home/sunrise/Desktop/ros2_simreal_ws/src/LPMS-SI2_imu/ros_ws/install/setup.ps1'
[64.304s] [34mcolcon.colcon_core.shell[0m [1;30mINFO[0m Creating prefix script '/home/sunrise/Desktop/ros2_simreal_ws/src/LPMS-SI2_imu/ros_ws/install/local_setup.sh'
[64.311s] [34mcolcon.colcon_core.shell[0m [1;30mINFO[0m Creating prefix util module '/home/sunrise/Desktop/ros2_simreal_ws/src/LPMS-SI2_imu/ros_ws/install/_local_setup_util_sh.py'
[64.315s] [34mcolcon.colcon_core.shell[0m [1;30mINFO[0m Creating prefix chain script '/home/sunrise/Desktop/ros2_simreal_ws/src/LPMS-SI2_imu/ros_ws/install/setup.sh'
[64.325s] [34mcolcon.colcon_core.shell[0m [1;30mINFO[0m Creating prefix script '/home/sunrise/Desktop/ros2_simreal_ws/src/LPMS-SI2_imu/ros_ws/install/local_setup.bash'
[64.329s] [34mcolcon.colcon_core.shell[0m [1;30mINFO[0m Creating prefix chain script '/home/sunrise/Desktop/ros2_simreal_ws/src/LPMS-SI2_imu/ros_ws/install/setup.bash'
[64.337s] [34mcolcon.colcon_core.shell[0m [1;30mINFO[0m Creating prefix script '/home/sunrise/Desktop/ros2_simreal_ws/src/LPMS-SI2_imu/ros_ws/install/local_setup.zsh'
[64.341s] [34mcolcon.colcon_core.shell[0m [1;30mINFO[0m Creating prefix chain script '/home/sunrise/Desktop/ros2_simreal_ws/src/LPMS-SI2_imu/ros_ws/install/setup.zsh'
