[0.741s] [34mcolcon[0m [1;30mDEBUG[0m [32mCommand line arguments: ['/usr/bin/colcon', 'build', '--packages-select', 'sim2real'][0m
[0.742s] [34mcolcon[0m [1;30mDEBUG[0m [32mParsed command line arguments: Namespace(log_base=None, log_level=None, verb_name='build', build_base='build', install_base='install', merge_install=False, symlink_install=False, test_result_base=None, continue_on_error=False, executor='parallel', parallel_workers=8, event_handlers=None, ignore_user_meta=False, metas=['./colcon.meta'], base_paths=['.'], packages_ignore=None, packages_ignore_regex=None, paths=None, packages_up_to=None, packages_up_to_regex=None, packages_above=None, packages_above_and_dependencies=None, packages_above_depth=None, packages_select_by_dep=None, packages_skip_by_dep=None, packages_skip_up_to=None, packages_select_build_failed=False, packages_skip_build_finished=False, packages_select_test_failures=False, packages_skip_test_passed=False, packages_select=['sim2real'], packages_skip=None, packages_select_regex=None, packages_skip_regex=None, packages_start=None, packages_end=None, allow_overriding=[], cmake_args=None, cmake_target=None, cmake_target_skip_unavailable=False, cmake_clean_cache=False, cmake_clean_first=False, cmake_force_configure=False, ament_cmake_args=None, catkin_cmake_args=None, catkin_skip_building_tests=False, verb_parser=<colcon_defaults.argument_parser.defaults.DefaultArgumentsDecorator object at 0xffffa4d7cee0>, verb_extension=<colcon_core.verb.build.BuildVerb object at 0xffffa4d7ca60>, main=<bound method BuildVerb.main of <colcon_core.verb.build.BuildVerb object at 0xffffa4d7ca60>>)[0m
[1.012s] [34mcolcon.colcon_core.package_discovery[0m [1;30mLevel 1[0m discover_packages(colcon_meta) check parameters
[1.013s] [34mcolcon.colcon_core.package_discovery[0m [1;30mLevel 1[0m discover_packages(recursive) check parameters
[1.013s] [34mcolcon.colcon_core.package_discovery[0m [1;30mLevel 1[0m discover_packages(ignore) check parameters
[1.013s] [34mcolcon.colcon_core.package_discovery[0m [1;30mLevel 1[0m discover_packages(path) check parameters
[1.014s] [34mcolcon.colcon_core.package_discovery[0m [1;30mLevel 1[0m discover_packages(colcon_meta) discover
[1.014s] [34mcolcon.colcon_core.package_discovery[0m [1;30mLevel 1[0m discover_packages(recursive) discover
[1.014s] [34mcolcon.colcon_core.package_discovery[0m [1;30mINFO[0m Crawling recursively for packages in '/home/sunrise/Desktop/ros2_simreal_ws'
[1.015s] [34mcolcon.colcon_core.package_identification[0m [1;30mLevel 1[0m _identify(.) by extensions ['ignore', 'ignore_ament_install']
[1.016s] [34mcolcon.colcon_core.package_identification[0m [1;30mLevel 1[0m _identify(.) by extension 'ignore'
[1.016s] [34mcolcon.colcon_core.package_identification[0m [1;30mLevel 1[0m _identify(.) by extension 'ignore_ament_install'
[1.016s] [34mcolcon.colcon_core.package_identification[0m [1;30mLevel 1[0m _identify(.) by extensions ['colcon_pkg']
[1.016s] [34mcolcon.colcon_core.package_identification[0m [1;30mLevel 1[0m _identify(.) by extension 'colcon_pkg'
[1.017s] [34mcolcon.colcon_core.package_identification[0m [1;30mLevel 1[0m _identify(.) by extensions ['colcon_meta']
[1.017s] [34mcolcon.colcon_core.package_identification[0m [1;30mLevel 1[0m _identify(.) by extension 'colcon_meta'
[1.017s] [34mcolcon.colcon_core.package_identification[0m [1;30mLevel 1[0m _identify(.) by extensions ['ros']
[1.017s] [34mcolcon.colcon_core.package_identification[0m [1;30mLevel 1[0m _identify(.) by extension 'ros'
[1.116s] [34mcolcon.colcon_core.package_identification[0m [1;30mLevel 1[0m _identify(.) by extensions ['cmake', 'python']
[1.117s] [34mcolcon.colcon_core.package_identification[0m [1;30mLevel 1[0m _identify(.) by extension 'cmake'
[1.117s] [34mcolcon.colcon_core.package_identification[0m [1;30mLevel 1[0m _identify(.) by extension 'python'
[1.117s] [34mcolcon.colcon_core.package_identification[0m [1;30mLevel 1[0m _identify(.) by extensions ['python_setup_py']
[1.118s] [34mcolcon.colcon_core.package_identification[0m [1;30mLevel 1[0m _identify(.) by extension 'python_setup_py'
[1.118s] [34mcolcon.colcon_core.package_identification[0m [1;30mLevel 1[0m _identify(build) by extensions ['ignore', 'ignore_ament_install']
[1.119s] [34mcolcon.colcon_core.package_identification[0m [1;30mLevel 1[0m _identify(build) by extension 'ignore'
[1.119s] [34mcolcon.colcon_core.package_identification[0m [1;30mLevel 1[0m _identify(build) ignored
[1.120s] [34mcolcon.colcon_core.package_identification[0m [1;30mLevel 1[0m _identify(install) by extensions ['ignore', 'ignore_ament_install']
[1.120s] [34mcolcon.colcon_core.package_identification[0m [1;30mLevel 1[0m _identify(install) by extension 'ignore'
[1.121s] [34mcolcon.colcon_core.package_identification[0m [1;30mLevel 1[0m _identify(install) ignored
[1.121s] [34mcolcon.colcon_core.package_identification[0m [1;30mLevel 1[0m _identify(log) by extensions ['ignore', 'ignore_ament_install']
[1.122s] [34mcolcon.colcon_core.package_identification[0m [1;30mLevel 1[0m _identify(log) by extension 'ignore'
[1.122s] [34mcolcon.colcon_core.package_identification[0m [1;30mLevel 1[0m _identify(log) ignored
[1.122s] [34mcolcon.colcon_core.package_identification[0m [1;30mLevel 1[0m _identify(src) by extensions ['ignore', 'ignore_ament_install']
[1.123s] [34mcolcon.colcon_core.package_identification[0m [1;30mLevel 1[0m _identify(src) by extension 'ignore'
[1.123s] [34mcolcon.colcon_core.package_identification[0m [1;30mLevel 1[0m _identify(src) by extension 'ignore_ament_install'
[1.124s] [34mcolcon.colcon_core.package_identification[0m [1;30mLevel 1[0m _identify(src) by extensions ['colcon_pkg']
[1.124s] [34mcolcon.colcon_core.package_identification[0m [1;30mLevel 1[0m _identify(src) by extension 'colcon_pkg'
[1.124s] [34mcolcon.colcon_core.package_identification[0m [1;30mLevel 1[0m _identify(src) by extensions ['colcon_meta']
[1.124s] [34mcolcon.colcon_core.package_identification[0m [1;30mLevel 1[0m _identify(src) by extension 'colcon_meta'
[1.125s] [34mcolcon.colcon_core.package_identification[0m [1;30mLevel 1[0m _identify(src) by extensions ['ros']
[1.125s] [34mcolcon.colcon_core.package_identification[0m [1;30mLevel 1[0m _identify(src) by extension 'ros'
[1.125s] [34mcolcon.colcon_core.package_identification[0m [1;30mLevel 1[0m _identify(src) by extensions ['cmake', 'python']
[1.126s] [34mcolcon.colcon_core.package_identification[0m [1;30mLevel 1[0m _identify(src) by extension 'cmake'
[1.126s] [34mcolcon.colcon_core.package_identification[0m [1;30mLevel 1[0m _identify(src) by extension 'python'
[1.126s] [34mcolcon.colcon_core.package_identification[0m [1;30mLevel 1[0m _identify(src) by extensions ['python_setup_py']
[1.126s] [34mcolcon.colcon_core.package_identification[0m [1;30mLevel 1[0m _identify(src) by extension 'python_setup_py'
[1.127s] [34mcolcon.colcon_core.package_identification[0m [1;30mLevel 1[0m _identify(src/LPMS-SI2_imu) by extensions ['ignore', 'ignore_ament_install']
[1.127s] [34mcolcon.colcon_core.package_identification[0m [1;30mLevel 1[0m _identify(src/LPMS-SI2_imu) by extension 'ignore'
[1.128s] [34mcolcon.colcon_core.package_identification[0m [1;30mLevel 1[0m _identify(src/LPMS-SI2_imu) by extension 'ignore_ament_install'
[1.128s] [34mcolcon.colcon_core.package_identification[0m [1;30mLevel 1[0m _identify(src/LPMS-SI2_imu) by extensions ['colcon_pkg']
[1.128s] [34mcolcon.colcon_core.package_identification[0m [1;30mLevel 1[0m _identify(src/LPMS-SI2_imu) by extension 'colcon_pkg'
[1.129s] [34mcolcon.colcon_core.package_identification[0m [1;30mLevel 1[0m _identify(src/LPMS-SI2_imu) by extensions ['colcon_meta']
[1.129s] [34mcolcon.colcon_core.package_identification[0m [1;30mLevel 1[0m _identify(src/LPMS-SI2_imu) by extension 'colcon_meta'
[1.129s] [34mcolcon.colcon_core.package_identification[0m [1;30mLevel 1[0m _identify(src/LPMS-SI2_imu) by extensions ['ros']
[1.129s] [34mcolcon.colcon_core.package_identification[0m [1;30mLevel 1[0m _identify(src/LPMS-SI2_imu) by extension 'ros'
[1.130s] [34mcolcon.colcon_core.package_identification[0m [1;30mLevel 1[0m _identify(src/LPMS-SI2_imu) by extensions ['cmake', 'python']
[1.130s] [34mcolcon.colcon_core.package_identification[0m [1;30mLevel 1[0m _identify(src/LPMS-SI2_imu) by extension 'cmake'
[1.130s] [34mcolcon.colcon_core.package_identification[0m [1;30mLevel 1[0m _identify(src/LPMS-SI2_imu) by extension 'python'
[1.131s] [34mcolcon.colcon_core.package_identification[0m [1;30mLevel 1[0m _identify(src/LPMS-SI2_imu) by extensions ['python_setup_py']
[1.131s] [34mcolcon.colcon_core.package_identification[0m [1;30mLevel 1[0m _identify(src/LPMS-SI2_imu) by extension 'python_setup_py'
[1.132s] [34mcolcon.colcon_core.package_identification[0m [1;30mLevel 1[0m _identify(src/drive_motor) by extensions ['ignore', 'ignore_ament_install']
[1.132s] [34mcolcon.colcon_core.package_identification[0m [1;30mLevel 1[0m _identify(src/drive_motor) by extension 'ignore'
[1.132s] [34mcolcon.colcon_core.package_identification[0m [1;30mLevel 1[0m _identify(src/drive_motor) by extension 'ignore_ament_install'
[1.133s] [34mcolcon.colcon_core.package_identification[0m [1;30mLevel 1[0m _identify(src/drive_motor) by extensions ['colcon_pkg']
[1.133s] [34mcolcon.colcon_core.package_identification[0m [1;30mLevel 1[0m _identify(src/drive_motor) by extension 'colcon_pkg'
[1.133s] [34mcolcon.colcon_core.package_identification[0m [1;30mLevel 1[0m _identify(src/drive_motor) by extensions ['colcon_meta']
[1.134s] [34mcolcon.colcon_core.package_identification[0m [1;30mLevel 1[0m _identify(src/drive_motor) by extension 'colcon_meta'
[1.134s] [34mcolcon.colcon_core.package_identification[0m [1;30mLevel 1[0m _identify(src/drive_motor) by extensions ['ros']
[1.134s] [34mcolcon.colcon_core.package_identification[0m [1;30mLevel 1[0m _identify(src/drive_motor) by extension 'ros'
[1.135s] [34mcolcon.colcon_core.package_identification[0m [1;30mLevel 1[0m _identify(src/drive_motor) by extensions ['cmake', 'python']
[1.135s] [34mcolcon.colcon_core.package_identification[0m [1;30mLevel 1[0m _identify(src/drive_motor) by extension 'cmake'
[1.135s] [34mcolcon.colcon_core.package_identification[0m [1;30mLevel 1[0m _identify(src/drive_motor) by extension 'python'
[1.135s] [34mcolcon.colcon_core.package_identification[0m [1;30mLevel 1[0m _identify(src/drive_motor) by extensions ['python_setup_py']
[1.136s] [34mcolcon.colcon_core.package_identification[0m [1;30mLevel 1[0m _identify(src/drive_motor) by extension 'python_setup_py'
[1.136s] [34mcolcon.colcon_core.package_identification[0m [1;30mLevel 1[0m _identify(src/sim2real) by extensions ['ignore', 'ignore_ament_install']
[1.137s] [34mcolcon.colcon_core.package_identification[0m [1;30mLevel 1[0m _identify(src/sim2real) by extension 'ignore'
[1.137s] [34mcolcon.colcon_core.package_identification[0m [1;30mLevel 1[0m _identify(src/sim2real) by extension 'ignore_ament_install'
[1.138s] [34mcolcon.colcon_core.package_identification[0m [1;30mLevel 1[0m _identify(src/sim2real) by extensions ['colcon_pkg']
[1.138s] [34mcolcon.colcon_core.package_identification[0m [1;30mLevel 1[0m _identify(src/sim2real) by extension 'colcon_pkg'
[1.138s] [34mcolcon.colcon_core.package_identification[0m [1;30mLevel 1[0m _identify(src/sim2real) by extensions ['colcon_meta']
[1.138s] [34mcolcon.colcon_core.package_identification[0m [1;30mLevel 1[0m _identify(src/sim2real) by extension 'colcon_meta'
[1.139s] [34mcolcon.colcon_core.package_identification[0m [1;30mLevel 1[0m _identify(src/sim2real) by extensions ['ros']
[1.139s] [34mcolcon.colcon_core.package_identification[0m [1;30mLevel 1[0m _identify(src/sim2real) by extension 'ros'
[1.153s] [34mcolcon.colcon_core.package_identification[0m [1;30mDEBUG[0m [32mPackage 'src/sim2real' with type 'ros.ament_python' and name 'sim2real'[0m
[1.154s] [34mcolcon.colcon_core.package_discovery[0m [1;30mLevel 1[0m discover_packages(recursive) using defaults
[1.154s] [34mcolcon.colcon_core.package_discovery[0m [1;30mLevel 1[0m discover_packages(ignore) discover
[1.155s] [34mcolcon.colcon_core.package_discovery[0m [1;30mLevel 1[0m discover_packages(ignore) using defaults
[1.155s] [34mcolcon.colcon_core.package_discovery[0m [1;30mLevel 1[0m discover_packages(path) discover
[1.155s] [34mcolcon.colcon_core.package_discovery[0m [1;30mLevel 1[0m discover_packages(path) using defaults
[1.254s] [34mcolcon.colcon_core.package_discovery[0m [1;30mLevel 1[0m discover_packages(prefix_path) check parameters
[1.255s] [34mcolcon.colcon_core.package_discovery[0m [1;30mLevel 1[0m discover_packages(prefix_path) discover
[1.262s] [34mcolcon.colcon_installed_package_information.package_discovery[0m [1;30mDEBUG[0m [32mFound 0 installed packages in /home/sunrise/Desktop/ros2_simreal_ws/install[0m
[1.268s] [34mcolcon.colcon_installed_package_information.package_discovery[0m [1;30mDEBUG[0m [32mFound 183 installed packages in /opt/ros/humble[0m
[1.276s] [34mcolcon.colcon_core.package_discovery[0m [1;30mLevel 1[0m discover_packages(prefix_path) using defaults
[1.454s] [34mcolcon.colcon_core.verb[0m [1;30mLevel 5[0m set package 'sim2real' build argument 'cmake_args' from command line to 'None'
[1.455s] [34mcolcon.colcon_core.verb[0m [1;30mLevel 5[0m set package 'sim2real' build argument 'cmake_target' from command line to 'None'
[1.455s] [34mcolcon.colcon_core.verb[0m [1;30mLevel 5[0m set package 'sim2real' build argument 'cmake_target_skip_unavailable' from command line to 'False'
[1.455s] [34mcolcon.colcon_core.verb[0m [1;30mLevel 5[0m set package 'sim2real' build argument 'cmake_clean_cache' from command line to 'False'
[1.456s] [34mcolcon.colcon_core.verb[0m [1;30mLevel 5[0m set package 'sim2real' build argument 'cmake_clean_first' from command line to 'False'
[1.456s] [34mcolcon.colcon_core.verb[0m [1;30mLevel 5[0m set package 'sim2real' build argument 'cmake_force_configure' from command line to 'False'
[1.456s] [34mcolcon.colcon_core.verb[0m [1;30mLevel 5[0m set package 'sim2real' build argument 'ament_cmake_args' from command line to 'None'
[1.456s] [34mcolcon.colcon_core.verb[0m [1;30mLevel 5[0m set package 'sim2real' build argument 'catkin_cmake_args' from command line to 'None'
[1.456s] [34mcolcon.colcon_core.verb[0m [1;30mLevel 5[0m set package 'sim2real' build argument 'catkin_skip_building_tests' from command line to 'False'
[1.457s] [34mcolcon.colcon_core.verb[0m [1;30mDEBUG[0m [32mBuilding package 'sim2real' with the following arguments: {'ament_cmake_args': None, 'build_base': '/home/sunrise/Desktop/ros2_simreal_ws/build/sim2real', 'catkin_cmake_args': None, 'catkin_skip_building_tests': False, 'cmake_args': None, 'cmake_clean_cache': False, 'cmake_clean_first': False, 'cmake_force_configure': False, 'cmake_target': None, 'cmake_target_skip_unavailable': False, 'install_base': '/home/sunrise/Desktop/ros2_simreal_ws/install/sim2real', 'merge_install': False, 'path': '/home/sunrise/Desktop/ros2_simreal_ws/src/sim2real', 'symlink_install': False, 'test_result_base': None}[0m
[1.458s] [34mcolcon.colcon_core.executor[0m [1;30mINFO[0m Executing jobs using 'parallel' executor
[1.463s] [34mcolcon.colcon_parallel_executor.executor.parallel[0m [1;30mDEBUG[0m [32mrun_until_complete[0m
[1.465s] [34mcolcon.colcon_ros.task.ament_python.build[0m [1;30mINFO[0m Building ROS package in '/home/sunrise/Desktop/ros2_simreal_ws/src/sim2real' with build type 'ament_python'
[1.466s] [34mcolcon.colcon_core.shell[0m [1;30mLevel 1[0m create_environment_hook('sim2real', 'ament_prefix_path')
[1.477s] [34mcolcon.colcon_core.plugin_system[0m [1;30mINFO[0m Skipping extension 'colcon_core.shell.bat': Not used on non-Windows systems
[1.478s] [34mcolcon.colcon_core.shell[0m [1;30mINFO[0m Creating environment hook '/home/sunrise/Desktop/ros2_simreal_ws/install/sim2real/share/sim2real/hook/ament_prefix_path.ps1'
[1.483s] [34mcolcon.colcon_core.shell[0m [1;30mINFO[0m Creating environment descriptor '/home/sunrise/Desktop/ros2_simreal_ws/install/sim2real/share/sim2real/hook/ament_prefix_path.dsv'
[1.486s] [34mcolcon.colcon_core.shell[0m [1;30mINFO[0m Creating environment hook '/home/sunrise/Desktop/ros2_simreal_ws/install/sim2real/share/sim2real/hook/ament_prefix_path.sh'
[1.491s] [34mcolcon.colcon_core.shell[0m [1;30mINFO[0m Skip shell extension 'powershell' for command environment: Not usable outside of PowerShell
[1.491s] [34mcolcon.colcon_core.shell[0m [1;30mDEBUG[0m [32mSkip shell extension 'dsv' for command environment[0m
[2.771s] [34mcolcon.colcon_core.task.python.build[0m [1;30mINFO[0m Building Python package in '/home/sunrise/Desktop/ros2_simreal_ws/src/sim2real'
[2.773s] [34mcolcon.colcon_core.shell[0m [1;30mINFO[0m Skip shell extension 'powershell' for command environment: Not usable outside of PowerShell
[2.774s] [34mcolcon.colcon_core.shell[0m [1;30mDEBUG[0m [32mSkip shell extension 'dsv' for command environment[0m
[5.121s] [34mcolcon.colcon_core.event_handler.log_command[0m [1;30mDEBUG[0m [32mInvoking command in '/home/sunrise/Desktop/ros2_simreal_ws/src/sim2real': PYTHONPATH=/home/sunrise/Desktop/ros2_simreal_ws/build/sim2real/prefix_override:/usr/lib/python3/dist-packages/colcon_core/task/python/colcon_distutils_commands:/home/sunrise/Desktop/ros2_simreal_ws/install/sim2real/lib/python3.10/site-packages:${PYTHONPATH} /usr/bin/python3 -W ignore:setup.py install is deprecated -W ignore:easy_install command is deprecated setup.py egg_info --egg-base ../../build/sim2real build --build-base /home/sunrise/Desktop/ros2_simreal_ws/build/sim2real/build install --record /home/sunrise/Desktop/ros2_simreal_ws/build/sim2real/install.log --single-version-externally-managed install_data[0m
[7.431s] [34mcolcon.colcon_core.event_handler.log_command[0m [1;30mDEBUG[0m [32mInvoked command in '/home/sunrise/Desktop/ros2_simreal_ws/src/sim2real' returned '0': PYTHONPATH=/home/sunrise/Desktop/ros2_simreal_ws/build/sim2real/prefix_override:/usr/lib/python3/dist-packages/colcon_core/task/python/colcon_distutils_commands:/home/sunrise/Desktop/ros2_simreal_ws/install/sim2real/lib/python3.10/site-packages:${PYTHONPATH} /usr/bin/python3 -W ignore:setup.py install is deprecated -W ignore:easy_install command is deprecated setup.py egg_info --egg-base ../../build/sim2real build --build-base /home/sunrise/Desktop/ros2_simreal_ws/build/sim2real/build install --record /home/sunrise/Desktop/ros2_simreal_ws/build/sim2real/install.log --single-version-externally-managed install_data[0m
[7.454s] [34mcolcon.colcon_core.environment[0m [1;30mLevel 1[0m checking '/home/sunrise/Desktop/ros2_simreal_ws/install/sim2real' for CMake module files
[7.457s] [34mcolcon.colcon_core.environment[0m [1;30mLevel 1[0m checking '/home/sunrise/Desktop/ros2_simreal_ws/install/sim2real' for CMake config files
[7.461s] [34mcolcon.colcon_core.environment[0m [1;30mLevel 1[0m checking '/home/sunrise/Desktop/ros2_simreal_ws/install/sim2real/lib'
[7.462s] [34mcolcon.colcon_core.environment[0m [1;30mLevel 1[0m checking '/home/sunrise/Desktop/ros2_simreal_ws/install/sim2real/bin'
[7.462s] [34mcolcon.colcon_core.environment[0m [1;30mLevel 1[0m checking '/home/sunrise/Desktop/ros2_simreal_ws/install/sim2real/lib/pkgconfig/sim2real.pc'
[7.464s] [34mcolcon.colcon_core.environment[0m [1;30mLevel 1[0m checking '/home/sunrise/Desktop/ros2_simreal_ws/install/sim2real/lib/python3.10/site-packages'
[7.464s] [34mcolcon.colcon_core.shell[0m [1;30mLevel 1[0m create_environment_hook('sim2real', 'pythonpath')
[7.466s] [34mcolcon.colcon_core.shell[0m [1;30mINFO[0m Creating environment hook '/home/sunrise/Desktop/ros2_simreal_ws/install/sim2real/share/sim2real/hook/pythonpath.ps1'
[7.468s] [34mcolcon.colcon_core.shell[0m [1;30mINFO[0m Creating environment descriptor '/home/sunrise/Desktop/ros2_simreal_ws/install/sim2real/share/sim2real/hook/pythonpath.dsv'
[7.471s] [34mcolcon.colcon_core.shell[0m [1;30mINFO[0m Creating environment hook '/home/sunrise/Desktop/ros2_simreal_ws/install/sim2real/share/sim2real/hook/pythonpath.sh'
[7.476s] [34mcolcon.colcon_core.environment[0m [1;30mLevel 1[0m checking '/home/sunrise/Desktop/ros2_simreal_ws/install/sim2real/bin'
[7.476s] [34mcolcon.colcon_core.environment[0m [1;30mLevel 1[0m create_environment_scripts_only(sim2real)
[7.479s] [34mcolcon.colcon_core.shell[0m [1;30mINFO[0m Creating package script '/home/sunrise/Desktop/ros2_simreal_ws/install/sim2real/share/sim2real/package.ps1'
[7.488s] [34mcolcon.colcon_core.shell[0m [1;30mINFO[0m Creating package descriptor '/home/sunrise/Desktop/ros2_simreal_ws/install/sim2real/share/sim2real/package.dsv'
[7.492s] [34mcolcon.colcon_core.shell[0m [1;30mINFO[0m Creating package script '/home/sunrise/Desktop/ros2_simreal_ws/install/sim2real/share/sim2real/package.sh'
[7.498s] [34mcolcon.colcon_core.shell[0m [1;30mINFO[0m Creating package script '/home/sunrise/Desktop/ros2_simreal_ws/install/sim2real/share/sim2real/package.bash'
[7.503s] [34mcolcon.colcon_core.shell[0m [1;30mINFO[0m Creating package script '/home/sunrise/Desktop/ros2_simreal_ws/install/sim2real/share/sim2real/package.zsh'
[7.509s] [34mcolcon.colcon_core.environment[0m [1;30mLevel 1[0m create_file_with_runtime_dependencies(/home/sunrise/Desktop/ros2_simreal_ws/install/sim2real/share/colcon-core/packages/sim2real)
[7.511s] [34mcolcon.colcon_parallel_executor.executor.parallel[0m [1;30mDEBUG[0m [32mclosing loop[0m
[7.512s] [34mcolcon.colcon_parallel_executor.executor.parallel[0m [1;30mDEBUG[0m [32mloop closed[0m
[7.513s] [34mcolcon.colcon_parallel_executor.executor.parallel[0m [1;30mDEBUG[0m [32mrun_until_complete finished with '0'[0m
[7.513s] [34mcolcon.colcon_core.event_reactor[0m [1;30mDEBUG[0m [32mjoining thread[0m
[7.515s] [34mcolcon.colcon_core.event_reactor[0m [1;30mDEBUG[0m [32mjoined thread[0m
[7.517s] [34mcolcon.colcon_core.shell[0m [1;30mINFO[0m Creating prefix script '/home/sunrise/Desktop/ros2_simreal_ws/install/local_setup.ps1'
[7.523s] [34mcolcon.colcon_core.shell[0m [1;30mINFO[0m Creating prefix util module '/home/sunrise/Desktop/ros2_simreal_ws/install/_local_setup_util_ps1.py'
[7.532s] [34mcolcon.colcon_core.shell[0m [1;30mINFO[0m Creating prefix chain script '/home/sunrise/Desktop/ros2_simreal_ws/install/setup.ps1'
[7.539s] [34mcolcon.colcon_core.shell[0m [1;30mINFO[0m Creating prefix script '/home/sunrise/Desktop/ros2_simreal_ws/install/local_setup.sh'
[7.543s] [34mcolcon.colcon_core.shell[0m [1;30mINFO[0m Creating prefix util module '/home/sunrise/Desktop/ros2_simreal_ws/install/_local_setup_util_sh.py'
[7.546s] [34mcolcon.colcon_core.shell[0m [1;30mINFO[0m Creating prefix chain script '/home/sunrise/Desktop/ros2_simreal_ws/install/setup.sh'
[7.553s] [34mcolcon.colcon_core.shell[0m [1;30mINFO[0m Creating prefix script '/home/sunrise/Desktop/ros2_simreal_ws/install/local_setup.bash'
[7.556s] [34mcolcon.colcon_core.shell[0m [1;30mINFO[0m Creating prefix chain script '/home/sunrise/Desktop/ros2_simreal_ws/install/setup.bash'
[7.561s] [34mcolcon.colcon_core.shell[0m [1;30mINFO[0m Creating prefix script '/home/sunrise/Desktop/ros2_simreal_ws/install/local_setup.zsh'
[7.564s] [34mcolcon.colcon_core.shell[0m [1;30mINFO[0m Creating prefix chain script '/home/sunrise/Desktop/ros2_simreal_ws/install/setup.zsh'
