[0.624s] [34mcolcon[0m [1;30mDEBUG[0m [32mCommand line arguments: ['/usr/bin/colcon', 'build'][0m
[0.624s] [34mcolcon[0m [1;30mDEBUG[0m [32mParsed command line arguments: Namespace(log_base=None, log_level=None, verb_name='build', build_base='build', install_base='install', merge_install=False, symlink_install=False, test_result_base=None, continue_on_error=False, executor='parallel', parallel_workers=8, event_handlers=None, ignore_user_meta=False, metas=['./colcon.meta'], base_paths=['.'], packages_ignore=None, packages_ignore_regex=None, paths=None, packages_up_to=None, packages_up_to_regex=None, packages_above=None, packages_above_and_dependencies=None, packages_above_depth=None, packages_select_by_dep=None, packages_skip_by_dep=None, packages_skip_up_to=None, packages_select_build_failed=False, packages_skip_build_finished=False, packages_select_test_failures=False, packages_skip_test_passed=False, packages_select=None, packages_skip=None, packages_select_regex=None, packages_skip_regex=None, packages_start=None, packages_end=None, allow_overriding=[], cmake_args=None, cmake_target=None, cmake_target_skip_unavailable=False, cmake_clean_cache=False, cmake_clean_first=False, cmake_force_configure=False, ament_cmake_args=None, catkin_cmake_args=None, catkin_skip_building_tests=False, verb_parser=<colcon_defaults.argument_parser.defaults.DefaultArgumentsDecorator object at 0xffff83295600>, verb_extension=<colcon_core.verb.build.BuildVerb object at 0xffff83295180>, main=<bound method BuildVerb.main of <colcon_core.verb.build.BuildVerb object at 0xffff83295180>>)[0m
[0.858s] [34mcolcon.colcon_core.package_discovery[0m [1;30mLevel 1[0m discover_packages(colcon_meta) check parameters
[0.859s] [34mcolcon.colcon_core.package_discovery[0m [1;30mLevel 1[0m discover_packages(recursive) check parameters
[0.859s] [34mcolcon.colcon_core.package_discovery[0m [1;30mLevel 1[0m discover_packages(ignore) check parameters
[0.859s] [34mcolcon.colcon_core.package_discovery[0m [1;30mLevel 1[0m discover_packages(path) check parameters
[0.859s] [34mcolcon.colcon_core.package_discovery[0m [1;30mLevel 1[0m discover_packages(colcon_meta) discover
[0.860s] [34mcolcon.colcon_core.package_discovery[0m [1;30mLevel 1[0m discover_packages(recursive) discover
[0.860s] [34mcolcon.colcon_core.package_discovery[0m [1;30mINFO[0m Crawling recursively for packages in '/home/sunrise/Desktop/ros2_simreal_ws/src/drive_motor/motor'
[0.861s] [34mcolcon.colcon_core.package_identification[0m [1;30mLevel 1[0m _identify(.) by extensions ['ignore', 'ignore_ament_install']
[0.861s] [34mcolcon.colcon_core.package_identification[0m [1;30mLevel 1[0m _identify(.) by extension 'ignore'
[0.862s] [34mcolcon.colcon_core.package_identification[0m [1;30mLevel 1[0m _identify(.) by extension 'ignore_ament_install'
[0.862s] [34mcolcon.colcon_core.package_identification[0m [1;30mLevel 1[0m _identify(.) by extensions ['colcon_pkg']
[0.862s] [34mcolcon.colcon_core.package_identification[0m [1;30mLevel 1[0m _identify(.) by extension 'colcon_pkg'
[0.862s] [34mcolcon.colcon_core.package_identification[0m [1;30mLevel 1[0m _identify(.) by extensions ['colcon_meta']
[0.862s] [34mcolcon.colcon_core.package_identification[0m [1;30mLevel 1[0m _identify(.) by extension 'colcon_meta'
[0.863s] [34mcolcon.colcon_core.package_identification[0m [1;30mLevel 1[0m _identify(.) by extensions ['ros']
[0.863s] [34mcolcon.colcon_core.package_identification[0m [1;30mLevel 1[0m _identify(.) by extension 'ros'
[0.952s] [34mcolcon.colcon_core.package_identification[0m [1;30mLevel 1[0m _identify(.) by extensions ['cmake', 'python']
[0.952s] [34mcolcon.colcon_core.package_identification[0m [1;30mLevel 1[0m _identify(.) by extension 'cmake'
[0.953s] [34mcolcon.colcon_core.package_identification[0m [1;30mLevel 1[0m _identify(.) by extension 'python'
[0.953s] [34mcolcon.colcon_core.package_identification[0m [1;30mLevel 1[0m _identify(.) by extensions ['python_setup_py']
[0.953s] [34mcolcon.colcon_core.package_identification[0m [1;30mLevel 1[0m _identify(.) by extension 'python_setup_py'
[0.954s] [34mcolcon.colcon_core.package_identification[0m [1;30mLevel 1[0m _identify(build) by extensions ['ignore', 'ignore_ament_install']
[0.954s] [34mcolcon.colcon_core.package_identification[0m [1;30mLevel 1[0m _identify(build) by extension 'ignore'
[0.955s] [34mcolcon.colcon_core.package_identification[0m [1;30mLevel 1[0m _identify(build) ignored
[0.955s] [34mcolcon.colcon_core.package_identification[0m [1;30mLevel 1[0m _identify(install) by extensions ['ignore', 'ignore_ament_install']
[0.956s] [34mcolcon.colcon_core.package_identification[0m [1;30mLevel 1[0m _identify(install) by extension 'ignore'
[0.956s] [34mcolcon.colcon_core.package_identification[0m [1;30mLevel 1[0m _identify(install) ignored
[0.956s] [34mcolcon.colcon_core.package_identification[0m [1;30mLevel 1[0m _identify(log) by extensions ['ignore', 'ignore_ament_install']
[0.957s] [34mcolcon.colcon_core.package_identification[0m [1;30mLevel 1[0m _identify(log) by extension 'ignore'
[0.957s] [34mcolcon.colcon_core.package_identification[0m [1;30mLevel 1[0m _identify(log) ignored
[0.957s] [34mcolcon.colcon_core.package_identification[0m [1;30mLevel 1[0m _identify(src) by extensions ['ignore', 'ignore_ament_install']
[0.958s] [34mcolcon.colcon_core.package_identification[0m [1;30mLevel 1[0m _identify(src) by extension 'ignore'
[0.958s] [34mcolcon.colcon_core.package_identification[0m [1;30mLevel 1[0m _identify(src) by extension 'ignore_ament_install'
[0.958s] [34mcolcon.colcon_core.package_identification[0m [1;30mLevel 1[0m _identify(src) by extensions ['colcon_pkg']
[0.959s] [34mcolcon.colcon_core.package_identification[0m [1;30mLevel 1[0m _identify(src) by extension 'colcon_pkg'
[0.959s] [34mcolcon.colcon_core.package_identification[0m [1;30mLevel 1[0m _identify(src) by extensions ['colcon_meta']
[0.959s] [34mcolcon.colcon_core.package_identification[0m [1;30mLevel 1[0m _identify(src) by extension 'colcon_meta'
[0.959s] [34mcolcon.colcon_core.package_identification[0m [1;30mLevel 1[0m _identify(src) by extensions ['ros']
[0.959s] [34mcolcon.colcon_core.package_identification[0m [1;30mLevel 1[0m _identify(src) by extension 'ros'
[0.960s] [34mcolcon.colcon_core.package_identification[0m [1;30mLevel 1[0m _identify(src) by extensions ['cmake', 'python']
[0.960s] [34mcolcon.colcon_core.package_identification[0m [1;30mLevel 1[0m _identify(src) by extension 'cmake'
[0.960s] [34mcolcon.colcon_core.package_identification[0m [1;30mLevel 1[0m _identify(src) by extension 'python'
[0.961s] [34mcolcon.colcon_core.package_identification[0m [1;30mLevel 1[0m _identify(src) by extensions ['python_setup_py']
[0.961s] [34mcolcon.colcon_core.package_identification[0m [1;30mLevel 1[0m _identify(src) by extension 'python_setup_py'
[0.961s] [34mcolcon.colcon_core.package_identification[0m [1;30mLevel 1[0m _identify(src/drive_motor) by extensions ['ignore', 'ignore_ament_install']
[0.962s] [34mcolcon.colcon_core.package_identification[0m [1;30mLevel 1[0m _identify(src/drive_motor) by extension 'ignore'
[0.962s] [34mcolcon.colcon_core.package_identification[0m [1;30mLevel 1[0m _identify(src/drive_motor) by extension 'ignore_ament_install'
[0.962s] [34mcolcon.colcon_core.package_identification[0m [1;30mLevel 1[0m _identify(src/drive_motor) by extensions ['colcon_pkg']
[0.963s] [34mcolcon.colcon_core.package_identification[0m [1;30mLevel 1[0m _identify(src/drive_motor) by extension 'colcon_pkg'
[0.963s] [34mcolcon.colcon_core.package_identification[0m [1;30mLevel 1[0m _identify(src/drive_motor) by extensions ['colcon_meta']
[0.963s] [34mcolcon.colcon_core.package_identification[0m [1;30mLevel 1[0m _identify(src/drive_motor) by extension 'colcon_meta'
[0.963s] [34mcolcon.colcon_core.package_identification[0m [1;30mLevel 1[0m _identify(src/drive_motor) by extensions ['ros']
[0.963s] [34mcolcon.colcon_core.package_identification[0m [1;30mLevel 1[0m _identify(src/drive_motor) by extension 'ros'
[0.977s] [34mcolcon.colcon_core.package_identification[0m [1;30mDEBUG[0m [32mPackage 'src/drive_motor' with type 'ros.ament_cmake' and name 'drive_motor'[0m
[0.978s] [34mcolcon.colcon_core.package_identification[0m [1;30mLevel 1[0m _identify(src/motor_interfaces) by extensions ['ignore', 'ignore_ament_install']
[0.979s] [34mcolcon.colcon_core.package_identification[0m [1;30mLevel 1[0m _identify(src/motor_interfaces) by extension 'ignore'
[0.979s] [34mcolcon.colcon_core.package_identification[0m [1;30mLevel 1[0m _identify(src/motor_interfaces) by extension 'ignore_ament_install'
[0.980s] [34mcolcon.colcon_core.package_identification[0m [1;30mLevel 1[0m _identify(src/motor_interfaces) by extensions ['colcon_pkg']
[0.980s] [34mcolcon.colcon_core.package_identification[0m [1;30mLevel 1[0m _identify(src/motor_interfaces) by extension 'colcon_pkg'
[0.980s] [34mcolcon.colcon_core.package_identification[0m [1;30mLevel 1[0m _identify(src/motor_interfaces) by extensions ['colcon_meta']
[0.981s] [34mcolcon.colcon_core.package_identification[0m [1;30mLevel 1[0m _identify(src/motor_interfaces) by extension 'colcon_meta'
[0.981s] [34mcolcon.colcon_core.package_identification[0m [1;30mLevel 1[0m _identify(src/motor_interfaces) by extensions ['ros']
[0.981s] [34mcolcon.colcon_core.package_identification[0m [1;30mLevel 1[0m _identify(src/motor_interfaces) by extension 'ros'
[0.984s] [34mcolcon.colcon_core.package_identification[0m [1;30mDEBUG[0m [32mPackage 'src/motor_interfaces' with type 'ros.ament_cmake' and name 'motor_interfaces'[0m
[0.984s] [34mcolcon.colcon_core.package_discovery[0m [1;30mLevel 1[0m discover_packages(recursive) using defaults
[0.985s] [34mcolcon.colcon_core.package_discovery[0m [1;30mLevel 1[0m discover_packages(ignore) discover
[0.985s] [34mcolcon.colcon_core.package_discovery[0m [1;30mLevel 1[0m discover_packages(ignore) using defaults
[0.985s] [34mcolcon.colcon_core.package_discovery[0m [1;30mLevel 1[0m discover_packages(path) discover
[0.985s] [34mcolcon.colcon_core.package_discovery[0m [1;30mLevel 1[0m discover_packages(path) using defaults
[1.077s] [34mcolcon.colcon_core.package_discovery[0m [1;30mLevel 1[0m discover_packages(prefix_path) check parameters
[1.077s] [34mcolcon.colcon_core.package_discovery[0m [1;30mLevel 1[0m discover_packages(prefix_path) discover
[1.086s] [34mcolcon.colcon_installed_package_information.package_discovery[0m [1;30mDEBUG[0m [32mFound 1 installed packages in /home/sunrise/Desktop/ros2_simreal_ws/install[0m
[1.091s] [34mcolcon.colcon_installed_package_information.package_discovery[0m [1;30mDEBUG[0m [32mFound 183 installed packages in /opt/ros/humble[0m
[1.099s] [34mcolcon.colcon_core.package_discovery[0m [1;30mLevel 1[0m discover_packages(prefix_path) using defaults
[1.263s] [34mcolcon.colcon_core.verb[0m [1;30mLevel 5[0m set package 'motor_interfaces' build argument 'cmake_args' from command line to 'None'
[1.264s] [34mcolcon.colcon_core.verb[0m [1;30mLevel 5[0m set package 'motor_interfaces' build argument 'cmake_target' from command line to 'None'
[1.264s] [34mcolcon.colcon_core.verb[0m [1;30mLevel 5[0m set package 'motor_interfaces' build argument 'cmake_target_skip_unavailable' from command line to 'False'
[1.264s] [34mcolcon.colcon_core.verb[0m [1;30mLevel 5[0m set package 'motor_interfaces' build argument 'cmake_clean_cache' from command line to 'False'
[1.264s] [34mcolcon.colcon_core.verb[0m [1;30mLevel 5[0m set package 'motor_interfaces' build argument 'cmake_clean_first' from command line to 'False'
[1.265s] [34mcolcon.colcon_core.verb[0m [1;30mLevel 5[0m set package 'motor_interfaces' build argument 'cmake_force_configure' from command line to 'False'
[1.265s] [34mcolcon.colcon_core.verb[0m [1;30mLevel 5[0m set package 'motor_interfaces' build argument 'ament_cmake_args' from command line to 'None'
[1.265s] [34mcolcon.colcon_core.verb[0m [1;30mLevel 5[0m set package 'motor_interfaces' build argument 'catkin_cmake_args' from command line to 'None'
[1.265s] [34mcolcon.colcon_core.verb[0m [1;30mLevel 5[0m set package 'motor_interfaces' build argument 'catkin_skip_building_tests' from command line to 'False'
[1.265s] [34mcolcon.colcon_core.verb[0m [1;30mDEBUG[0m [32mBuilding package 'motor_interfaces' with the following arguments: {'ament_cmake_args': None, 'build_base': '/home/sunrise/Desktop/ros2_simreal_ws/src/drive_motor/motor/build/motor_interfaces', 'catkin_cmake_args': None, 'catkin_skip_building_tests': False, 'cmake_args': None, 'cmake_clean_cache': False, 'cmake_clean_first': False, 'cmake_force_configure': False, 'cmake_target': None, 'cmake_target_skip_unavailable': False, 'install_base': '/home/sunrise/Desktop/ros2_simreal_ws/src/drive_motor/motor/install/motor_interfaces', 'merge_install': False, 'path': '/home/sunrise/Desktop/ros2_simreal_ws/src/drive_motor/motor/src/motor_interfaces', 'symlink_install': False, 'test_result_base': None}[0m
[1.268s] [34mcolcon.colcon_core.verb[0m [1;30mLevel 5[0m set package 'drive_motor' build argument 'cmake_args' from command line to 'None'
[1.268s] [34mcolcon.colcon_core.verb[0m [1;30mLevel 5[0m set package 'drive_motor' build argument 'cmake_target' from command line to 'None'
[1.268s] [34mcolcon.colcon_core.verb[0m [1;30mLevel 5[0m set package 'drive_motor' build argument 'cmake_target_skip_unavailable' from command line to 'False'
[1.268s] [34mcolcon.colcon_core.verb[0m [1;30mLevel 5[0m set package 'drive_motor' build argument 'cmake_clean_cache' from command line to 'False'
[1.269s] [34mcolcon.colcon_core.verb[0m [1;30mLevel 5[0m set package 'drive_motor' build argument 'cmake_clean_first' from command line to 'False'
[1.269s] [34mcolcon.colcon_core.verb[0m [1;30mLevel 5[0m set package 'drive_motor' build argument 'cmake_force_configure' from command line to 'False'
[1.269s] [34mcolcon.colcon_core.verb[0m [1;30mLevel 5[0m set package 'drive_motor' build argument 'ament_cmake_args' from command line to 'None'
[1.269s] [34mcolcon.colcon_core.verb[0m [1;30mLevel 5[0m set package 'drive_motor' build argument 'catkin_cmake_args' from command line to 'None'
[1.269s] [34mcolcon.colcon_core.verb[0m [1;30mLevel 5[0m set package 'drive_motor' build argument 'catkin_skip_building_tests' from command line to 'False'
[1.269s] [34mcolcon.colcon_core.verb[0m [1;30mDEBUG[0m [32mBuilding package 'drive_motor' with the following arguments: {'ament_cmake_args': None, 'build_base': '/home/sunrise/Desktop/ros2_simreal_ws/src/drive_motor/motor/build/drive_motor', 'catkin_cmake_args': None, 'catkin_skip_building_tests': False, 'cmake_args': None, 'cmake_clean_cache': False, 'cmake_clean_first': False, 'cmake_force_configure': False, 'cmake_target': None, 'cmake_target_skip_unavailable': False, 'install_base': '/home/sunrise/Desktop/ros2_simreal_ws/src/drive_motor/motor/install/drive_motor', 'merge_install': False, 'path': '/home/sunrise/Desktop/ros2_simreal_ws/src/drive_motor/motor/src/drive_motor', 'symlink_install': False, 'test_result_base': None}[0m
[1.270s] [34mcolcon.colcon_core.executor[0m [1;30mINFO[0m Executing jobs using 'parallel' executor
[1.275s] [34mcolcon.colcon_parallel_executor.executor.parallel[0m [1;30mDEBUG[0m [32mrun_until_complete[0m
[1.276s] [34mcolcon.colcon_ros.task.ament_cmake.build[0m [1;30mINFO[0m Building ROS package in '/home/sunrise/Desktop/ros2_simreal_ws/src/drive_motor/motor/src/motor_interfaces' with build type 'ament_cmake'
[1.277s] [34mcolcon.colcon_cmake.task.cmake.build[0m [1;30mINFO[0m Building CMake package in '/home/sunrise/Desktop/ros2_simreal_ws/src/drive_motor/motor/src/motor_interfaces'
[1.287s] [34mcolcon.colcon_core.plugin_system[0m [1;30mINFO[0m Skipping extension 'colcon_core.shell.bat': Not used on non-Windows systems
[1.288s] [34mcolcon.colcon_core.shell[0m [1;30mINFO[0m Skip shell extension 'powershell' for command environment: Not usable outside of PowerShell
[1.289s] [34mcolcon.colcon_core.shell[0m [1;30mDEBUG[0m [32mSkip shell extension 'dsv' for command environment[0m
[1.318s] [34mcolcon.colcon_core.event_handler.log_command[0m [1;30mDEBUG[0m [32mInvoking command in '/home/sunrise/Desktop/ros2_simreal_ws/src/drive_motor/motor/build/motor_interfaces': CMAKE_PREFIX_PATH=/home/sunrise/Desktop/ros2_simreal_ws/install/sim2real:/opt/ros/humble /usr/bin/cmake /home/sunrise/Desktop/ros2_simreal_ws/src/drive_motor/motor/src/motor_interfaces -DCMAKE_INSTALL_PREFIX=/home/sunrise/Desktop/ros2_simreal_ws/src/drive_motor/motor/install/motor_interfaces[0m
[12.043s] [34mcolcon.colcon_core.event_handler.log_command[0m [1;30mDEBUG[0m [32mInvoked command in '/home/sunrise/Desktop/ros2_simreal_ws/src/drive_motor/motor/build/motor_interfaces' returned '0': CMAKE_PREFIX_PATH=/home/sunrise/Desktop/ros2_simreal_ws/install/sim2real:/opt/ros/humble /usr/bin/cmake /home/sunrise/Desktop/ros2_simreal_ws/src/drive_motor/motor/src/motor_interfaces -DCMAKE_INSTALL_PREFIX=/home/sunrise/Desktop/ros2_simreal_ws/src/drive_motor/motor/install/motor_interfaces[0m
[12.065s] [34mcolcon.colcon_core.event_handler.log_command[0m [1;30mDEBUG[0m [32mInvoking command in '/home/sunrise/Desktop/ros2_simreal_ws/src/drive_motor/motor/build/motor_interfaces': CMAKE_PREFIX_PATH=/home/sunrise/Desktop/ros2_simreal_ws/install/sim2real:/opt/ros/humble /usr/bin/cmake --build /home/sunrise/Desktop/ros2_simreal_ws/src/drive_motor/motor/build/motor_interfaces -- -j8 -l8[0m
[39.068s] [34mcolcon.colcon_core.event_handler.log_command[0m [1;30mDEBUG[0m [32mInvoked command in '/home/sunrise/Desktop/ros2_simreal_ws/src/drive_motor/motor/build/motor_interfaces' returned '0': CMAKE_PREFIX_PATH=/home/sunrise/Desktop/ros2_simreal_ws/install/sim2real:/opt/ros/humble /usr/bin/cmake --build /home/sunrise/Desktop/ros2_simreal_ws/src/drive_motor/motor/build/motor_interfaces -- -j8 -l8[0m
[39.125s] [34mcolcon.colcon_core.event_handler.log_command[0m [1;30mDEBUG[0m [32mInvoking command in '/home/sunrise/Desktop/ros2_simreal_ws/src/drive_motor/motor/build/motor_interfaces': CMAKE_PREFIX_PATH=/home/sunrise/Desktop/ros2_simreal_ws/install/sim2real:/opt/ros/humble /usr/bin/cmake --install /home/sunrise/Desktop/ros2_simreal_ws/src/drive_motor/motor/build/motor_interfaces[0m
[39.506s] [34mcolcon.colcon_core.environment[0m [1;30mLevel 1[0m create_environment_scripts_only(motor_interfaces)
[39.509s] [34mcolcon.colcon_core.event_handler.log_command[0m [1;30mDEBUG[0m [32mInvoked command in '/home/sunrise/Desktop/ros2_simreal_ws/src/drive_motor/motor/build/motor_interfaces' returned '0': CMAKE_PREFIX_PATH=/home/sunrise/Desktop/ros2_simreal_ws/install/sim2real:/opt/ros/humble /usr/bin/cmake --install /home/sunrise/Desktop/ros2_simreal_ws/src/drive_motor/motor/build/motor_interfaces[0m
[39.524s] [34mcolcon.colcon_core.environment[0m [1;30mLevel 1[0m checking '/home/sunrise/Desktop/ros2_simreal_ws/src/drive_motor/motor/install/motor_interfaces' for CMake module files
[39.529s] [34mcolcon.colcon_core.environment[0m [1;30mLevel 1[0m checking '/home/sunrise/Desktop/ros2_simreal_ws/src/drive_motor/motor/install/motor_interfaces' for CMake config files
[39.530s] [34mcolcon.colcon_core.shell[0m [1;30mLevel 1[0m create_environment_hook('motor_interfaces', 'cmake_prefix_path')
[39.532s] [34mcolcon.colcon_core.shell[0m [1;30mINFO[0m Creating environment hook '/home/sunrise/Desktop/ros2_simreal_ws/src/drive_motor/motor/install/motor_interfaces/share/motor_interfaces/hook/cmake_prefix_path.ps1'
[39.543s] [34mcolcon.colcon_core.shell[0m [1;30mINFO[0m Creating environment descriptor '/home/sunrise/Desktop/ros2_simreal_ws/src/drive_motor/motor/install/motor_interfaces/share/motor_interfaces/hook/cmake_prefix_path.dsv'
[39.546s] [34mcolcon.colcon_core.shell[0m [1;30mINFO[0m Creating environment hook '/home/sunrise/Desktop/ros2_simreal_ws/src/drive_motor/motor/install/motor_interfaces/share/motor_interfaces/hook/cmake_prefix_path.sh'
[39.551s] [34mcolcon.colcon_core.environment[0m [1;30mLevel 1[0m checking '/home/sunrise/Desktop/ros2_simreal_ws/src/drive_motor/motor/install/motor_interfaces/lib'
[39.552s] [34mcolcon.colcon_core.shell[0m [1;30mLevel 1[0m create_environment_hook('motor_interfaces', 'ld_library_path_lib')
[39.553s] [34mcolcon.colcon_core.shell[0m [1;30mINFO[0m Creating environment hook '/home/sunrise/Desktop/ros2_simreal_ws/src/drive_motor/motor/install/motor_interfaces/share/motor_interfaces/hook/ld_library_path_lib.ps1'
[39.556s] [34mcolcon.colcon_core.shell[0m [1;30mINFO[0m Creating environment descriptor '/home/sunrise/Desktop/ros2_simreal_ws/src/drive_motor/motor/install/motor_interfaces/share/motor_interfaces/hook/ld_library_path_lib.dsv'
[39.557s] [34mcolcon.colcon_core.shell[0m [1;30mINFO[0m Creating environment hook '/home/sunrise/Desktop/ros2_simreal_ws/src/drive_motor/motor/install/motor_interfaces/share/motor_interfaces/hook/ld_library_path_lib.sh'
[39.559s] [34mcolcon.colcon_core.environment[0m [1;30mLevel 1[0m checking '/home/sunrise/Desktop/ros2_simreal_ws/src/drive_motor/motor/install/motor_interfaces/bin'
[39.560s] [34mcolcon.colcon_core.environment[0m [1;30mLevel 1[0m checking '/home/sunrise/Desktop/ros2_simreal_ws/src/drive_motor/motor/install/motor_interfaces/lib/pkgconfig/motor_interfaces.pc'
[39.561s] [34mcolcon.colcon_core.environment[0m [1;30mLevel 1[0m checking '/home/sunrise/Desktop/ros2_simreal_ws/src/drive_motor/motor/install/motor_interfaces/lib/python3.10/site-packages'
[39.564s] [34mcolcon.colcon_core.environment[0m [1;30mLevel 1[0m checking '/home/sunrise/Desktop/ros2_simreal_ws/src/drive_motor/motor/install/motor_interfaces/bin'
[39.567s] [34mcolcon.colcon_core.shell[0m [1;30mINFO[0m Creating package script '/home/sunrise/Desktop/ros2_simreal_ws/src/drive_motor/motor/install/motor_interfaces/share/motor_interfaces/package.ps1'
[39.575s] [34mcolcon.colcon_core.shell[0m [1;30mINFO[0m Creating package descriptor '/home/sunrise/Desktop/ros2_simreal_ws/src/drive_motor/motor/install/motor_interfaces/share/motor_interfaces/package.dsv'
[39.580s] [34mcolcon.colcon_core.shell[0m [1;30mINFO[0m Creating package script '/home/sunrise/Desktop/ros2_simreal_ws/src/drive_motor/motor/install/motor_interfaces/share/motor_interfaces/package.sh'
[39.584s] [34mcolcon.colcon_core.shell[0m [1;30mINFO[0m Creating package script '/home/sunrise/Desktop/ros2_simreal_ws/src/drive_motor/motor/install/motor_interfaces/share/motor_interfaces/package.bash'
[39.589s] [34mcolcon.colcon_core.shell[0m [1;30mINFO[0m Creating package script '/home/sunrise/Desktop/ros2_simreal_ws/src/drive_motor/motor/install/motor_interfaces/share/motor_interfaces/package.zsh'
[39.593s] [34mcolcon.colcon_core.environment[0m [1;30mLevel 1[0m create_file_with_runtime_dependencies(/home/sunrise/Desktop/ros2_simreal_ws/src/drive_motor/motor/install/motor_interfaces/share/colcon-core/packages/motor_interfaces)
[39.598s] [34mcolcon.colcon_core.environment[0m [1;30mLevel 1[0m create_environment_scripts_only(motor_interfaces)
[39.600s] [34mcolcon.colcon_core.environment[0m [1;30mLevel 1[0m checking '/home/sunrise/Desktop/ros2_simreal_ws/src/drive_motor/motor/install/motor_interfaces' for CMake module files
[39.606s] [34mcolcon.colcon_core.environment[0m [1;30mLevel 1[0m checking '/home/sunrise/Desktop/ros2_simreal_ws/src/drive_motor/motor/install/motor_interfaces' for CMake config files
[39.608s] [34mcolcon.colcon_core.shell[0m [1;30mLevel 1[0m create_environment_hook('motor_interfaces', 'cmake_prefix_path')
[39.610s] [34mcolcon.colcon_core.shell[0m [1;30mINFO[0m Creating environment hook '/home/sunrise/Desktop/ros2_simreal_ws/src/drive_motor/motor/install/motor_interfaces/share/motor_interfaces/hook/cmake_prefix_path.ps1'
[39.613s] [34mcolcon.colcon_core.shell[0m [1;30mINFO[0m Creating environment descriptor '/home/sunrise/Desktop/ros2_simreal_ws/src/drive_motor/motor/install/motor_interfaces/share/motor_interfaces/hook/cmake_prefix_path.dsv'
[39.615s] [34mcolcon.colcon_core.shell[0m [1;30mINFO[0m Creating environment hook '/home/sunrise/Desktop/ros2_simreal_ws/src/drive_motor/motor/install/motor_interfaces/share/motor_interfaces/hook/cmake_prefix_path.sh'
[39.619s] [34mcolcon.colcon_core.environment[0m [1;30mLevel 1[0m checking '/home/sunrise/Desktop/ros2_simreal_ws/src/drive_motor/motor/install/motor_interfaces/lib'
[39.620s] [34mcolcon.colcon_core.shell[0m [1;30mLevel 1[0m create_environment_hook('motor_interfaces', 'ld_library_path_lib')
[39.622s] [34mcolcon.colcon_core.shell[0m [1;30mINFO[0m Creating environment hook '/home/sunrise/Desktop/ros2_simreal_ws/src/drive_motor/motor/install/motor_interfaces/share/motor_interfaces/hook/ld_library_path_lib.ps1'
[39.625s] [34mcolcon.colcon_core.shell[0m [1;30mINFO[0m Creating environment descriptor '/home/sunrise/Desktop/ros2_simreal_ws/src/drive_motor/motor/install/motor_interfaces/share/motor_interfaces/hook/ld_library_path_lib.dsv'
[39.627s] [34mcolcon.colcon_core.shell[0m [1;30mINFO[0m Creating environment hook '/home/sunrise/Desktop/ros2_simreal_ws/src/drive_motor/motor/install/motor_interfaces/share/motor_interfaces/hook/ld_library_path_lib.sh'
[39.629s] [34mcolcon.colcon_core.environment[0m [1;30mLevel 1[0m checking '/home/sunrise/Desktop/ros2_simreal_ws/src/drive_motor/motor/install/motor_interfaces/bin'
[39.630s] [34mcolcon.colcon_core.environment[0m [1;30mLevel 1[0m checking '/home/sunrise/Desktop/ros2_simreal_ws/src/drive_motor/motor/install/motor_interfaces/lib/pkgconfig/motor_interfaces.pc'
[39.631s] [34mcolcon.colcon_core.environment[0m [1;30mLevel 1[0m checking '/home/sunrise/Desktop/ros2_simreal_ws/src/drive_motor/motor/install/motor_interfaces/lib/python3.10/site-packages'
[39.634s] [34mcolcon.colcon_core.environment[0m [1;30mLevel 1[0m checking '/home/sunrise/Desktop/ros2_simreal_ws/src/drive_motor/motor/install/motor_interfaces/bin'
[39.636s] [34mcolcon.colcon_core.shell[0m [1;30mINFO[0m Creating package script '/home/sunrise/Desktop/ros2_simreal_ws/src/drive_motor/motor/install/motor_interfaces/share/motor_interfaces/package.ps1'
[39.641s] [34mcolcon.colcon_core.shell[0m [1;30mINFO[0m Creating package descriptor '/home/sunrise/Desktop/ros2_simreal_ws/src/drive_motor/motor/install/motor_interfaces/share/motor_interfaces/package.dsv'
[39.644s] [34mcolcon.colcon_core.shell[0m [1;30mINFO[0m Creating package script '/home/sunrise/Desktop/ros2_simreal_ws/src/drive_motor/motor/install/motor_interfaces/share/motor_interfaces/package.sh'
[39.647s] [34mcolcon.colcon_core.shell[0m [1;30mINFO[0m Creating package script '/home/sunrise/Desktop/ros2_simreal_ws/src/drive_motor/motor/install/motor_interfaces/share/motor_interfaces/package.bash'
[39.650s] [34mcolcon.colcon_core.shell[0m [1;30mINFO[0m Creating package script '/home/sunrise/Desktop/ros2_simreal_ws/src/drive_motor/motor/install/motor_interfaces/share/motor_interfaces/package.zsh'
[39.652s] [34mcolcon.colcon_core.environment[0m [1;30mLevel 1[0m create_file_with_runtime_dependencies(/home/sunrise/Desktop/ros2_simreal_ws/src/drive_motor/motor/install/motor_interfaces/share/colcon-core/packages/motor_interfaces)
[39.653s] [34mcolcon.colcon_ros.task.ament_cmake.build[0m [1;30mINFO[0m Building ROS package in '/home/sunrise/Desktop/ros2_simreal_ws/src/drive_motor/motor/src/drive_motor' with build type 'ament_cmake'
[39.654s] [34mcolcon.colcon_cmake.task.cmake.build[0m [1;30mINFO[0m Building CMake package in '/home/sunrise/Desktop/ros2_simreal_ws/src/drive_motor/motor/src/drive_motor'
[39.656s] [34mcolcon.colcon_core.shell[0m [1;30mINFO[0m Skip shell extension 'powershell' for command environment: Not usable outside of PowerShell
[39.656s] [34mcolcon.colcon_core.shell[0m [1;30mDEBUG[0m [32mSkip shell extension 'dsv' for command environment[0m
[39.696s] [34mcolcon.colcon_core.event_handler.log_command[0m [1;30mDEBUG[0m [32mInvoking command in '/home/sunrise/Desktop/ros2_simreal_ws/src/drive_motor/motor/build/drive_motor': AMENT_PREFIX_PATH=/home/sunrise/Desktop/ros2_simreal_ws/src/drive_motor/motor/install/motor_interfaces:${AMENT_PREFIX_PATH} CMAKE_PREFIX_PATH=/home/sunrise/Desktop/ros2_simreal_ws/src/drive_motor/motor/install/motor_interfaces:/home/sunrise/Desktop/ros2_simreal_ws/install/sim2real:/opt/ros/humble LD_LIBRARY_PATH=/home/sunrise/Desktop/ros2_simreal_ws/src/drive_motor/motor/install/motor_interfaces/lib:/opt/ros/humble/lib/aarch64-linux-gnu:/opt/ros/humble/lib:/usr/hobot/lib:/app/lib:/app/pub/lib:/middleware/lib:/middleware/pub/lib:/usr/hobot/lib/sensor:/system/lib:/system/usr/lib:/lib PYTHONPATH=/home/sunrise/Desktop/ros2_simreal_ws/src/drive_motor/motor/install/motor_interfaces/local/lib/python3.10/dist-packages:${PYTHONPATH} /usr/bin/cmake /home/sunrise/Desktop/ros2_simreal_ws/src/drive_motor/motor/src/drive_motor -DCMAKE_INSTALL_PREFIX=/home/sunrise/Desktop/ros2_simreal_ws/src/drive_motor/motor/install/drive_motor[0m
[47.263s] [34mcolcon.colcon_core.event_handler.log_command[0m [1;30mDEBUG[0m [32mInvoked command in '/home/sunrise/Desktop/ros2_simreal_ws/src/drive_motor/motor/build/drive_motor' returned '0': AMENT_PREFIX_PATH=/home/sunrise/Desktop/ros2_simreal_ws/src/drive_motor/motor/install/motor_interfaces:${AMENT_PREFIX_PATH} CMAKE_PREFIX_PATH=/home/sunrise/Desktop/ros2_simreal_ws/src/drive_motor/motor/install/motor_interfaces:/home/sunrise/Desktop/ros2_simreal_ws/install/sim2real:/opt/ros/humble LD_LIBRARY_PATH=/home/sunrise/Desktop/ros2_simreal_ws/src/drive_motor/motor/install/motor_interfaces/lib:/opt/ros/humble/lib/aarch64-linux-gnu:/opt/ros/humble/lib:/usr/hobot/lib:/app/lib:/app/pub/lib:/middleware/lib:/middleware/pub/lib:/usr/hobot/lib/sensor:/system/lib:/system/usr/lib:/lib PYTHONPATH=/home/sunrise/Desktop/ros2_simreal_ws/src/drive_motor/motor/install/motor_interfaces/local/lib/python3.10/dist-packages:${PYTHONPATH} /usr/bin/cmake /home/sunrise/Desktop/ros2_simreal_ws/src/drive_motor/motor/src/drive_motor -DCMAKE_INSTALL_PREFIX=/home/sunrise/Desktop/ros2_simreal_ws/src/drive_motor/motor/install/drive_motor[0m
[47.275s] [34mcolcon.colcon_core.event_handler.log_command[0m [1;30mDEBUG[0m [32mInvoking command in '/home/sunrise/Desktop/ros2_simreal_ws/src/drive_motor/motor/build/drive_motor': AMENT_PREFIX_PATH=/home/sunrise/Desktop/ros2_simreal_ws/src/drive_motor/motor/install/motor_interfaces:${AMENT_PREFIX_PATH} CMAKE_PREFIX_PATH=/home/sunrise/Desktop/ros2_simreal_ws/src/drive_motor/motor/install/motor_interfaces:/home/sunrise/Desktop/ros2_simreal_ws/install/sim2real:/opt/ros/humble LD_LIBRARY_PATH=/home/sunrise/Desktop/ros2_simreal_ws/src/drive_motor/motor/install/motor_interfaces/lib:/opt/ros/humble/lib/aarch64-linux-gnu:/opt/ros/humble/lib:/usr/hobot/lib:/app/lib:/app/pub/lib:/middleware/lib:/middleware/pub/lib:/usr/hobot/lib/sensor:/system/lib:/system/usr/lib:/lib PYTHONPATH=/home/sunrise/Desktop/ros2_simreal_ws/src/drive_motor/motor/install/motor_interfaces/local/lib/python3.10/dist-packages:${PYTHONPATH} /usr/bin/cmake --build /home/sunrise/Desktop/ros2_simreal_ws/src/drive_motor/motor/build/drive_motor -- -j8 -l8[0m
[122.027s] [34mcolcon.colcon_core.event_handler.log_command[0m [1;30mDEBUG[0m [32mInvoked command in '/home/sunrise/Desktop/ros2_simreal_ws/src/drive_motor/motor/build/drive_motor' returned '0': AMENT_PREFIX_PATH=/home/sunrise/Desktop/ros2_simreal_ws/src/drive_motor/motor/install/motor_interfaces:${AMENT_PREFIX_PATH} CMAKE_PREFIX_PATH=/home/sunrise/Desktop/ros2_simreal_ws/src/drive_motor/motor/install/motor_interfaces:/home/sunrise/Desktop/ros2_simreal_ws/install/sim2real:/opt/ros/humble LD_LIBRARY_PATH=/home/sunrise/Desktop/ros2_simreal_ws/src/drive_motor/motor/install/motor_interfaces/lib:/opt/ros/humble/lib/aarch64-linux-gnu:/opt/ros/humble/lib:/usr/hobot/lib:/app/lib:/app/pub/lib:/middleware/lib:/middleware/pub/lib:/usr/hobot/lib/sensor:/system/lib:/system/usr/lib:/lib PYTHONPATH=/home/sunrise/Desktop/ros2_simreal_ws/src/drive_motor/motor/install/motor_interfaces/local/lib/python3.10/dist-packages:${PYTHONPATH} /usr/bin/cmake --build /home/sunrise/Desktop/ros2_simreal_ws/src/drive_motor/motor/build/drive_motor -- -j8 -l8[0m
[122.038s] [34mcolcon.colcon_core.event_handler.log_command[0m [1;30mDEBUG[0m [32mInvoking command in '/home/sunrise/Desktop/ros2_simreal_ws/src/drive_motor/motor/build/drive_motor': AMENT_PREFIX_PATH=/home/sunrise/Desktop/ros2_simreal_ws/src/drive_motor/motor/install/motor_interfaces:${AMENT_PREFIX_PATH} CMAKE_PREFIX_PATH=/home/sunrise/Desktop/ros2_simreal_ws/src/drive_motor/motor/install/motor_interfaces:/home/sunrise/Desktop/ros2_simreal_ws/install/sim2real:/opt/ros/humble LD_LIBRARY_PATH=/home/sunrise/Desktop/ros2_simreal_ws/src/drive_motor/motor/install/motor_interfaces/lib:/opt/ros/humble/lib/aarch64-linux-gnu:/opt/ros/humble/lib:/usr/hobot/lib:/app/lib:/app/pub/lib:/middleware/lib:/middleware/pub/lib:/usr/hobot/lib/sensor:/system/lib:/system/usr/lib:/lib PYTHONPATH=/home/sunrise/Desktop/ros2_simreal_ws/src/drive_motor/motor/install/motor_interfaces/local/lib/python3.10/dist-packages:${PYTHONPATH} /usr/bin/cmake --install /home/sunrise/Desktop/ros2_simreal_ws/src/drive_motor/motor/build/drive_motor[0m
[122.134s] [34mcolcon.colcon_core.environment[0m [1;30mLevel 1[0m create_environment_scripts_only(drive_motor)
[122.136s] [34mcolcon.colcon_core.environment[0m [1;30mLevel 1[0m checking '/home/sunrise/Desktop/ros2_simreal_ws/src/drive_motor/motor/install/drive_motor' for CMake module files
[122.139s] [34mcolcon.colcon_core.event_handler.log_command[0m [1;30mDEBUG[0m [32mInvoked command in '/home/sunrise/Desktop/ros2_simreal_ws/src/drive_motor/motor/build/drive_motor' returned '0': AMENT_PREFIX_PATH=/home/sunrise/Desktop/ros2_simreal_ws/src/drive_motor/motor/install/motor_interfaces:${AMENT_PREFIX_PATH} CMAKE_PREFIX_PATH=/home/sunrise/Desktop/ros2_simreal_ws/src/drive_motor/motor/install/motor_interfaces:/home/sunrise/Desktop/ros2_simreal_ws/install/sim2real:/opt/ros/humble LD_LIBRARY_PATH=/home/sunrise/Desktop/ros2_simreal_ws/src/drive_motor/motor/install/motor_interfaces/lib:/opt/ros/humble/lib/aarch64-linux-gnu:/opt/ros/humble/lib:/usr/hobot/lib:/app/lib:/app/pub/lib:/middleware/lib:/middleware/pub/lib:/usr/hobot/lib/sensor:/system/lib:/system/usr/lib:/lib PYTHONPATH=/home/sunrise/Desktop/ros2_simreal_ws/src/drive_motor/motor/install/motor_interfaces/local/lib/python3.10/dist-packages:${PYTHONPATH} /usr/bin/cmake --install /home/sunrise/Desktop/ros2_simreal_ws/src/drive_motor/motor/build/drive_motor[0m
[122.142s] [34mcolcon.colcon_core.environment[0m [1;30mLevel 1[0m checking '/home/sunrise/Desktop/ros2_simreal_ws/src/drive_motor/motor/install/drive_motor' for CMake config files
[122.143s] [34mcolcon.colcon_core.shell[0m [1;30mLevel 1[0m create_environment_hook('drive_motor', 'cmake_prefix_path')
[122.145s] [34mcolcon.colcon_core.shell[0m [1;30mINFO[0m Creating environment hook '/home/sunrise/Desktop/ros2_simreal_ws/src/drive_motor/motor/install/drive_motor/share/drive_motor/hook/cmake_prefix_path.ps1'
[122.147s] [34mcolcon.colcon_core.shell[0m [1;30mINFO[0m Creating environment descriptor '/home/sunrise/Desktop/ros2_simreal_ws/src/drive_motor/motor/install/drive_motor/share/drive_motor/hook/cmake_prefix_path.dsv'
[122.149s] [34mcolcon.colcon_core.shell[0m [1;30mINFO[0m Creating environment hook '/home/sunrise/Desktop/ros2_simreal_ws/src/drive_motor/motor/install/drive_motor/share/drive_motor/hook/cmake_prefix_path.sh'
[122.152s] [34mcolcon.colcon_core.environment[0m [1;30mLevel 1[0m checking '/home/sunrise/Desktop/ros2_simreal_ws/src/drive_motor/motor/install/drive_motor/lib'
[122.153s] [34mcolcon.colcon_core.shell[0m [1;30mLevel 1[0m create_environment_hook('drive_motor', 'ld_library_path_lib')
[122.156s] [34mcolcon.colcon_core.shell[0m [1;30mINFO[0m Creating environment hook '/home/sunrise/Desktop/ros2_simreal_ws/src/drive_motor/motor/install/drive_motor/share/drive_motor/hook/ld_library_path_lib.ps1'
[122.160s] [34mcolcon.colcon_core.shell[0m [1;30mINFO[0m Creating environment descriptor '/home/sunrise/Desktop/ros2_simreal_ws/src/drive_motor/motor/install/drive_motor/share/drive_motor/hook/ld_library_path_lib.dsv'
[122.163s] [34mcolcon.colcon_core.shell[0m [1;30mINFO[0m Creating environment hook '/home/sunrise/Desktop/ros2_simreal_ws/src/drive_motor/motor/install/drive_motor/share/drive_motor/hook/ld_library_path_lib.sh'
[122.166s] [34mcolcon.colcon_core.environment[0m [1;30mLevel 1[0m checking '/home/sunrise/Desktop/ros2_simreal_ws/src/drive_motor/motor/install/drive_motor/bin'
[122.167s] [34mcolcon.colcon_core.environment[0m [1;30mLevel 1[0m checking '/home/sunrise/Desktop/ros2_simreal_ws/src/drive_motor/motor/install/drive_motor/lib/pkgconfig/drive_motor.pc'
[122.170s] [34mcolcon.colcon_core.environment[0m [1;30mLevel 1[0m checking '/home/sunrise/Desktop/ros2_simreal_ws/src/drive_motor/motor/install/drive_motor/lib/python3.10/site-packages'
[122.174s] [34mcolcon.colcon_core.environment[0m [1;30mLevel 1[0m checking '/home/sunrise/Desktop/ros2_simreal_ws/src/drive_motor/motor/install/drive_motor/bin'
[122.176s] [34mcolcon.colcon_core.shell[0m [1;30mINFO[0m Creating package script '/home/sunrise/Desktop/ros2_simreal_ws/src/drive_motor/motor/install/drive_motor/share/drive_motor/package.ps1'
[122.181s] [34mcolcon.colcon_core.shell[0m [1;30mINFO[0m Creating package descriptor '/home/sunrise/Desktop/ros2_simreal_ws/src/drive_motor/motor/install/drive_motor/share/drive_motor/package.dsv'
[122.184s] [34mcolcon.colcon_core.shell[0m [1;30mINFO[0m Creating package script '/home/sunrise/Desktop/ros2_simreal_ws/src/drive_motor/motor/install/drive_motor/share/drive_motor/package.sh'
[122.187s] [34mcolcon.colcon_core.shell[0m [1;30mINFO[0m Creating package script '/home/sunrise/Desktop/ros2_simreal_ws/src/drive_motor/motor/install/drive_motor/share/drive_motor/package.bash'
[122.189s] [34mcolcon.colcon_core.shell[0m [1;30mINFO[0m Creating package script '/home/sunrise/Desktop/ros2_simreal_ws/src/drive_motor/motor/install/drive_motor/share/drive_motor/package.zsh'
[122.191s] [34mcolcon.colcon_core.environment[0m [1;30mLevel 1[0m create_file_with_runtime_dependencies(/home/sunrise/Desktop/ros2_simreal_ws/src/drive_motor/motor/install/drive_motor/share/colcon-core/packages/drive_motor)
[122.195s] [34mcolcon.colcon_core.environment[0m [1;30mLevel 1[0m create_environment_scripts_only(drive_motor)
[122.196s] [34mcolcon.colcon_core.environment[0m [1;30mLevel 1[0m checking '/home/sunrise/Desktop/ros2_simreal_ws/src/drive_motor/motor/install/drive_motor' for CMake module files
[122.200s] [34mcolcon.colcon_core.environment[0m [1;30mLevel 1[0m checking '/home/sunrise/Desktop/ros2_simreal_ws/src/drive_motor/motor/install/drive_motor' for CMake config files
[122.202s] [34mcolcon.colcon_core.shell[0m [1;30mLevel 1[0m create_environment_hook('drive_motor', 'cmake_prefix_path')
[122.203s] [34mcolcon.colcon_core.shell[0m [1;30mINFO[0m Creating environment hook '/home/sunrise/Desktop/ros2_simreal_ws/src/drive_motor/motor/install/drive_motor/share/drive_motor/hook/cmake_prefix_path.ps1'
[122.206s] [34mcolcon.colcon_core.shell[0m [1;30mINFO[0m Creating environment descriptor '/home/sunrise/Desktop/ros2_simreal_ws/src/drive_motor/motor/install/drive_motor/share/drive_motor/hook/cmake_prefix_path.dsv'
[122.208s] [34mcolcon.colcon_core.shell[0m [1;30mINFO[0m Creating environment hook '/home/sunrise/Desktop/ros2_simreal_ws/src/drive_motor/motor/install/drive_motor/share/drive_motor/hook/cmake_prefix_path.sh'
[122.212s] [34mcolcon.colcon_core.environment[0m [1;30mLevel 1[0m checking '/home/sunrise/Desktop/ros2_simreal_ws/src/drive_motor/motor/install/drive_motor/lib'
[122.213s] [34mcolcon.colcon_core.shell[0m [1;30mLevel 1[0m create_environment_hook('drive_motor', 'ld_library_path_lib')
[122.215s] [34mcolcon.colcon_core.shell[0m [1;30mINFO[0m Creating environment hook '/home/sunrise/Desktop/ros2_simreal_ws/src/drive_motor/motor/install/drive_motor/share/drive_motor/hook/ld_library_path_lib.ps1'
[122.219s] [34mcolcon.colcon_core.shell[0m [1;30mINFO[0m Creating environment descriptor '/home/sunrise/Desktop/ros2_simreal_ws/src/drive_motor/motor/install/drive_motor/share/drive_motor/hook/ld_library_path_lib.dsv'
[122.221s] [34mcolcon.colcon_core.shell[0m [1;30mINFO[0m Creating environment hook '/home/sunrise/Desktop/ros2_simreal_ws/src/drive_motor/motor/install/drive_motor/share/drive_motor/hook/ld_library_path_lib.sh'
[122.224s] [34mcolcon.colcon_core.environment[0m [1;30mLevel 1[0m checking '/home/sunrise/Desktop/ros2_simreal_ws/src/drive_motor/motor/install/drive_motor/bin'
[122.225s] [34mcolcon.colcon_core.environment[0m [1;30mLevel 1[0m checking '/home/sunrise/Desktop/ros2_simreal_ws/src/drive_motor/motor/install/drive_motor/lib/pkgconfig/drive_motor.pc'
[122.226s] [34mcolcon.colcon_core.environment[0m [1;30mLevel 1[0m checking '/home/sunrise/Desktop/ros2_simreal_ws/src/drive_motor/motor/install/drive_motor/lib/python3.10/site-packages'
[122.228s] [34mcolcon.colcon_core.environment[0m [1;30mLevel 1[0m checking '/home/sunrise/Desktop/ros2_simreal_ws/src/drive_motor/motor/install/drive_motor/bin'
[122.230s] [34mcolcon.colcon_core.shell[0m [1;30mINFO[0m Creating package script '/home/sunrise/Desktop/ros2_simreal_ws/src/drive_motor/motor/install/drive_motor/share/drive_motor/package.ps1'
[122.235s] [34mcolcon.colcon_core.shell[0m [1;30mINFO[0m Creating package descriptor '/home/sunrise/Desktop/ros2_simreal_ws/src/drive_motor/motor/install/drive_motor/share/drive_motor/package.dsv'
[122.238s] [34mcolcon.colcon_core.shell[0m [1;30mINFO[0m Creating package script '/home/sunrise/Desktop/ros2_simreal_ws/src/drive_motor/motor/install/drive_motor/share/drive_motor/package.sh'
[122.240s] [34mcolcon.colcon_core.shell[0m [1;30mINFO[0m Creating package script '/home/sunrise/Desktop/ros2_simreal_ws/src/drive_motor/motor/install/drive_motor/share/drive_motor/package.bash'
[122.243s] [34mcolcon.colcon_core.shell[0m [1;30mINFO[0m Creating package script '/home/sunrise/Desktop/ros2_simreal_ws/src/drive_motor/motor/install/drive_motor/share/drive_motor/package.zsh'
[122.245s] [34mcolcon.colcon_core.environment[0m [1;30mLevel 1[0m create_file_with_runtime_dependencies(/home/sunrise/Desktop/ros2_simreal_ws/src/drive_motor/motor/install/drive_motor/share/colcon-core/packages/drive_motor)
[122.246s] [34mcolcon.colcon_parallel_executor.executor.parallel[0m [1;30mDEBUG[0m [32mclosing loop[0m
[122.248s] [34mcolcon.colcon_parallel_executor.executor.parallel[0m [1;30mDEBUG[0m [32mloop closed[0m
[122.248s] [34mcolcon.colcon_parallel_executor.executor.parallel[0m [1;30mDEBUG[0m [32mrun_until_complete finished with '0'[0m
[122.249s] [34mcolcon.colcon_core.event_reactor[0m [1;30mDEBUG[0m [32mjoining thread[0m
[122.282s] [34mcolcon.colcon_core.plugin_system[0m [1;30mINFO[0m Skipping extension 'colcon_notification.desktop_notification.notify_send': Could not find 'notify-send'
[122.283s] [34mcolcon.colcon_core.plugin_system[0m [1;30mINFO[0m Skipping extension 'colcon_notification.desktop_notification.terminal_notifier': Not used on non-Darwin systems
[122.283s] [34mcolcon.colcon_core.plugin_system[0m [1;30mINFO[0m Skipping extension 'colcon_notification.desktop_notification.win32': Not used on non-Windows systems
[122.284s] [34mcolcon.colcon_notification.desktop_notification[0m [1;30mINFO[0m Sending desktop notification using 'notify2'
[122.342s] [34mcolcon.colcon_core.event_reactor[0m [1;30mDEBUG[0m [32mjoined thread[0m
[122.344s] [34mcolcon.colcon_core.shell[0m [1;30mINFO[0m Creating prefix script '/home/sunrise/Desktop/ros2_simreal_ws/src/drive_motor/motor/install/local_setup.ps1'
[122.350s] [34mcolcon.colcon_core.shell[0m [1;30mINFO[0m Creating prefix util module '/home/sunrise/Desktop/ros2_simreal_ws/src/drive_motor/motor/install/_local_setup_util_ps1.py'
[122.359s] [34mcolcon.colcon_core.shell[0m [1;30mINFO[0m Creating prefix chain script '/home/sunrise/Desktop/ros2_simreal_ws/src/drive_motor/motor/install/setup.ps1'
[122.366s] [34mcolcon.colcon_core.shell[0m [1;30mINFO[0m Creating prefix script '/home/sunrise/Desktop/ros2_simreal_ws/src/drive_motor/motor/install/local_setup.sh'
[122.370s] [34mcolcon.colcon_core.shell[0m [1;30mINFO[0m Creating prefix util module '/home/sunrise/Desktop/ros2_simreal_ws/src/drive_motor/motor/install/_local_setup_util_sh.py'
[122.374s] [34mcolcon.colcon_core.shell[0m [1;30mINFO[0m Creating prefix chain script '/home/sunrise/Desktop/ros2_simreal_ws/src/drive_motor/motor/install/setup.sh'
[122.381s] [34mcolcon.colcon_core.shell[0m [1;30mINFO[0m Creating prefix script '/home/sunrise/Desktop/ros2_simreal_ws/src/drive_motor/motor/install/local_setup.bash'
[122.384s] [34mcolcon.colcon_core.shell[0m [1;30mINFO[0m Creating prefix chain script '/home/sunrise/Desktop/ros2_simreal_ws/src/drive_motor/motor/install/setup.bash'
[122.389s] [34mcolcon.colcon_core.shell[0m [1;30mINFO[0m Creating prefix script '/home/sunrise/Desktop/ros2_simreal_ws/src/drive_motor/motor/install/local_setup.zsh'
[122.391s] [34mcolcon.colcon_core.shell[0m [1;30mINFO[0m Creating prefix chain script '/home/sunrise/Desktop/ros2_simreal_ws/src/drive_motor/motor/install/setup.zsh'
