gmake: Warning: File 'Makefile' has modification time 835690603 s in the future
gmake[1]: Warning: File 'CMakeFiles/Makefile2' has modification time 835690603 s in the future
gmake[2]: Warning: File 'CMakeFiles/lpms_ig1_node.dir/flags.make' has modification time 835690603 s in the future
gmake[2]: Warning: File 'CMakeFiles/lpms_be1_node.dir/flags.make' has modification time 835690603 s in the future
gmake[2]: Warning: File 'CMakeFiles/lpms_nav3_node.dir/flags.make' has modification time 835690603 s in the future
gmake[2]: Warning: File 'CMakeFiles/lpms_ig1_rs485_node.dir/flags.make' has modification time 835690603 s in the future
gmake[2]: Warning: File 'CMakeFiles/lpms_ig1_rs485_client.dir/flags.make' has modification time 835690603 s in the future
gmake[2]: Warning: File 'CMakeFiles/lpms_si1_node.dir/flags.make' has modification time 835690603 s in the future
gmake[2]: Warning: File 'CMakeFiles/imudata_rad_to_deg_node.dir/flags.make' has modification time 835690603 s in the future
gmake[2]: Warning: File 'CMakeFiles/quat_to_euler_node.dir/flags.make' has modification time 835690603 s in the future
gmake[2]: warning:  Clock skew detected.  Your build may be incomplete.
gmake[2]: warning:  Clock skew detected.  Your build may be incomplete.
gmake[2]: warning:  Clock skew detected.  Your build may be incomplete.
gmake[2]: warning:  Clock skew detected.  Your build may be incomplete.
gmake[2]: warning:  Clock skew detected.  Your build may be incomplete.
gmake[2]: Warning: File 'CMakeFiles/quat_to_euler_node.dir/flags.make' has modification time 835690603 s in the future
gmake[2]: Warning: File 'CMakeFiles/lpms_nav3_node.dir/flags.make' has modification time 835690603 s in the future
gmake[2]: warning:  Clock skew detected.  Your build may be incomplete.
gmake[2]: warning:  Clock skew detected.  Your build may be incomplete.
gmake[2]: Warning: File 'CMakeFiles/imudata_rad_to_deg_node.dir/flags.make' has modification time 835690603 s in the future
gmake[2]: Warning: File 'CMakeFiles/lpms_ig1_rs485_client.dir/flags.make' has modification time 835690603 s in the future
gmake[2]: Warning: File 'CMakeFiles/lpms_be1_node.dir/flags.make' has modification time 835690603 s in the future
gmake[2]: warning:  Clock skew detected.  Your build may be incomplete.
gmake[2]: Warning: File 'CMakeFiles/lpms_ig1_rs485_node.dir/flags.make' has modification time 835690603 s in the future
gmake[2]: Warning: File 'CMakeFiles/lpms_ig1_node.dir/flags.make' has modification time 835690603 s in the future
gmake[2]: Warning: File 'CMakeFiles/lpms_si1_node.dir/flags.make' has modification time 835690603 s in the future
