[0.059s] Invoking command in '/home/sunrise/Desktop/ros2_simreal_ws/src/LPMS-SI2_imu/ros_ws/build/lpms_ig1': CMAKE_PREFIX_PATH=/home/sunrise/Desktop/ros2_simreal_ws/install/sim2real:/opt/ros/humble /usr/bin/cmake --build /home/sunrise/Desktop/ros2_simreal_ws/src/LPMS-SI2_imu/ros_ws/build/lpms_ig1 -- -j8 -l8
[0.190s] gmake: Warning: File 'Makefile' has modification time 835690603 s in the future
[0.363s] gmake[1]: Warning: File 'CMakeFiles/Makefile2' has modification time 835690603 s in the future
[0.375s] gmake[2]: Warning: File 'CMakeFiles/lpms_ig1_node.dir/flags.make' has modification time 835690603 s in the future
[0.376s] gmake[2]: Warning: File 'CMakeFiles/lpms_be1_node.dir/flags.make' has modification time 835690603 s in the future
[0.377s] gmake[2]: Warning: File 'CMakeFiles/lpms_nav3_node.dir/flags.make' has modification time 835690603 s in the future
[0.379s] gmake[2]: Warning: File 'CMakeFiles/lpms_ig1_rs485_node.dir/flags.make' has modification time 835690603 s in the future
[0.380s] gmake[2]: Warning: File 'CMakeFiles/lpms_ig1_rs485_client.dir/flags.make' has modification time 835690603 s in the future
[0.381s] gmake[2]: Warning: File 'CMakeFiles/lpms_si1_node.dir/flags.make' has modification time 835690603 s in the future
[0.382s] gmake[2]: Warning: File 'CMakeFiles/imudata_rad_to_deg_node.dir/flags.make' has modification time 835690603 s in the future
[0.383s] gmake[2]: Warning: File 'CMakeFiles/quat_to_euler_node.dir/flags.make' has modification time 835690603 s in the future
[0.421s] gmake[2]: warning:  Clock skew detected.  Your build may be incomplete.
[0.422s] gmake[2]: warning:  Clock skew detected.  Your build may be incomplete.
[0.423s] gmake[2]: warning:  Clock skew detected.  Your build may be incomplete.
[0.424s] gmake[2]: warning:  Clock skew detected.  Your build may be incomplete.
[0.429s] gmake[2]: warning:  Clock skew detected.  Your build may be incomplete.
[0.437s] gmake[2]: Warning: File 'CMakeFiles/quat_to_euler_node.dir/flags.make' has modification time 835690603 s in the future
[0.438s] gmake[2]: Warning: File 'CMakeFiles/lpms_nav3_node.dir/flags.make' has modification time 835690603 s in the future
[0.439s] gmake[2]: warning:  Clock skew detected.  Your build may be incomplete.
[0.439s] gmake[2]: warning:  Clock skew detected.  Your build may be incomplete.
[0.440s] gmake[2]: Warning: File 'CMakeFiles/imudata_rad_to_deg_node.dir/flags.make' has modification time 835690603 s in the future
[0.441s] gmake[2]: Warning: File 'CMakeFiles/lpms_ig1_rs485_client.dir/flags.make' has modification time 835690603 s in the future
[0.441s] gmake[2]: Warning: File 'CMakeFiles/lpms_be1_node.dir/flags.make' has modification time 835690603 s in the future
[0.443s] gmake[2]: warning:  Clock skew detected.  Your build may be incomplete.
[0.444s] gmake[2]: Warning: File 'CMakeFiles/lpms_ig1_rs485_node.dir/flags.make' has modification time 835690603 s in the future
[0.444s] gmake[2]: Warning: File 'CMakeFiles/lpms_ig1_node.dir/flags.make' has modification time 835690603 s in the future
[0.448s] gmake[2]: Warning: File 'CMakeFiles/lpms_si1_node.dir/flags.make' has modification time 835690603 s in the future
[0.470s] [  6%] [32mBuilding CXX object CMakeFiles/imudata_rad_to_deg_node.dir/src/imudata_rad_to_deg_node.cpp.o[0m
[0.472s] [ 12%] [32mBuilding CXX object CMakeFiles/lpms_nav3_node.dir/src/lpms_nav3_node.cpp.o[0m
[0.473s] [ 18%] [32mBuilding CXX object CMakeFiles/lpms_be1_node.dir/src/lpms_be1_node.cpp.o[0m
[0.478s] [ 25%] [32mBuilding CXX object CMakeFiles/quat_to_euler_node.dir/src/quat_to_euler_node.cpp.o[0m
[0.482s] [ 31%] [32mBuilding CXX object CMakeFiles/lpms_ig1_rs485_client.dir/src/lpms_ig1_rs485_client.cpp.o[0m
[0.488s] [ 37%] [32mBuilding CXX object CMakeFiles/lpms_si1_node.dir/src/lpms_si1_node.cpp.o[0m
[0.492s] [ 43%] [32mBuilding CXX object CMakeFiles/lpms_ig1_rs485_node.dir/src/lpms_ig1_rs485_node.cpp.o[0m
[0.502s] [ 50%] [32mBuilding CXX object CMakeFiles/lpms_ig1_node.dir/src/lpms_ig1_node.cpp.o[0m
